ARM GAS  C:\Users\Greg\AppData\Local\Temp\ccQyjsNX.s 			page 1


   1              		.syntax unified
   2              		.cpu cortex-m3
   3              		.fpu softvfp
   4              		.eabi_attribute 20, 1
   5              		.eabi_attribute 21, 1
   6              		.eabi_attribute 23, 3
   7              		.eabi_attribute 24, 1
   8              		.eabi_attribute 25, 1
   9              		.eabi_attribute 26, 1
  10              		.eabi_attribute 30, 6
  11              		.eabi_attribute 34, 1
  12              		.eabi_attribute 18, 4
  13              		.thumb
  14              		.file	"Cm3Start.c"
  15              		.text
  16              	.Ltext0:
  17              		.cfi_sections	.debug_frame
  18              		.section	.noinit,"aw",%progbits
  19              		.align	2
  20              		.type	cySysNoInitDataValid, %object
  21              		.size	cySysNoInitDataValid, 4
  22              	cySysNoInitDataValid:
  23 0000 00000000 		.space	4
  24              		.global	CyRamVectors
  25              		.section	.ramvectors,"aw",%progbits
  26              		.align	8
  27              		.type	CyRamVectors, %object
  28              		.size	CyRamVectors, 192
  29              	CyRamVectors:
  30 0000 00000000 		.space	192
  30      00000000 
  30      00000000 
  30      00000000 
  30      00000000 
  31 00c0 00000000 		.section	.text.IntDefaultHandler,"ax",%progbits
  31      00000000 
  31      00000000 
  31      00000000 
  31      00000000 
  32              		.align	2
  33              		.global	IntDefaultHandler
  34              		.thumb
  35              		.thumb_func
  36              		.type	IntDefaultHandler, %function
  37              	IntDefaultHandler:
  38              	.LFB0:
  39              		.file 1 "Generated_Source\\PSoC5\\Cm3Start.c"
   1:Generated_Source\PSoC5/Cm3Start.c **** /***************************************************************************//**
   2:Generated_Source\PSoC5/Cm3Start.c **** * \file Cm3Start.c
   3:Generated_Source\PSoC5/Cm3Start.c **** * \version 5.50
   4:Generated_Source\PSoC5/Cm3Start.c **** *
   5:Generated_Source\PSoC5/Cm3Start.c **** *  \brief
   6:Generated_Source\PSoC5/Cm3Start.c **** *  Startup code for the ARM CM3.
   7:Generated_Source\PSoC5/Cm3Start.c **** *
   8:Generated_Source\PSoC5/Cm3Start.c **** ********************************************************************************
   9:Generated_Source\PSoC5/Cm3Start.c **** * \copyright
  10:Generated_Source\PSoC5/Cm3Start.c **** * Copyright 2008-2016, Cypress Semiconductor Corporation. All rights reserved.
ARM GAS  C:\Users\Greg\AppData\Local\Temp\ccQyjsNX.s 			page 2


  11:Generated_Source\PSoC5/Cm3Start.c **** * You may use this file only in accordance with the license, terms, conditions,
  12:Generated_Source\PSoC5/Cm3Start.c **** * disclaimers, and limitations in the end user license agreement accompanying
  13:Generated_Source\PSoC5/Cm3Start.c **** * the software package with which this file was provided.
  14:Generated_Source\PSoC5/Cm3Start.c **** *******************************************************************************/
  15:Generated_Source\PSoC5/Cm3Start.c **** 
  16:Generated_Source\PSoC5/Cm3Start.c **** #include <limits.h>
  17:Generated_Source\PSoC5/Cm3Start.c **** #include "cydevice_trm.h"
  18:Generated_Source\PSoC5/Cm3Start.c **** #include "cytypes.h"
  19:Generated_Source\PSoC5/Cm3Start.c **** #include "cyfitter_cfg.h"
  20:Generated_Source\PSoC5/Cm3Start.c **** #include "CyLib.h"
  21:Generated_Source\PSoC5/Cm3Start.c **** #include "CyDmac.h"
  22:Generated_Source\PSoC5/Cm3Start.c **** #include "cyfitter.h"
  23:Generated_Source\PSoC5/Cm3Start.c **** 
  24:Generated_Source\PSoC5/Cm3Start.c **** 
  25:Generated_Source\PSoC5/Cm3Start.c **** #define CY_NUM_INTERRUPTS           (32u)
  26:Generated_Source\PSoC5/Cm3Start.c **** #define CY_NUM_VECTORS              (CYINT_IRQ_BASE + CY_NUM_INTERRUPTS)
  27:Generated_Source\PSoC5/Cm3Start.c **** #define CY_NUM_ROM_VECTORS          (4u)
  28:Generated_Source\PSoC5/Cm3Start.c **** #define CY_NVIC_APINT_PTR           ((reg32 *) CYREG_NVIC_APPLN_INTR)
  29:Generated_Source\PSoC5/Cm3Start.c **** #define CY_NVIC_CFG_CTRL_PTR        ((reg32 *) CYREG_NVIC_CFG_CONTROL)
  30:Generated_Source\PSoC5/Cm3Start.c **** #define CY_NVIC_APINT_PRIGROUP_3_5  (0x00000400u)  /* Priority group 3.5 split */
  31:Generated_Source\PSoC5/Cm3Start.c **** #define CY_NVIC_APINT_VECTKEY       (0x05FA0000u)  /* This key is required in order to write the NV
  32:Generated_Source\PSoC5/Cm3Start.c **** #define CY_NVIC_CFG_STACKALIGN      (0x00000200u)  /* This specifies that the exception stack must 
  33:Generated_Source\PSoC5/Cm3Start.c **** 
  34:Generated_Source\PSoC5/Cm3Start.c **** #if defined(__ARMCC_VERSION)
  35:Generated_Source\PSoC5/Cm3Start.c ****     #define INITIAL_STACK_POINTER ((cyisraddress)(uint32)&Image$$ARM_LIB_STACK$$ZI$$Limit)
  36:Generated_Source\PSoC5/Cm3Start.c **** #elif defined (__GNUC__)
  37:Generated_Source\PSoC5/Cm3Start.c ****     #define INITIAL_STACK_POINTER (&__cy_stack)
  38:Generated_Source\PSoC5/Cm3Start.c **** #elif defined (__ICCARM__)
  39:Generated_Source\PSoC5/Cm3Start.c ****     #pragma language=extended
  40:Generated_Source\PSoC5/Cm3Start.c ****     #pragma segment="CSTACK"
  41:Generated_Source\PSoC5/Cm3Start.c ****     #define INITIAL_STACK_POINTER  { .__ptr = __sfe( "CSTACK" ) }
  42:Generated_Source\PSoC5/Cm3Start.c **** 
  43:Generated_Source\PSoC5/Cm3Start.c ****     extern void __iar_program_start( void );
  44:Generated_Source\PSoC5/Cm3Start.c ****     extern void __iar_data_init3 (void);
  45:Generated_Source\PSoC5/Cm3Start.c **** #endif  /* (__ARMCC_VERSION) */
  46:Generated_Source\PSoC5/Cm3Start.c **** 
  47:Generated_Source\PSoC5/Cm3Start.c **** #if defined(__GNUC__)
  48:Generated_Source\PSoC5/Cm3Start.c ****     #include <errno.h>
  49:Generated_Source\PSoC5/Cm3Start.c ****     extern int  errno;
  50:Generated_Source\PSoC5/Cm3Start.c ****     extern int  end;
  51:Generated_Source\PSoC5/Cm3Start.c **** #endif  /* defined(__GNUC__) */
  52:Generated_Source\PSoC5/Cm3Start.c **** 
  53:Generated_Source\PSoC5/Cm3Start.c **** /* Extern functions */
  54:Generated_Source\PSoC5/Cm3Start.c **** extern void CyBtldr_CheckLaunch(void);
  55:Generated_Source\PSoC5/Cm3Start.c **** 
  56:Generated_Source\PSoC5/Cm3Start.c **** /* Function prototypes */
  57:Generated_Source\PSoC5/Cm3Start.c **** void initialize_psoc(void);
  58:Generated_Source\PSoC5/Cm3Start.c **** CY_ISR(IntDefaultHandler);
  59:Generated_Source\PSoC5/Cm3Start.c **** void Reset(void);
  60:Generated_Source\PSoC5/Cm3Start.c **** 
  61:Generated_Source\PSoC5/Cm3Start.c **** /* Global variables */
  62:Generated_Source\PSoC5/Cm3Start.c **** #if !defined (__ICCARM__)
  63:Generated_Source\PSoC5/Cm3Start.c ****     CY_NOINIT static uint32 cySysNoInitDataValid;
  64:Generated_Source\PSoC5/Cm3Start.c **** #endif  /* !defined (__ICCARM__) */
  65:Generated_Source\PSoC5/Cm3Start.c **** 
  66:Generated_Source\PSoC5/Cm3Start.c **** 
  67:Generated_Source\PSoC5/Cm3Start.c **** /*******************************************************************************
ARM GAS  C:\Users\Greg\AppData\Local\Temp\ccQyjsNX.s 			page 3


  68:Generated_Source\PSoC5/Cm3Start.c **** * Default Ram Interrupt Vector table storage area. Must be 256-byte aligned.
  69:Generated_Source\PSoC5/Cm3Start.c **** *******************************************************************************/
  70:Generated_Source\PSoC5/Cm3Start.c **** #if defined (__ICCARM__)
  71:Generated_Source\PSoC5/Cm3Start.c ****     #pragma location=".ramvectors"
  72:Generated_Source\PSoC5/Cm3Start.c ****     #pragma data_alignment=256
  73:Generated_Source\PSoC5/Cm3Start.c **** #else
  74:Generated_Source\PSoC5/Cm3Start.c ****     CY_SECTION(".ramvectors")
  75:Generated_Source\PSoC5/Cm3Start.c ****     CY_ALIGN(256)
  76:Generated_Source\PSoC5/Cm3Start.c **** #endif  /* defined (__ICCARM__) */
  77:Generated_Source\PSoC5/Cm3Start.c **** cyisraddress CyRamVectors[CY_NUM_VECTORS];
  78:Generated_Source\PSoC5/Cm3Start.c **** 
  79:Generated_Source\PSoC5/Cm3Start.c **** 
  80:Generated_Source\PSoC5/Cm3Start.c **** /*******************************************************************************
  81:Generated_Source\PSoC5/Cm3Start.c **** * Function Name: IntDefaultHandler
  82:Generated_Source\PSoC5/Cm3Start.c **** ****************************************************************************//**
  83:Generated_Source\PSoC5/Cm3Start.c **** *
  84:Generated_Source\PSoC5/Cm3Start.c **** *  This function is called for all interrupts, other than a reset that gets
  85:Generated_Source\PSoC5/Cm3Start.c **** *  called before the system is setup.
  86:Generated_Source\PSoC5/Cm3Start.c **** *
  87:Generated_Source\PSoC5/Cm3Start.c **** * Theory:
  88:Generated_Source\PSoC5/Cm3Start.c **** *  Any value other than zero is acceptable.
  89:Generated_Source\PSoC5/Cm3Start.c **** *
  90:Generated_Source\PSoC5/Cm3Start.c **** *******************************************************************************/
  91:Generated_Source\PSoC5/Cm3Start.c **** CY_ISR(IntDefaultHandler)
  92:Generated_Source\PSoC5/Cm3Start.c **** {
  40              		.loc 1 92 0
  41              		.cfi_startproc
  42              		@ args = 0, pretend = 0, frame = 0
  43              		@ frame_needed = 1, uses_anonymous_args = 0
  44 0000 80B5     		push	{r7, lr}
  45              		.cfi_def_cfa_offset 8
  46              		.cfi_offset 7, -8
  47              		.cfi_offset 14, -4
  48 0002 00AF     		add	r7, sp, #0
  49              		.cfi_def_cfa_register 7
  93:Generated_Source\PSoC5/Cm3Start.c ****     /***************************************************************************
  94:Generated_Source\PSoC5/Cm3Start.c ****     * We must not get here. If we do, a serious problem occurs, so go into
  95:Generated_Source\PSoC5/Cm3Start.c ****     * an infinite loop.
  96:Generated_Source\PSoC5/Cm3Start.c ****     ***************************************************************************/
  97:Generated_Source\PSoC5/Cm3Start.c **** 
  98:Generated_Source\PSoC5/Cm3Start.c ****     #if defined(__GNUC__)
  99:Generated_Source\PSoC5/Cm3Start.c ****         if (errno == ENOMEM)
  50              		.loc 1 99 0
  51 0004 FFF7FEFF 		bl	__errno
  52 0008 0346     		mov	r3, r0
  53 000a 1B68     		ldr	r3, [r3]
  54 000c 0C2B     		cmp	r3, #12
  55 000e 00D1     		bne	.L2
  56              	.L3:
 100:Generated_Source\PSoC5/Cm3Start.c ****         {
 101:Generated_Source\PSoC5/Cm3Start.c ****             #ifdef CY_BOOT_INT_DEFAULT_HANDLER_ENOMEM_EXCEPTION_CALLBACK
 102:Generated_Source\PSoC5/Cm3Start.c ****                 CyBoot_IntDefaultHandler_Enomem_Exception_Callback();
 103:Generated_Source\PSoC5/Cm3Start.c ****             #endif /* CY_BOOT_INT_DEFAULT_HANDLER_ENOMEM_EXCEPTION_CALLBACK */
 104:Generated_Source\PSoC5/Cm3Start.c ****             
 105:Generated_Source\PSoC5/Cm3Start.c ****             while(1)
 106:Generated_Source\PSoC5/Cm3Start.c ****             {
 107:Generated_Source\PSoC5/Cm3Start.c ****                 /* Out Of Heap Space
ARM GAS  C:\Users\Greg\AppData\Local\Temp\ccQyjsNX.s 			page 4


 108:Generated_Source\PSoC5/Cm3Start.c ****                  * This can be increased in the System tab of the Design Wide Resources.
 109:Generated_Source\PSoC5/Cm3Start.c ****                  */
 110:Generated_Source\PSoC5/Cm3Start.c ****             }
  57              		.loc 1 110 0 discriminator 1
  58 0010 FEE7     		b	.L3
  59              	.L2:
 111:Generated_Source\PSoC5/Cm3Start.c ****         }
 112:Generated_Source\PSoC5/Cm3Start.c ****         else
 113:Generated_Source\PSoC5/Cm3Start.c ****     #endif
 114:Generated_Source\PSoC5/Cm3Start.c ****         {
 115:Generated_Source\PSoC5/Cm3Start.c ****             #ifdef CY_BOOT_INT_DEFAULT_HANDLER_EXCEPTION_ENTRY_CALLBACK
 116:Generated_Source\PSoC5/Cm3Start.c ****                 CyBoot_IntDefaultHandler_Exception_EntryCallback();
 117:Generated_Source\PSoC5/Cm3Start.c ****             #endif /* CY_BOOT_INT_DEFAULT_HANDLER_EXCEPTION_ENTRY_CALLBACK */
 118:Generated_Source\PSoC5/Cm3Start.c **** 
 119:Generated_Source\PSoC5/Cm3Start.c ****             while(1)
 120:Generated_Source\PSoC5/Cm3Start.c ****             {
 121:Generated_Source\PSoC5/Cm3Start.c **** 
 122:Generated_Source\PSoC5/Cm3Start.c ****             }
  60              		.loc 1 122 0 discriminator 2
  61 0012 FEE7     		b	.L2
  62              		.cfi_endproc
  63              	.LFE0:
  64              		.size	IntDefaultHandler, .-IntDefaultHandler
  65              		.section	.text._exit,"ax",%progbits
  66              		.align	2
  67              		.weak	_exit
  68              		.thumb
  69              		.thumb_func
  70              		.type	_exit, %function
  71              	_exit:
  72              	.LFB1:
 123:Generated_Source\PSoC5/Cm3Start.c ****         }
 124:Generated_Source\PSoC5/Cm3Start.c **** }
 125:Generated_Source\PSoC5/Cm3Start.c **** 
 126:Generated_Source\PSoC5/Cm3Start.c **** 
 127:Generated_Source\PSoC5/Cm3Start.c **** #if defined(__ARMCC_VERSION)
 128:Generated_Source\PSoC5/Cm3Start.c **** 
 129:Generated_Source\PSoC5/Cm3Start.c **** /* Local function for device reset. */
 130:Generated_Source\PSoC5/Cm3Start.c **** extern void Reset(void);
 131:Generated_Source\PSoC5/Cm3Start.c **** 
 132:Generated_Source\PSoC5/Cm3Start.c **** /* Application entry point. */
 133:Generated_Source\PSoC5/Cm3Start.c **** extern void $Super$$main(void);
 134:Generated_Source\PSoC5/Cm3Start.c **** 
 135:Generated_Source\PSoC5/Cm3Start.c **** /* Linker-generated Stack Base addresses, Two Region and One Region */
 136:Generated_Source\PSoC5/Cm3Start.c **** extern uint32 Image$$ARM_LIB_STACK$$ZI$$Limit;
 137:Generated_Source\PSoC5/Cm3Start.c **** 
 138:Generated_Source\PSoC5/Cm3Start.c **** /* RealView C Library initialization. */
 139:Generated_Source\PSoC5/Cm3Start.c **** extern int __main(void);
 140:Generated_Source\PSoC5/Cm3Start.c **** 
 141:Generated_Source\PSoC5/Cm3Start.c **** 
 142:Generated_Source\PSoC5/Cm3Start.c **** /*******************************************************************************
 143:Generated_Source\PSoC5/Cm3Start.c **** * Function Name: Reset
 144:Generated_Source\PSoC5/Cm3Start.c **** ****************************************************************************//**
 145:Generated_Source\PSoC5/Cm3Start.c **** *
 146:Generated_Source\PSoC5/Cm3Start.c **** *  This function handles the reset interrupt for the RVDS/MDK toolchains.
 147:Generated_Source\PSoC5/Cm3Start.c **** *  This is the first bit of code that is executed at startup.
 148:Generated_Source\PSoC5/Cm3Start.c **** *
ARM GAS  C:\Users\Greg\AppData\Local\Temp\ccQyjsNX.s 			page 5


 149:Generated_Source\PSoC5/Cm3Start.c **** *******************************************************************************/
 150:Generated_Source\PSoC5/Cm3Start.c **** void Reset(void)
 151:Generated_Source\PSoC5/Cm3Start.c **** {
 152:Generated_Source\PSoC5/Cm3Start.c ****     #if(CYDEV_PROJ_TYPE != CYDEV_PROJ_TYPE_LOADABLE && CYDEV_PROJ_TYPE != CYDEV_PROJ_TYPE_LOADABLEA
 153:Generated_Source\PSoC5/Cm3Start.c **** 
 154:Generated_Source\PSoC5/Cm3Start.c ****         /* For PSoC 5LP, debugging is enabled by default */
 155:Generated_Source\PSoC5/Cm3Start.c ****         #if(CYDEV_DEBUGGING_ENABLE == 0)
 156:Generated_Source\PSoC5/Cm3Start.c ****             *(reg32 *)(CYDEV_DEBUG_ENABLE_REGISTER) |= CYDEV_DEBUG_ENABLE_MASK;
 157:Generated_Source\PSoC5/Cm3Start.c ****         #endif /* (CYDEV_DEBUGGING_ENABLE) */
 158:Generated_Source\PSoC5/Cm3Start.c **** 
 159:Generated_Source\PSoC5/Cm3Start.c ****         /* Reset Status Register has Read-to-clear SW access mode.
 160:Generated_Source\PSoC5/Cm3Start.c ****         * Preserve current RESET_SR0 state to make it available for next reading.
 161:Generated_Source\PSoC5/Cm3Start.c ****         */
 162:Generated_Source\PSoC5/Cm3Start.c ****         *(reg32 *)(CYREG_PHUB_CFGMEM23_CFG1) = *(reg32 *)(CYREG_RESET_SR0);
 163:Generated_Source\PSoC5/Cm3Start.c **** 
 164:Generated_Source\PSoC5/Cm3Start.c ****     #endif  /* (CYDEV_PROJ_TYPE != CYDEV_PROJ_TYPE_LOADABLE && CYDEV_PROJ_TYPE != CYDEV_PROJ_TYPE_L
 165:Generated_Source\PSoC5/Cm3Start.c **** 
 166:Generated_Source\PSoC5/Cm3Start.c ****     #if ((CYDEV_BOOTLOADER_ENABLE) && (CYDEV_PROJ_TYPE != CYDEV_PROJ_TYPE_LOADABLEANDBOOTLOADER))
 167:Generated_Source\PSoC5/Cm3Start.c ****         CyBtldr_CheckLaunch();
 168:Generated_Source\PSoC5/Cm3Start.c ****     #endif /* ((CYDEV_BOOTLOADER_ENABLE) && (CYDEV_PROJ_TYPE != CYDEV_PROJ_TYPE_LOADABLEANDBOOTLOAD
 169:Generated_Source\PSoC5/Cm3Start.c **** 
 170:Generated_Source\PSoC5/Cm3Start.c ****     __main();
 171:Generated_Source\PSoC5/Cm3Start.c **** }
 172:Generated_Source\PSoC5/Cm3Start.c **** 
 173:Generated_Source\PSoC5/Cm3Start.c **** 
 174:Generated_Source\PSoC5/Cm3Start.c **** /*******************************************************************************
 175:Generated_Source\PSoC5/Cm3Start.c **** * Function Name: $Sub$$main
 176:Generated_Source\PSoC5/Cm3Start.c **** ****************************************************************************//**
 177:Generated_Source\PSoC5/Cm3Start.c **** *
 178:Generated_Source\PSoC5/Cm3Start.c **** *  This function is called immediately before the users main
 179:Generated_Source\PSoC5/Cm3Start.c **** *
 180:Generated_Source\PSoC5/Cm3Start.c **** *******************************************************************************/
 181:Generated_Source\PSoC5/Cm3Start.c **** void $Sub$$main(void)
 182:Generated_Source\PSoC5/Cm3Start.c **** {
 183:Generated_Source\PSoC5/Cm3Start.c ****     initialize_psoc();
 184:Generated_Source\PSoC5/Cm3Start.c **** 
 185:Generated_Source\PSoC5/Cm3Start.c ****     /* Call original main */
 186:Generated_Source\PSoC5/Cm3Start.c ****     $Super$$main();
 187:Generated_Source\PSoC5/Cm3Start.c **** 
 188:Generated_Source\PSoC5/Cm3Start.c ****     while (1)
 189:Generated_Source\PSoC5/Cm3Start.c ****     {
 190:Generated_Source\PSoC5/Cm3Start.c ****         /* If main returns, it is undefined what we should do. */
 191:Generated_Source\PSoC5/Cm3Start.c ****     }
 192:Generated_Source\PSoC5/Cm3Start.c **** }
 193:Generated_Source\PSoC5/Cm3Start.c **** 
 194:Generated_Source\PSoC5/Cm3Start.c **** #elif defined(__GNUC__)
 195:Generated_Source\PSoC5/Cm3Start.c **** 
 196:Generated_Source\PSoC5/Cm3Start.c **** void Start_c(void);
 197:Generated_Source\PSoC5/Cm3Start.c **** 
 198:Generated_Source\PSoC5/Cm3Start.c **** /* Stack Base address */
 199:Generated_Source\PSoC5/Cm3Start.c **** extern void __cy_stack(void);
 200:Generated_Source\PSoC5/Cm3Start.c **** 
 201:Generated_Source\PSoC5/Cm3Start.c **** /* Application entry point. */
 202:Generated_Source\PSoC5/Cm3Start.c **** extern int main(void);
 203:Generated_Source\PSoC5/Cm3Start.c **** 
 204:Generated_Source\PSoC5/Cm3Start.c **** /* Static objects constructors initializer */
 205:Generated_Source\PSoC5/Cm3Start.c **** extern void __libc_init_array(void);
ARM GAS  C:\Users\Greg\AppData\Local\Temp\ccQyjsNX.s 			page 6


 206:Generated_Source\PSoC5/Cm3Start.c **** 
 207:Generated_Source\PSoC5/Cm3Start.c **** typedef unsigned char __cy_byte_align8 __attribute ((aligned (8)));
 208:Generated_Source\PSoC5/Cm3Start.c **** 
 209:Generated_Source\PSoC5/Cm3Start.c **** struct __cy_region
 210:Generated_Source\PSoC5/Cm3Start.c **** {
 211:Generated_Source\PSoC5/Cm3Start.c ****     __cy_byte_align8 *init; /* Initial contents of this region.  */
 212:Generated_Source\PSoC5/Cm3Start.c ****     __cy_byte_align8 *data; /* Start address of region.  */
 213:Generated_Source\PSoC5/Cm3Start.c ****     size_t init_size;       /* Size of initial data.  */
 214:Generated_Source\PSoC5/Cm3Start.c ****     size_t zero_size;       /* Additional size to be zeroed.  */
 215:Generated_Source\PSoC5/Cm3Start.c **** };
 216:Generated_Source\PSoC5/Cm3Start.c **** 
 217:Generated_Source\PSoC5/Cm3Start.c **** extern const struct __cy_region __cy_regions[];
 218:Generated_Source\PSoC5/Cm3Start.c **** extern const char __cy_region_num __attribute__((weak));
 219:Generated_Source\PSoC5/Cm3Start.c **** #define __cy_region_num ((size_t)&__cy_region_num)
 220:Generated_Source\PSoC5/Cm3Start.c **** 
 221:Generated_Source\PSoC5/Cm3Start.c **** 
 222:Generated_Source\PSoC5/Cm3Start.c **** /*******************************************************************************
 223:Generated_Source\PSoC5/Cm3Start.c **** * System Calls of the Red Hat newlib C Library
 224:Generated_Source\PSoC5/Cm3Start.c **** *******************************************************************************/
 225:Generated_Source\PSoC5/Cm3Start.c **** 
 226:Generated_Source\PSoC5/Cm3Start.c **** 
 227:Generated_Source\PSoC5/Cm3Start.c **** /*******************************************************************************
 228:Generated_Source\PSoC5/Cm3Start.c **** * Function Name: _exit
 229:Generated_Source\PSoC5/Cm3Start.c **** ****************************************************************************//**
 230:Generated_Source\PSoC5/Cm3Start.c **** *
 231:Generated_Source\PSoC5/Cm3Start.c **** *  Exit a program without cleaning up files. If your system doesn't provide
 232:Generated_Source\PSoC5/Cm3Start.c **** *  this, it is best to avoid linking with subroutines that require it (exit,
 233:Generated_Source\PSoC5/Cm3Start.c **** *  system).
 234:Generated_Source\PSoC5/Cm3Start.c **** *
 235:Generated_Source\PSoC5/Cm3Start.c **** *  \param status: Status caused program exit.
 236:Generated_Source\PSoC5/Cm3Start.c **** *
 237:Generated_Source\PSoC5/Cm3Start.c **** *******************************************************************************/
 238:Generated_Source\PSoC5/Cm3Start.c **** __attribute__((weak))
 239:Generated_Source\PSoC5/Cm3Start.c **** void _exit(int status)
 240:Generated_Source\PSoC5/Cm3Start.c **** {
  73              		.loc 1 240 0
  74              		.cfi_startproc
  75              		@ args = 0, pretend = 0, frame = 8
  76              		@ frame_needed = 1, uses_anonymous_args = 0
  77 0000 80B5     		push	{r7, lr}
  78              		.cfi_def_cfa_offset 8
  79              		.cfi_offset 7, -8
  80              		.cfi_offset 14, -4
  81 0002 82B0     		sub	sp, sp, #8
  82              		.cfi_def_cfa_offset 16
  83 0004 00AF     		add	r7, sp, #0
  84              		.cfi_def_cfa_register 7
  85 0006 7860     		str	r0, [r7, #4]
 241:Generated_Source\PSoC5/Cm3Start.c ****     CyHalt((uint8) status);
  86              		.loc 1 241 0
  87 0008 7B68     		ldr	r3, [r7, #4]
  88 000a DBB2     		uxtb	r3, r3
  89 000c 1846     		mov	r0, r3
  90 000e FFF7FEFF 		bl	CyHalt
  91              	.L5:
 242:Generated_Source\PSoC5/Cm3Start.c ****     while(1)
 243:Generated_Source\PSoC5/Cm3Start.c ****     {
ARM GAS  C:\Users\Greg\AppData\Local\Temp\ccQyjsNX.s 			page 7


 244:Generated_Source\PSoC5/Cm3Start.c **** 
 245:Generated_Source\PSoC5/Cm3Start.c ****     }
  92              		.loc 1 245 0 discriminator 1
  93 0012 FEE7     		b	.L5
  94              		.cfi_endproc
  95              	.LFE1:
  96              		.size	_exit, .-_exit
  97              		.section	.text._sbrk,"ax",%progbits
  98              		.align	2
  99              		.weak	_sbrk
 100              		.thumb
 101              		.thumb_func
 102              		.type	_sbrk, %function
 103              	_sbrk:
 104              	.LFB2:
 246:Generated_Source\PSoC5/Cm3Start.c **** }
 247:Generated_Source\PSoC5/Cm3Start.c **** 
 248:Generated_Source\PSoC5/Cm3Start.c **** 
 249:Generated_Source\PSoC5/Cm3Start.c **** /*******************************************************************************
 250:Generated_Source\PSoC5/Cm3Start.c **** * Function Name: _sbrk
 251:Generated_Source\PSoC5/Cm3Start.c **** ****************************************************************************//**
 252:Generated_Source\PSoC5/Cm3Start.c **** *
 253:Generated_Source\PSoC5/Cm3Start.c **** *  Increase program data space. As malloc and related functions depend on this,
 254:Generated_Source\PSoC5/Cm3Start.c **** *  it is useful to have a working implementation. The following suffices for a
 255:Generated_Source\PSoC5/Cm3Start.c **** *  standalone system; it exploits the symbol end automatically defined by the
 256:Generated_Source\PSoC5/Cm3Start.c **** *  GNU linker.
 257:Generated_Source\PSoC5/Cm3Start.c **** *
 258:Generated_Source\PSoC5/Cm3Start.c **** *  \param nbytes: The number of bytes requested (if the parameter value is positive)
 259:Generated_Source\PSoC5/Cm3Start.c **** *  from the heap or returned back to the heap (if the parameter value is
 260:Generated_Source\PSoC5/Cm3Start.c **** *  negative).
 261:Generated_Source\PSoC5/Cm3Start.c **** *
 262:Generated_Source\PSoC5/Cm3Start.c **** *******************************************************************************/
 263:Generated_Source\PSoC5/Cm3Start.c **** __attribute__((weak))
 264:Generated_Source\PSoC5/Cm3Start.c **** void * _sbrk (int nbytes)
 265:Generated_Source\PSoC5/Cm3Start.c **** {
 105              		.loc 1 265 0
 106              		.cfi_startproc
 107              		@ args = 0, pretend = 0, frame = 16
 108              		@ frame_needed = 1, uses_anonymous_args = 0
 109 0000 80B5     		push	{r7, lr}
 110              		.cfi_def_cfa_offset 8
 111              		.cfi_offset 7, -8
 112              		.cfi_offset 14, -4
 113 0002 84B0     		sub	sp, sp, #16
 114              		.cfi_def_cfa_offset 24
 115 0004 00AF     		add	r7, sp, #0
 116              		.cfi_def_cfa_register 7
 117 0006 7860     		str	r0, [r7, #4]
 266:Generated_Source\PSoC5/Cm3Start.c ****     extern int  end;            /* Symbol defined by linker map. Start of free memory (as symbol). 
 267:Generated_Source\PSoC5/Cm3Start.c ****     void *      returnValue;
 268:Generated_Source\PSoC5/Cm3Start.c **** 
 269:Generated_Source\PSoC5/Cm3Start.c ****     /* The statically held previous end of the heap, with its initialization. */
 270:Generated_Source\PSoC5/Cm3Start.c ****     static void *heapPointer = (void *) &end;                 /* Previous end */
 271:Generated_Source\PSoC5/Cm3Start.c **** 
 272:Generated_Source\PSoC5/Cm3Start.c ****     if (((heapPointer + nbytes) - (void *) &end) <= CYDEV_HEAP_SIZE)
 118              		.loc 1 272 0
 119 0008 0F4B     		ldr	r3, .L10
ARM GAS  C:\Users\Greg\AppData\Local\Temp\ccQyjsNX.s 			page 8


 120 000a 1A68     		ldr	r2, [r3]
 121 000c 7B68     		ldr	r3, [r7, #4]
 122 000e 1344     		add	r3, r3, r2
 123 0010 1A46     		mov	r2, r3
 124 0012 0E4B     		ldr	r3, .L10+4
 125 0014 D31A     		subs	r3, r2, r3
 126 0016 802B     		cmp	r3, #128
 127 0018 09DC     		bgt	.L7
 273:Generated_Source\PSoC5/Cm3Start.c ****     {
 274:Generated_Source\PSoC5/Cm3Start.c ****         returnValue  = heapPointer;
 128              		.loc 1 274 0
 129 001a 0B4B     		ldr	r3, .L10
 130 001c 1B68     		ldr	r3, [r3]
 131 001e FB60     		str	r3, [r7, #12]
 275:Generated_Source\PSoC5/Cm3Start.c ****         heapPointer += nbytes;
 132              		.loc 1 275 0
 133 0020 094B     		ldr	r3, .L10
 134 0022 1A68     		ldr	r2, [r3]
 135 0024 7B68     		ldr	r3, [r7, #4]
 136 0026 1344     		add	r3, r3, r2
 137 0028 074A     		ldr	r2, .L10
 138 002a 1360     		str	r3, [r2]
 139 002c 07E0     		b	.L8
 140              	.L7:
 276:Generated_Source\PSoC5/Cm3Start.c ****     }
 277:Generated_Source\PSoC5/Cm3Start.c ****     else
 278:Generated_Source\PSoC5/Cm3Start.c ****     {
 279:Generated_Source\PSoC5/Cm3Start.c ****         errno = ENOMEM;
 141              		.loc 1 279 0
 142 002e FFF7FEFF 		bl	__errno
 143 0032 0246     		mov	r2, r0
 144 0034 0C23     		movs	r3, #12
 145 0036 1360     		str	r3, [r2]
 280:Generated_Source\PSoC5/Cm3Start.c ****         returnValue = (void *) -1;
 146              		.loc 1 280 0
 147 0038 4FF0FF33 		mov	r3, #-1
 148 003c FB60     		str	r3, [r7, #12]
 149              	.L8:
 281:Generated_Source\PSoC5/Cm3Start.c ****     }
 282:Generated_Source\PSoC5/Cm3Start.c **** 
 283:Generated_Source\PSoC5/Cm3Start.c ****     return (returnValue);
 150              		.loc 1 283 0
 151 003e FB68     		ldr	r3, [r7, #12]
 284:Generated_Source\PSoC5/Cm3Start.c **** }
 152              		.loc 1 284 0
 153 0040 1846     		mov	r0, r3
 154 0042 1037     		adds	r7, r7, #16
 155              		.cfi_def_cfa_offset 8
 156 0044 BD46     		mov	sp, r7
 157              		.cfi_def_cfa_register 13
 158              		@ sp needed
 159 0046 80BD     		pop	{r7, pc}
 160              	.L11:
 161              		.align	2
 162              	.L10:
 163 0048 00000000 		.word	heapPointer.4947
 164 004c 00000000 		.word	end
ARM GAS  C:\Users\Greg\AppData\Local\Temp\ccQyjsNX.s 			page 9


 165              		.cfi_endproc
 166              	.LFE2:
 167              		.size	_sbrk, .-_sbrk
 168              		.section	.text.Reset,"ax",%progbits
 169              		.align	2
 170              		.global	Reset
 171              		.thumb
 172              		.thumb_func
 173              		.type	Reset, %function
 174              	Reset:
 175              	.LFB3:
 285:Generated_Source\PSoC5/Cm3Start.c **** 
 286:Generated_Source\PSoC5/Cm3Start.c **** 
 287:Generated_Source\PSoC5/Cm3Start.c **** /*******************************************************************************
 288:Generated_Source\PSoC5/Cm3Start.c **** * Function Name: Reset
 289:Generated_Source\PSoC5/Cm3Start.c **** ****************************************************************************//**
 290:Generated_Source\PSoC5/Cm3Start.c **** *
 291:Generated_Source\PSoC5/Cm3Start.c **** *  This function handles the reset interrupt for the GCC toolchain. This is the
 292:Generated_Source\PSoC5/Cm3Start.c **** *  first bit of code that is executed at startup.
 293:Generated_Source\PSoC5/Cm3Start.c **** *
 294:Generated_Source\PSoC5/Cm3Start.c **** *******************************************************************************/
 295:Generated_Source\PSoC5/Cm3Start.c **** void Reset(void)
 296:Generated_Source\PSoC5/Cm3Start.c **** {
 176              		.loc 1 296 0
 177              		.cfi_startproc
 178              		@ args = 0, pretend = 0, frame = 0
 179              		@ frame_needed = 1, uses_anonymous_args = 0
 180 0000 80B5     		push	{r7, lr}
 181              		.cfi_def_cfa_offset 8
 182              		.cfi_offset 7, -8
 183              		.cfi_offset 14, -4
 184 0002 00AF     		add	r7, sp, #0
 185              		.cfi_def_cfa_register 7
 297:Generated_Source\PSoC5/Cm3Start.c ****     #if(CYDEV_PROJ_TYPE != CYDEV_PROJ_TYPE_LOADABLE && CYDEV_PROJ_TYPE != CYDEV_PROJ_TYPE_LOADABLEA
 298:Generated_Source\PSoC5/Cm3Start.c **** 
 299:Generated_Source\PSoC5/Cm3Start.c ****         /* For PSoC 5LP, debugging is enabled by default */
 300:Generated_Source\PSoC5/Cm3Start.c ****         #if(CYDEV_DEBUGGING_ENABLE == 0)
 301:Generated_Source\PSoC5/Cm3Start.c ****             *(reg32 *)(CYDEV_DEBUG_ENABLE_REGISTER) |= CYDEV_DEBUG_ENABLE_MASK;
 302:Generated_Source\PSoC5/Cm3Start.c ****         #endif /* (CYDEV_DEBUGGING_ENABLE) */
 303:Generated_Source\PSoC5/Cm3Start.c **** 
 304:Generated_Source\PSoC5/Cm3Start.c ****         /* Reset Status Register has Read-to-clear SW access mode.
 305:Generated_Source\PSoC5/Cm3Start.c ****         * Preserve current RESET_SR0 state to make it available for next reading.
 306:Generated_Source\PSoC5/Cm3Start.c ****         */
 307:Generated_Source\PSoC5/Cm3Start.c ****         *(reg32 *)(CYREG_PHUB_CFGMEM23_CFG1) = *(reg32 *)(CYREG_RESET_SR0);
 186              		.loc 1 307 0
 187 0004 024A     		ldr	r2, .L13
 188 0006 034B     		ldr	r3, .L13+4
 189 0008 1B68     		ldr	r3, [r3]
 190 000a 1360     		str	r3, [r2]
 308:Generated_Source\PSoC5/Cm3Start.c **** 
 309:Generated_Source\PSoC5/Cm3Start.c ****     #endif  /* (CYDEV_PROJ_TYPE != CYDEV_PROJ_TYPE_LOADABLE && CYDEV_PROJ_TYPE != CYDEV_PROJ_TYPE_L
 310:Generated_Source\PSoC5/Cm3Start.c **** 
 311:Generated_Source\PSoC5/Cm3Start.c ****     #if ((CYDEV_BOOTLOADER_ENABLE) && (CYDEV_PROJ_TYPE != CYDEV_PROJ_TYPE_LOADABLEANDBOOTLOADER))
 312:Generated_Source\PSoC5/Cm3Start.c ****         CyBtldr_CheckLaunch();
 313:Generated_Source\PSoC5/Cm3Start.c ****     #endif /* ((CYDEV_BOOTLOADER_ENABLE) && (CYDEV_PROJ_TYPE != CYDEV_PROJ_TYPE_LOADABLEANDBOOTLOAD
 314:Generated_Source\PSoC5/Cm3Start.c **** 
 315:Generated_Source\PSoC5/Cm3Start.c ****     Start_c();
ARM GAS  C:\Users\Greg\AppData\Local\Temp\ccQyjsNX.s 			page 10


 191              		.loc 1 315 0
 192 000c FFF7FEFF 		bl	Start_c
 193              	.L14:
 194              		.align	2
 195              	.L13:
 196 0010 BC760040 		.word	1073772220
 197 0014 FA460040 		.word	1073759994
 198              		.cfi_endproc
 199              	.LFE3:
 200              		.size	Reset, .-Reset
 201              		.section	.text.Start_c,"ax",%progbits
 202              		.align	2
 203              		.global	Start_c
 204              		.thumb
 205              		.thumb_func
 206              		.type	Start_c, %function
 207              	Start_c:
 208              	.LFB4:
 316:Generated_Source\PSoC5/Cm3Start.c **** }
 317:Generated_Source\PSoC5/Cm3Start.c **** 
 318:Generated_Source\PSoC5/Cm3Start.c **** 
 319:Generated_Source\PSoC5/Cm3Start.c **** /*******************************************************************************
 320:Generated_Source\PSoC5/Cm3Start.c **** * Function Name: Start_c
 321:Generated_Source\PSoC5/Cm3Start.c **** ****************************************************************************//**
 322:Generated_Source\PSoC5/Cm3Start.c **** *
 323:Generated_Source\PSoC5/Cm3Start.c **** *  This function handles initializing the .data and .bss sections in
 324:Generated_Source\PSoC5/Cm3Start.c **** *  preparation for running the standard C code.  Once initialization is complete
 325:Generated_Source\PSoC5/Cm3Start.c **** *  it will call main(). This function will never return.
 326:Generated_Source\PSoC5/Cm3Start.c **** *
 327:Generated_Source\PSoC5/Cm3Start.c **** *******************************************************************************/
 328:Generated_Source\PSoC5/Cm3Start.c **** void Start_c(void)  __attribute__ ((noreturn));
 329:Generated_Source\PSoC5/Cm3Start.c **** void Start_c(void)
 330:Generated_Source\PSoC5/Cm3Start.c **** {
 209              		.loc 1 330 0
 210              		.cfi_startproc
 211              		@ args = 0, pretend = 0, frame = 24
 212              		@ frame_needed = 1, uses_anonymous_args = 0
 213 0000 80B5     		push	{r7, lr}
 214              		.cfi_def_cfa_offset 8
 215              		.cfi_offset 7, -8
 216              		.cfi_offset 14, -4
 217 0002 86B0     		sub	sp, sp, #24
 218              		.cfi_def_cfa_offset 32
 219 0004 00AF     		add	r7, sp, #0
 220              		.cfi_def_cfa_register 7
 331:Generated_Source\PSoC5/Cm3Start.c ****     unsigned regions = __cy_region_num;
 221              		.loc 1 331 0
 222 0006 224B     		ldr	r3, .L23
 223 0008 7B61     		str	r3, [r7, #20]
 332:Generated_Source\PSoC5/Cm3Start.c ****     const struct __cy_region *rptr = __cy_regions;
 224              		.loc 1 332 0
 225 000a 224B     		ldr	r3, .L23+4
 226 000c 3B61     		str	r3, [r7, #16]
 333:Generated_Source\PSoC5/Cm3Start.c **** 
 334:Generated_Source\PSoC5/Cm3Start.c ****     /* Initialize memory */
 335:Generated_Source\PSoC5/Cm3Start.c ****     for (regions = __cy_region_num; regions != 0u; regions--)
 227              		.loc 1 335 0
ARM GAS  C:\Users\Greg\AppData\Local\Temp\ccQyjsNX.s 			page 11


 228 000e 204B     		ldr	r3, .L23
 229 0010 7B61     		str	r3, [r7, #20]
 230 0012 35E0     		b	.L16
 231              	.L21:
 232              	.LBB2:
 336:Generated_Source\PSoC5/Cm3Start.c ****     {
 337:Generated_Source\PSoC5/Cm3Start.c ****         uint32 *src = (uint32 *)rptr->init;
 233              		.loc 1 337 0
 234 0014 3B69     		ldr	r3, [r7, #16]
 235 0016 1B68     		ldr	r3, [r3]
 236 0018 FB60     		str	r3, [r7, #12]
 338:Generated_Source\PSoC5/Cm3Start.c ****         uint32 *dst = (uint32 *)rptr->data;
 237              		.loc 1 338 0
 238 001a 3B69     		ldr	r3, [r7, #16]
 239 001c 5B68     		ldr	r3, [r3, #4]
 240 001e BB60     		str	r3, [r7, #8]
 339:Generated_Source\PSoC5/Cm3Start.c ****         unsigned limit = rptr->init_size;
 241              		.loc 1 339 0
 242 0020 3B69     		ldr	r3, [r7, #16]
 243 0022 9B68     		ldr	r3, [r3, #8]
 244 0024 3B60     		str	r3, [r7]
 340:Generated_Source\PSoC5/Cm3Start.c ****         unsigned count;
 341:Generated_Source\PSoC5/Cm3Start.c **** 
 342:Generated_Source\PSoC5/Cm3Start.c ****         for (count = 0u; count != limit; count += sizeof (uint32))
 245              		.loc 1 342 0
 246 0026 0023     		movs	r3, #0
 247 0028 7B60     		str	r3, [r7, #4]
 248 002a 0CE0     		b	.L17
 249              	.L18:
 343:Generated_Source\PSoC5/Cm3Start.c ****         {
 344:Generated_Source\PSoC5/Cm3Start.c ****             *dst = *src;
 250              		.loc 1 344 0 discriminator 3
 251 002c FB68     		ldr	r3, [r7, #12]
 252 002e 1A68     		ldr	r2, [r3]
 253 0030 BB68     		ldr	r3, [r7, #8]
 254 0032 1A60     		str	r2, [r3]
 345:Generated_Source\PSoC5/Cm3Start.c ****             dst++;
 255              		.loc 1 345 0 discriminator 3
 256 0034 BB68     		ldr	r3, [r7, #8]
 257 0036 0433     		adds	r3, r3, #4
 258 0038 BB60     		str	r3, [r7, #8]
 346:Generated_Source\PSoC5/Cm3Start.c ****             src++;
 259              		.loc 1 346 0 discriminator 3
 260 003a FB68     		ldr	r3, [r7, #12]
 261 003c 0433     		adds	r3, r3, #4
 262 003e FB60     		str	r3, [r7, #12]
 342:Generated_Source\PSoC5/Cm3Start.c ****         {
 263              		.loc 1 342 0 discriminator 3
 264 0040 7B68     		ldr	r3, [r7, #4]
 265 0042 0433     		adds	r3, r3, #4
 266 0044 7B60     		str	r3, [r7, #4]
 267              	.L17:
 342:Generated_Source\PSoC5/Cm3Start.c ****         {
 268              		.loc 1 342 0 is_stmt 0 discriminator 1
 269 0046 7A68     		ldr	r2, [r7, #4]
 270 0048 3B68     		ldr	r3, [r7]
 271 004a 9A42     		cmp	r2, r3
ARM GAS  C:\Users\Greg\AppData\Local\Temp\ccQyjsNX.s 			page 12


 272 004c EED1     		bne	.L18
 347:Generated_Source\PSoC5/Cm3Start.c ****         }
 348:Generated_Source\PSoC5/Cm3Start.c ****         limit = rptr->zero_size;
 273              		.loc 1 348 0 is_stmt 1
 274 004e 3B69     		ldr	r3, [r7, #16]
 275 0050 DB68     		ldr	r3, [r3, #12]
 276 0052 3B60     		str	r3, [r7]
 349:Generated_Source\PSoC5/Cm3Start.c ****         for (count = 0u; count != limit; count += sizeof (uint32))
 277              		.loc 1 349 0
 278 0054 0023     		movs	r3, #0
 279 0056 7B60     		str	r3, [r7, #4]
 280 0058 08E0     		b	.L19
 281              	.L20:
 350:Generated_Source\PSoC5/Cm3Start.c ****         {
 351:Generated_Source\PSoC5/Cm3Start.c ****             *dst = 0u;
 282              		.loc 1 351 0 discriminator 3
 283 005a BB68     		ldr	r3, [r7, #8]
 284 005c 0022     		movs	r2, #0
 285 005e 1A60     		str	r2, [r3]
 352:Generated_Source\PSoC5/Cm3Start.c ****             dst++;
 286              		.loc 1 352 0 discriminator 3
 287 0060 BB68     		ldr	r3, [r7, #8]
 288 0062 0433     		adds	r3, r3, #4
 289 0064 BB60     		str	r3, [r7, #8]
 349:Generated_Source\PSoC5/Cm3Start.c ****         for (count = 0u; count != limit; count += sizeof (uint32))
 290              		.loc 1 349 0 discriminator 3
 291 0066 7B68     		ldr	r3, [r7, #4]
 292 0068 0433     		adds	r3, r3, #4
 293 006a 7B60     		str	r3, [r7, #4]
 294              	.L19:
 349:Generated_Source\PSoC5/Cm3Start.c ****         for (count = 0u; count != limit; count += sizeof (uint32))
 295              		.loc 1 349 0 is_stmt 0 discriminator 1
 296 006c 7A68     		ldr	r2, [r7, #4]
 297 006e 3B68     		ldr	r3, [r7]
 298 0070 9A42     		cmp	r2, r3
 299 0072 F2D1     		bne	.L20
 353:Generated_Source\PSoC5/Cm3Start.c ****         }
 354:Generated_Source\PSoC5/Cm3Start.c **** 
 355:Generated_Source\PSoC5/Cm3Start.c ****         rptr++;
 300              		.loc 1 355 0 is_stmt 1 discriminator 2
 301 0074 3B69     		ldr	r3, [r7, #16]
 302 0076 1033     		adds	r3, r3, #16
 303 0078 3B61     		str	r3, [r7, #16]
 304              	.LBE2:
 335:Generated_Source\PSoC5/Cm3Start.c ****     {
 305              		.loc 1 335 0 discriminator 2
 306 007a 7B69     		ldr	r3, [r7, #20]
 307 007c 013B     		subs	r3, r3, #1
 308 007e 7B61     		str	r3, [r7, #20]
 309              	.L16:
 335:Generated_Source\PSoC5/Cm3Start.c ****     {
 310              		.loc 1 335 0 is_stmt 0 discriminator 1
 311 0080 7B69     		ldr	r3, [r7, #20]
 312 0082 002B     		cmp	r3, #0
 313 0084 C6D1     		bne	.L21
 356:Generated_Source\PSoC5/Cm3Start.c ****     }
 357:Generated_Source\PSoC5/Cm3Start.c **** 
ARM GAS  C:\Users\Greg\AppData\Local\Temp\ccQyjsNX.s 			page 13


 358:Generated_Source\PSoC5/Cm3Start.c ****     /* Invoke static objects constructors */
 359:Generated_Source\PSoC5/Cm3Start.c ****     __libc_init_array();
 314              		.loc 1 359 0 is_stmt 1
 315 0086 FFF7FEFF 		bl	__libc_init_array
 360:Generated_Source\PSoC5/Cm3Start.c ****     (void) main();
 316              		.loc 1 360 0
 317 008a FFF7FEFF 		bl	main
 318              	.L22:
 361:Generated_Source\PSoC5/Cm3Start.c **** 
 362:Generated_Source\PSoC5/Cm3Start.c ****     while (1)
 363:Generated_Source\PSoC5/Cm3Start.c ****     {
 364:Generated_Source\PSoC5/Cm3Start.c ****         /* If main returns, make sure we don't return. */
 365:Generated_Source\PSoC5/Cm3Start.c ****     }
 319              		.loc 1 365 0 discriminator 1
 320 008e FEE7     		b	.L22
 321              	.L24:
 322              		.align	2
 323              	.L23:
 324 0090 00000000 		.word	__cy_region_num
 325 0094 00000000 		.word	__cy_regions
 326              		.cfi_endproc
 327              	.LFE4:
 328              		.size	Start_c, .-Start_c
 329              		.global	RomVectors
 330              		.section	.romvectors,"a",%progbits
 331              		.align	2
 332              		.type	RomVectors, %object
 333              		.size	RomVectors, 16
 334              	RomVectors:
 335 0000 00000000 		.word	__cy_stack
 336 0004 00000000 		.word	Reset
 337 0008 00000000 		.word	IntDefaultHandler
 338 000c 00000000 		.word	IntDefaultHandler
 339              		.section	.text.initialize_psoc,"ax",%progbits
 340              		.align	2
 341              		.global	initialize_psoc
 342              		.thumb
 343              		.thumb_func
 344              		.type	initialize_psoc, %function
 345              	initialize_psoc:
 346              	.LFB5:
 366:Generated_Source\PSoC5/Cm3Start.c **** }
 367:Generated_Source\PSoC5/Cm3Start.c **** 
 368:Generated_Source\PSoC5/Cm3Start.c **** 
 369:Generated_Source\PSoC5/Cm3Start.c **** #elif defined (__ICCARM__)
 370:Generated_Source\PSoC5/Cm3Start.c **** 
 371:Generated_Source\PSoC5/Cm3Start.c **** /*******************************************************************************
 372:Generated_Source\PSoC5/Cm3Start.c **** * Function Name: __low_level_init
 373:Generated_Source\PSoC5/Cm3Start.c **** ****************************************************************************//**
 374:Generated_Source\PSoC5/Cm3Start.c **** *
 375:Generated_Source\PSoC5/Cm3Start.c **** *  This function performs early initializations for the IAR Embedded
 376:Generated_Source\PSoC5/Cm3Start.c **** *  Workbench IDE. It is executed in the context of a reset interrupt handler
 377:Generated_Source\PSoC5/Cm3Start.c **** *  before the data sections are initialized.
 378:Generated_Source\PSoC5/Cm3Start.c **** *
 379:Generated_Source\PSoC5/Cm3Start.c **** * \return
 380:Generated_Source\PSoC5/Cm3Start.c **** *  The value that determines whether or not data sections should be initialized
 381:Generated_Source\PSoC5/Cm3Start.c **** *  by the system startup code:
ARM GAS  C:\Users\Greg\AppData\Local\Temp\ccQyjsNX.s 			page 14


 382:Generated_Source\PSoC5/Cm3Start.c **** *    0 - skip data sections initialization;
 383:Generated_Source\PSoC5/Cm3Start.c **** *    1 - initialize data sections;
 384:Generated_Source\PSoC5/Cm3Start.c **** *
 385:Generated_Source\PSoC5/Cm3Start.c **** *******************************************************************************/
 386:Generated_Source\PSoC5/Cm3Start.c **** int __low_level_init(void)
 387:Generated_Source\PSoC5/Cm3Start.c **** {
 388:Generated_Source\PSoC5/Cm3Start.c ****     #if (CYDEV_PROJ_TYPE != CYDEV_PROJ_TYPE_LOADABLE && CYDEV_PROJ_TYPE != CYDEV_PROJ_TYPE_LOADABLE
 389:Generated_Source\PSoC5/Cm3Start.c **** 
 390:Generated_Source\PSoC5/Cm3Start.c ****         /* For PSoC 5LP, debugging is enabled by default */
 391:Generated_Source\PSoC5/Cm3Start.c ****         #if(CYDEV_DEBUGGING_ENABLE == 0)
 392:Generated_Source\PSoC5/Cm3Start.c ****             *(reg32 *)(CYDEV_DEBUG_ENABLE_REGISTER) |= CYDEV_DEBUG_ENABLE_MASK;
 393:Generated_Source\PSoC5/Cm3Start.c ****         #endif /* (CYDEV_DEBUGGING_ENABLE) */
 394:Generated_Source\PSoC5/Cm3Start.c **** 
 395:Generated_Source\PSoC5/Cm3Start.c ****         /* Reset Status Register has Read-to-clear SW access mode.
 396:Generated_Source\PSoC5/Cm3Start.c ****         * Preserve current RESET_SR0 state to make it available for next reading.
 397:Generated_Source\PSoC5/Cm3Start.c ****         */
 398:Generated_Source\PSoC5/Cm3Start.c ****         *(reg32 *)(CYREG_PHUB_CFGMEM23_CFG1) = *(reg32 *)(CYREG_RESET_SR0);
 399:Generated_Source\PSoC5/Cm3Start.c **** 
 400:Generated_Source\PSoC5/Cm3Start.c ****     #endif  /* (CYDEV_PROJ_TYPE != CYDEV_PROJ_TYPE_LOADABLE && CYDEV_PROJ_TYPE != CYDEV_PROJ_TYPE_L
 401:Generated_Source\PSoC5/Cm3Start.c **** 
 402:Generated_Source\PSoC5/Cm3Start.c ****     #if ((CYDEV_BOOTLOADER_ENABLE) && (CYDEV_PROJ_TYPE != CYDEV_PROJ_TYPE_LOADABLEANDBOOTLOADER))
 403:Generated_Source\PSoC5/Cm3Start.c ****         CyBtldr_CheckLaunch();
 404:Generated_Source\PSoC5/Cm3Start.c ****     #endif /* ((CYDEV_BOOTLOADER_ENABLE) && (CYDEV_PROJ_TYPE != CYDEV_PROJ_TYPE_LOADABLEANDBOOTLOAD
 405:Generated_Source\PSoC5/Cm3Start.c **** 
 406:Generated_Source\PSoC5/Cm3Start.c ****     /* Initialize data sections */
 407:Generated_Source\PSoC5/Cm3Start.c ****     __iar_data_init3();
 408:Generated_Source\PSoC5/Cm3Start.c **** 
 409:Generated_Source\PSoC5/Cm3Start.c ****     initialize_psoc();
 410:Generated_Source\PSoC5/Cm3Start.c **** 
 411:Generated_Source\PSoC5/Cm3Start.c ****     return 0;
 412:Generated_Source\PSoC5/Cm3Start.c **** }
 413:Generated_Source\PSoC5/Cm3Start.c **** 
 414:Generated_Source\PSoC5/Cm3Start.c **** #endif /* __GNUC__ */
 415:Generated_Source\PSoC5/Cm3Start.c **** 
 416:Generated_Source\PSoC5/Cm3Start.c **** 
 417:Generated_Source\PSoC5/Cm3Start.c **** /*******************************************************************************
 418:Generated_Source\PSoC5/Cm3Start.c **** *
 419:Generated_Source\PSoC5/Cm3Start.c **** * Default Rom Interrupt Vector table.
 420:Generated_Source\PSoC5/Cm3Start.c **** *
 421:Generated_Source\PSoC5/Cm3Start.c **** *******************************************************************************/
 422:Generated_Source\PSoC5/Cm3Start.c **** #if defined(__ARMCC_VERSION)
 423:Generated_Source\PSoC5/Cm3Start.c ****     /* Suppress diagnostic message 1296-D: extended constant initialiser used */
 424:Generated_Source\PSoC5/Cm3Start.c ****     #pragma diag_suppress 1296
 425:Generated_Source\PSoC5/Cm3Start.c **** #endif  /* defined(__ARMCC_VERSION) */
 426:Generated_Source\PSoC5/Cm3Start.c **** 
 427:Generated_Source\PSoC5/Cm3Start.c **** #if defined (__ICCARM__)
 428:Generated_Source\PSoC5/Cm3Start.c ****     #pragma location=".romvectors"
 429:Generated_Source\PSoC5/Cm3Start.c ****     const intvec_elem __vector_table[CY_NUM_ROM_VECTORS] =
 430:Generated_Source\PSoC5/Cm3Start.c **** #else
 431:Generated_Source\PSoC5/Cm3Start.c ****     CY_SECTION(".romvectors")
 432:Generated_Source\PSoC5/Cm3Start.c ****     const cyisraddress RomVectors[CY_NUM_ROM_VECTORS] =
 433:Generated_Source\PSoC5/Cm3Start.c **** #endif  /* defined (__ICCARM__) */
 434:Generated_Source\PSoC5/Cm3Start.c **** {
 435:Generated_Source\PSoC5/Cm3Start.c ****     INITIAL_STACK_POINTER,   /* Initial stack pointer  0 */
 436:Generated_Source\PSoC5/Cm3Start.c ****     #if defined (__ICCARM__) /* Reset handler          1 */
 437:Generated_Source\PSoC5/Cm3Start.c ****         __iar_program_start,
 438:Generated_Source\PSoC5/Cm3Start.c ****     #else
ARM GAS  C:\Users\Greg\AppData\Local\Temp\ccQyjsNX.s 			page 15


 439:Generated_Source\PSoC5/Cm3Start.c ****         (cyisraddress)&Reset,
 440:Generated_Source\PSoC5/Cm3Start.c ****     #endif  /* defined (__ICCARM__) */
 441:Generated_Source\PSoC5/Cm3Start.c ****     &IntDefaultHandler,      /* NMI handler            2 */
 442:Generated_Source\PSoC5/Cm3Start.c ****     &IntDefaultHandler,      /* Hard fault handler     3 */
 443:Generated_Source\PSoC5/Cm3Start.c **** };
 444:Generated_Source\PSoC5/Cm3Start.c **** 
 445:Generated_Source\PSoC5/Cm3Start.c **** #if defined(__ARMCC_VERSION)
 446:Generated_Source\PSoC5/Cm3Start.c ****     #pragma diag_default 1296
 447:Generated_Source\PSoC5/Cm3Start.c **** #endif  /* defined(__ARMCC_VERSION) */
 448:Generated_Source\PSoC5/Cm3Start.c **** 
 449:Generated_Source\PSoC5/Cm3Start.c **** 
 450:Generated_Source\PSoC5/Cm3Start.c **** /*******************************************************************************
 451:Generated_Source\PSoC5/Cm3Start.c **** * Function Name: initialize_psoc
 452:Generated_Source\PSoC5/Cm3Start.c **** ****************************************************************************//**
 453:Generated_Source\PSoC5/Cm3Start.c **** *
 454:Generated_Source\PSoC5/Cm3Start.c **** *  This function used to initialize the PSoC chip before calling main.
 455:Generated_Source\PSoC5/Cm3Start.c **** *
 456:Generated_Source\PSoC5/Cm3Start.c **** *******************************************************************************/
 457:Generated_Source\PSoC5/Cm3Start.c **** #if (defined(__GNUC__) && !defined(__ARMCC_VERSION))
 458:Generated_Source\PSoC5/Cm3Start.c **** __attribute__ ((constructor(101)))
 459:Generated_Source\PSoC5/Cm3Start.c **** #endif
 460:Generated_Source\PSoC5/Cm3Start.c **** void initialize_psoc(void)
 461:Generated_Source\PSoC5/Cm3Start.c **** {
 347              		.loc 1 461 0
 348              		.cfi_startproc
 349              		@ args = 0, pretend = 0, frame = 8
 350              		@ frame_needed = 1, uses_anonymous_args = 0
 351 0000 80B5     		push	{r7, lr}
 352              		.cfi_def_cfa_offset 8
 353              		.cfi_offset 7, -8
 354              		.cfi_offset 14, -4
 355 0002 82B0     		sub	sp, sp, #8
 356              		.cfi_def_cfa_offset 16
 357 0004 00AF     		add	r7, sp, #0
 358              		.cfi_def_cfa_register 7
 462:Generated_Source\PSoC5/Cm3Start.c ****     uint32 i;
 463:Generated_Source\PSoC5/Cm3Start.c **** 
 464:Generated_Source\PSoC5/Cm3Start.c ****     /* Set Priority group 5. */
 465:Generated_Source\PSoC5/Cm3Start.c **** 
 466:Generated_Source\PSoC5/Cm3Start.c ****     /* Writes to NVIC_APINT register require the VECTKEY in the upper half */
 467:Generated_Source\PSoC5/Cm3Start.c ****     *CY_NVIC_APINT_PTR = CY_NVIC_APINT_VECTKEY | CY_NVIC_APINT_PRIGROUP_3_5;
 359              		.loc 1 467 0
 360 0006 184B     		ldr	r3, .L30
 361 0008 184A     		ldr	r2, .L30+4
 362 000a 1A60     		str	r2, [r3]
 468:Generated_Source\PSoC5/Cm3Start.c ****     *CY_NVIC_CFG_CTRL_PTR |= CY_NVIC_CFG_STACKALIGN;
 363              		.loc 1 468 0
 364 000c 184A     		ldr	r2, .L30+8
 365 000e 184B     		ldr	r3, .L30+8
 366 0010 1B68     		ldr	r3, [r3]
 367 0012 43F40073 		orr	r3, r3, #512
 368 0016 1360     		str	r3, [r2]
 469:Generated_Source\PSoC5/Cm3Start.c **** 
 470:Generated_Source\PSoC5/Cm3Start.c ****     /* Set Ram interrupt vectors to default functions. */
 471:Generated_Source\PSoC5/Cm3Start.c ****     for (i = 0u; i < CY_NUM_VECTORS; i++)
 369              		.loc 1 471 0
 370 0018 0023     		movs	r3, #0
ARM GAS  C:\Users\Greg\AppData\Local\Temp\ccQyjsNX.s 			page 16


 371 001a 7B60     		str	r3, [r7, #4]
 372 001c 0FE0     		b	.L26
 373              	.L29:
 472:Generated_Source\PSoC5/Cm3Start.c ****     {
 473:Generated_Source\PSoC5/Cm3Start.c ****         #if defined (__ICCARM__)
 474:Generated_Source\PSoC5/Cm3Start.c ****             CyRamVectors[i] = (i < CY_NUM_ROM_VECTORS) ? __vector_table[i].__fun : &IntDefaultHandl
 475:Generated_Source\PSoC5/Cm3Start.c ****         #else
 476:Generated_Source\PSoC5/Cm3Start.c ****             CyRamVectors[i] = (i < CY_NUM_ROM_VECTORS) ? RomVectors[i] : &IntDefaultHandler;
 374              		.loc 1 476 0
 375 001e 7B68     		ldr	r3, [r7, #4]
 376 0020 032B     		cmp	r3, #3
 377 0022 04D8     		bhi	.L27
 378              		.loc 1 476 0 is_stmt 0 discriminator 1
 379 0024 134A     		ldr	r2, .L30+12
 380 0026 7B68     		ldr	r3, [r7, #4]
 381 0028 52F82330 		ldr	r3, [r2, r3, lsl #2]
 382 002c 00E0     		b	.L28
 383              	.L27:
 384              		.loc 1 476 0 discriminator 2
 385 002e 124B     		ldr	r3, .L30+16
 386              	.L28:
 387              		.loc 1 476 0 discriminator 4
 388 0030 1249     		ldr	r1, .L30+20
 389 0032 7A68     		ldr	r2, [r7, #4]
 390 0034 41F82230 		str	r3, [r1, r2, lsl #2]
 471:Generated_Source\PSoC5/Cm3Start.c ****     {
 391              		.loc 1 471 0 is_stmt 1 discriminator 4
 392 0038 7B68     		ldr	r3, [r7, #4]
 393 003a 0133     		adds	r3, r3, #1
 394 003c 7B60     		str	r3, [r7, #4]
 395              	.L26:
 471:Generated_Source\PSoC5/Cm3Start.c ****     {
 396              		.loc 1 471 0 is_stmt 0 discriminator 2
 397 003e 7B68     		ldr	r3, [r7, #4]
 398 0040 2F2B     		cmp	r3, #47
 399 0042 ECD9     		bls	.L29
 477:Generated_Source\PSoC5/Cm3Start.c ****         #endif  /* defined (__ICCARM__) */
 478:Generated_Source\PSoC5/Cm3Start.c ****     }
 479:Generated_Source\PSoC5/Cm3Start.c **** 
 480:Generated_Source\PSoC5/Cm3Start.c ****     /* Was stored in CFGMEM to avoid being cleared while SRAM gets cleared */
 481:Generated_Source\PSoC5/Cm3Start.c ****     CyResetStatus = CY_GET_REG8(CYREG_PHUB_CFGMEM23_CFG1);
 400              		.loc 1 481 0 is_stmt 1
 401 0044 0E4B     		ldr	r3, .L30+24
 402 0046 1B78     		ldrb	r3, [r3]
 403 0048 DAB2     		uxtb	r2, r3
 404 004a 0E4B     		ldr	r3, .L30+28
 405 004c 1A70     		strb	r2, [r3]
 482:Generated_Source\PSoC5/Cm3Start.c **** 
 483:Generated_Source\PSoC5/Cm3Start.c ****     /* Point NVIC at RAM vector table. */
 484:Generated_Source\PSoC5/Cm3Start.c ****     *CYINT_VECT_TABLE = CyRamVectors;
 406              		.loc 1 484 0
 407 004e 0E4B     		ldr	r3, .L30+32
 408 0050 0A4A     		ldr	r2, .L30+20
 409 0052 1A60     		str	r2, [r3]
 485:Generated_Source\PSoC5/Cm3Start.c **** 
 486:Generated_Source\PSoC5/Cm3Start.c ****     /* Initialize the configuration registers. */
 487:Generated_Source\PSoC5/Cm3Start.c ****     cyfitter_cfg();
ARM GAS  C:\Users\Greg\AppData\Local\Temp\ccQyjsNX.s 			page 17


 410              		.loc 1 487 0
 411 0054 FFF7FEFF 		bl	cyfitter_cfg
 488:Generated_Source\PSoC5/Cm3Start.c **** 
 489:Generated_Source\PSoC5/Cm3Start.c ****     #if(0u != DMA_CHANNELS_USED__MASK0)
 490:Generated_Source\PSoC5/Cm3Start.c **** 
 491:Generated_Source\PSoC5/Cm3Start.c ****         /* Setup DMA - only necessary if design contains DMA component. */
 492:Generated_Source\PSoC5/Cm3Start.c ****         CyDmacConfigure();
 412              		.loc 1 492 0
 413 0058 FFF7FEFF 		bl	CyDmacConfigure
 493:Generated_Source\PSoC5/Cm3Start.c **** 
 494:Generated_Source\PSoC5/Cm3Start.c ****     #endif  /* (0u != DMA_CHANNELS_USED__MASK0) */
 495:Generated_Source\PSoC5/Cm3Start.c **** 
 496:Generated_Source\PSoC5/Cm3Start.c ****     #if !defined (__ICCARM__)
 497:Generated_Source\PSoC5/Cm3Start.c ****         /* Actually, no need to clean this variable, just to make compiler happy. */
 498:Generated_Source\PSoC5/Cm3Start.c ****         cySysNoInitDataValid = 0u;
 414              		.loc 1 498 0
 415 005c 0B4B     		ldr	r3, .L30+36
 416 005e 0022     		movs	r2, #0
 417 0060 1A60     		str	r2, [r3]
 499:Generated_Source\PSoC5/Cm3Start.c ****     #endif  /* !defined (__ICCARM__) */
 500:Generated_Source\PSoC5/Cm3Start.c **** }
 418              		.loc 1 500 0
 419 0062 0837     		adds	r7, r7, #8
 420              		.cfi_def_cfa_offset 8
 421 0064 BD46     		mov	sp, r7
 422              		.cfi_def_cfa_register 13
 423              		@ sp needed
 424 0066 80BD     		pop	{r7, pc}
 425              	.L31:
 426              		.align	2
 427              	.L30:
 428 0068 0CED00E0 		.word	-536810228
 429 006c 0004FA05 		.word	100271104
 430 0070 14ED00E0 		.word	-536810220
 431 0074 00000000 		.word	RomVectors
 432 0078 00000000 		.word	IntDefaultHandler
 433 007c 00000000 		.word	CyRamVectors
 434 0080 BC760040 		.word	1073772220
 435 0084 00000000 		.word	CyResetStatus
 436 0088 08ED00E0 		.word	-536810232
 437 008c 00000000 		.word	cySysNoInitDataValid
 438              		.cfi_endproc
 439              	.LFE5:
 440              		.size	initialize_psoc, .-initialize_psoc
 441              		.section	.init_array,"aw",%init_array
 442              		.align	2
 443 0000 00000000 		.word	initialize_psoc(target1)
 444              		.data
 445              		.align	2
 446              		.type	heapPointer.4947, %object
 447              		.size	heapPointer.4947, 4
 448              	heapPointer.4947:
 449 0000 00000000 		.word	end
 450              		.weak	__cy_region_num
 451              		.text
 452              	.Letext0:
 453              		.file 2 "Generated_Source\\PSoC5\\cytypes.h"
ARM GAS  C:\Users\Greg\AppData\Local\Temp\ccQyjsNX.s 			page 18


 454              		.file 3 "c:\\program files (x86)\\cypress\\psoc creator\\4.0\\psoc creator\\import\\gnu\\arm\\4.9.
 455              		.file 4 "Generated_Source\\PSoC5\\CyLib.h"
 456              		.section	.debug_info,"",%progbits
 457              	.Ldebug_info0:
 458 0000 15030000 		.4byte	0x315
 459 0004 0400     		.2byte	0x4
 460 0006 00000000 		.4byte	.Ldebug_abbrev0
 461 000a 04       		.byte	0x4
 462 000b 01       		.uleb128 0x1
 463 000c 03010000 		.4byte	.LASF43
 464 0010 01       		.byte	0x1
 465 0011 DB000000 		.4byte	.LASF44
 466 0015 98010000 		.4byte	.LASF45
 467 0019 00000000 		.4byte	.Ldebug_ranges0+0
 468 001d 00000000 		.4byte	0
 469 0021 00000000 		.4byte	.Ldebug_line0
 470 0025 02       		.uleb128 0x2
 471 0026 01       		.byte	0x1
 472 0027 06       		.byte	0x6
 473 0028 97020000 		.4byte	.LASF0
 474 002c 02       		.uleb128 0x2
 475 002d 01       		.byte	0x1
 476 002e 08       		.byte	0x8
 477 002f 7D000000 		.4byte	.LASF1
 478 0033 02       		.uleb128 0x2
 479 0034 02       		.byte	0x2
 480 0035 05       		.byte	0x5
 481 0036 76020000 		.4byte	.LASF2
 482 003a 02       		.uleb128 0x2
 483 003b 02       		.byte	0x2
 484 003c 07       		.byte	0x7
 485 003d 34000000 		.4byte	.LASF3
 486 0041 02       		.uleb128 0x2
 487 0042 04       		.byte	0x4
 488 0043 05       		.byte	0x5
 489 0044 80020000 		.4byte	.LASF4
 490 0048 02       		.uleb128 0x2
 491 0049 04       		.byte	0x4
 492 004a 07       		.byte	0x7
 493 004b A2000000 		.4byte	.LASF5
 494 004f 02       		.uleb128 0x2
 495 0050 08       		.byte	0x8
 496 0051 05       		.byte	0x5
 497 0052 63020000 		.4byte	.LASF6
 498 0056 02       		.uleb128 0x2
 499 0057 08       		.byte	0x8
 500 0058 07       		.byte	0x7
 501 0059 10020000 		.4byte	.LASF7
 502 005d 03       		.uleb128 0x3
 503 005e 04       		.byte	0x4
 504 005f 05       		.byte	0x5
 505 0060 696E7400 		.ascii	"int\000"
 506 0064 02       		.uleb128 0x2
 507 0065 04       		.byte	0x4
 508 0066 07       		.byte	0x7
 509 0067 03020000 		.4byte	.LASF8
 510 006b 04       		.uleb128 0x4
ARM GAS  C:\Users\Greg\AppData\Local\Temp\ccQyjsNX.s 			page 19


 511 006c C9000000 		.4byte	.LASF9
 512 0070 02       		.byte	0x2
 513 0071 9201     		.2byte	0x192
 514 0073 2C000000 		.4byte	0x2c
 515 0077 04       		.uleb128 0x4
 516 0078 FC010000 		.4byte	.LASF10
 517 007c 02       		.byte	0x2
 518 007d 9401     		.2byte	0x194
 519 007f 48000000 		.4byte	0x48
 520 0083 02       		.uleb128 0x2
 521 0084 04       		.byte	0x4
 522 0085 04       		.byte	0x4
 523 0086 72000000 		.4byte	.LASF11
 524 008a 02       		.uleb128 0x2
 525 008b 08       		.byte	0x8
 526 008c 04       		.byte	0x4
 527 008d 91010000 		.4byte	.LASF12
 528 0091 02       		.uleb128 0x2
 529 0092 01       		.byte	0x1
 530 0093 08       		.byte	0x8
 531 0094 71020000 		.4byte	.LASF13
 532 0098 04       		.uleb128 0x4
 533 0099 55020000 		.4byte	.LASF14
 534 009d 02       		.byte	0x2
 535 009e 3C02     		.2byte	0x23c
 536 00a0 A4000000 		.4byte	0xa4
 537 00a4 05       		.uleb128 0x5
 538 00a5 6B000000 		.4byte	0x6b
 539 00a9 04       		.uleb128 0x4
 540 00aa 00000000 		.4byte	.LASF15
 541 00ae 02       		.byte	0x2
 542 00af 3E02     		.2byte	0x23e
 543 00b1 B5000000 		.4byte	0xb5
 544 00b5 05       		.uleb128 0x5
 545 00b6 77000000 		.4byte	0x77
 546 00ba 04       		.uleb128 0x4
 547 00bb 2D020000 		.4byte	.LASF16
 548 00bf 02       		.byte	0x2
 549 00c0 4E02     		.2byte	0x24e
 550 00c2 C6000000 		.4byte	0xc6
 551 00c6 06       		.uleb128 0x6
 552 00c7 04       		.byte	0x4
 553 00c8 CC000000 		.4byte	0xcc
 554 00cc 07       		.uleb128 0x7
 555 00cd 08       		.uleb128 0x8
 556 00ce 06000000 		.4byte	.LASF17
 557 00d2 03       		.byte	0x3
 558 00d3 D4       		.byte	0xd4
 559 00d4 64000000 		.4byte	0x64
 560 00d8 02       		.uleb128 0x2
 561 00d9 04       		.byte	0x4
 562 00da 07       		.byte	0x7
 563 00db 5A020000 		.4byte	.LASF18
 564 00df 09       		.uleb128 0x9
 565 00e0 04       		.byte	0x4
 566 00e1 0A       		.uleb128 0xa
 567 00e2 91000000 		.4byte	0x91
ARM GAS  C:\Users\Greg\AppData\Local\Temp\ccQyjsNX.s 			page 20


 568 00e6 08       		.uleb128 0x8
 569 00e7 44020000 		.4byte	.LASF19
 570 00eb 01       		.byte	0x1
 571 00ec CF       		.byte	0xcf
 572 00ed 2C000000 		.4byte	0x2c
 573 00f1 0B       		.uleb128 0xb
 574 00f2 D1020000 		.4byte	.LASF46
 575 00f6 10       		.byte	0x10
 576 00f7 01       		.byte	0x1
 577 00f8 D1       		.byte	0xd1
 578 00f9 2E010000 		.4byte	0x12e
 579 00fd 0C       		.uleb128 0xc
 580 00fe 57000000 		.4byte	.LASF20
 581 0102 01       		.byte	0x1
 582 0103 D3       		.byte	0xd3
 583 0104 2E010000 		.4byte	0x12e
 584 0108 00       		.byte	0
 585 0109 0C       		.uleb128 0xc
 586 010a 78000000 		.4byte	.LASF21
 587 010e 01       		.byte	0x1
 588 010f D4       		.byte	0xd4
 589 0110 2E010000 		.4byte	0x12e
 590 0114 04       		.byte	0x4
 591 0115 0C       		.uleb128 0xc
 592 0116 3A020000 		.4byte	.LASF22
 593 011a 01       		.byte	0x1
 594 011b D5       		.byte	0xd5
 595 011c CD000000 		.4byte	0xcd
 596 0120 08       		.byte	0x8
 597 0121 0C       		.uleb128 0xc
 598 0122 63000000 		.4byte	.LASF23
 599 0126 01       		.byte	0x1
 600 0127 D6       		.byte	0xd6
 601 0128 CD000000 		.4byte	0xcd
 602 012c 0C       		.byte	0xc
 603 012d 00       		.byte	0
 604 012e 06       		.uleb128 0x6
 605 012f 04       		.byte	0x4
 606 0130 E6000000 		.4byte	0xe6
 607 0134 0D       		.uleb128 0xd
 608 0135 A3020000 		.4byte	.LASF28
 609 0139 01       		.byte	0x1
 610 013a 5B       		.byte	0x5b
 611 013b 00000000 		.4byte	.LFB0
 612 013f 14000000 		.4byte	.LFE0-.LFB0
 613 0143 01       		.uleb128 0x1
 614 0144 9C       		.byte	0x9c
 615 0145 0E       		.uleb128 0xe
 616 0146 D5000000 		.4byte	.LASF30
 617 014a 01       		.byte	0x1
 618 014b EF       		.byte	0xef
 619 014c 00000000 		.4byte	.LFB1
 620 0150 14000000 		.4byte	.LFE1-.LFB1
 621 0154 01       		.uleb128 0x1
 622 0155 9C       		.byte	0x9c
 623 0156 69010000 		.4byte	0x169
 624 015a 0F       		.uleb128 0xf
ARM GAS  C:\Users\Greg\AppData\Local\Temp\ccQyjsNX.s 			page 21


 625 015b 5C000000 		.4byte	.LASF24
 626 015f 01       		.byte	0x1
 627 0160 EF       		.byte	0xef
 628 0161 5D000000 		.4byte	0x5d
 629 0165 02       		.uleb128 0x2
 630 0166 91       		.byte	0x91
 631 0167 74       		.sleb128 -12
 632 0168 00       		.byte	0
 633 0169 10       		.uleb128 0x10
 634 016a FD000000 		.4byte	.LASF47
 635 016e 01       		.byte	0x1
 636 016f 0801     		.2byte	0x108
 637 0171 DF000000 		.4byte	0xdf
 638 0175 00000000 		.4byte	.LFB2
 639 0179 50000000 		.4byte	.LFE2-.LFB2
 640 017d 01       		.uleb128 0x1
 641 017e 9C       		.byte	0x9c
 642 017f C0010000 		.4byte	0x1c0
 643 0183 11       		.uleb128 0x11
 644 0184 CA020000 		.4byte	.LASF25
 645 0188 01       		.byte	0x1
 646 0189 0801     		.2byte	0x108
 647 018b 5D000000 		.4byte	0x5d
 648 018f 02       		.uleb128 0x2
 649 0190 91       		.byte	0x91
 650 0191 6C       		.sleb128 -20
 651 0192 12       		.uleb128 0x12
 652 0193 656E6400 		.ascii	"end\000"
 653 0197 01       		.byte	0x1
 654 0198 0A01     		.2byte	0x10a
 655 019a 5D000000 		.4byte	0x5d
 656 019e 13       		.uleb128 0x13
 657 019f 8B000000 		.4byte	.LASF26
 658 01a3 01       		.byte	0x1
 659 01a4 0B01     		.2byte	0x10b
 660 01a6 DF000000 		.4byte	0xdf
 661 01aa 02       		.uleb128 0x2
 662 01ab 91       		.byte	0x91
 663 01ac 74       		.sleb128 -12
 664 01ad 13       		.uleb128 0x13
 665 01ae 28000000 		.4byte	.LASF27
 666 01b2 01       		.byte	0x1
 667 01b3 0E01     		.2byte	0x10e
 668 01b5 DF000000 		.4byte	0xdf
 669 01b9 05       		.uleb128 0x5
 670 01ba 03       		.byte	0x3
 671 01bb 00000000 		.4byte	heapPointer.4947
 672 01bf 00       		.byte	0
 673 01c0 14       		.uleb128 0x14
 674 01c1 CF000000 		.4byte	.LASF29
 675 01c5 01       		.byte	0x1
 676 01c6 2701     		.2byte	0x127
 677 01c8 00000000 		.4byte	.LFB3
 678 01cc 18000000 		.4byte	.LFE3-.LFB3
 679 01d0 01       		.uleb128 0x1
 680 01d1 9C       		.byte	0x9c
 681 01d2 15       		.uleb128 0x15
ARM GAS  C:\Users\Greg\AppData\Local\Temp\ccQyjsNX.s 			page 22


 682 01d3 1A000000 		.4byte	.LASF31
 683 01d7 01       		.byte	0x1
 684 01d8 4901     		.2byte	0x149
 685 01da 00000000 		.4byte	.LFB4
 686 01de 98000000 		.4byte	.LFE4-.LFB4
 687 01e2 01       		.uleb128 0x1
 688 01e3 9C       		.byte	0x9c
 689 01e4 4D020000 		.4byte	0x24d
 690 01e8 13       		.uleb128 0x13
 691 01e9 C2020000 		.4byte	.LASF32
 692 01ed 01       		.byte	0x1
 693 01ee 4B01     		.2byte	0x14b
 694 01f0 64000000 		.4byte	0x64
 695 01f4 02       		.uleb128 0x2
 696 01f5 91       		.byte	0x91
 697 01f6 74       		.sleb128 -12
 698 01f7 13       		.uleb128 0x13
 699 01f8 6D000000 		.4byte	.LASF33
 700 01fc 01       		.byte	0x1
 701 01fd 4C01     		.2byte	0x14c
 702 01ff 4D020000 		.4byte	0x24d
 703 0203 02       		.uleb128 0x2
 704 0204 91       		.byte	0x91
 705 0205 70       		.sleb128 -16
 706 0206 16       		.uleb128 0x16
 707 0207 14000000 		.4byte	.LBB2
 708 020b 66000000 		.4byte	.LBE2-.LBB2
 709 020f 17       		.uleb128 0x17
 710 0210 73726300 		.ascii	"src\000"
 711 0214 01       		.byte	0x1
 712 0215 5101     		.2byte	0x151
 713 0217 58020000 		.4byte	0x258
 714 021b 02       		.uleb128 0x2
 715 021c 91       		.byte	0x91
 716 021d 6C       		.sleb128 -20
 717 021e 17       		.uleb128 0x17
 718 021f 64737400 		.ascii	"dst\000"
 719 0223 01       		.byte	0x1
 720 0224 5201     		.2byte	0x152
 721 0226 58020000 		.4byte	0x258
 722 022a 02       		.uleb128 0x2
 723 022b 91       		.byte	0x91
 724 022c 68       		.sleb128 -24
 725 022d 13       		.uleb128 0x13
 726 022e 27020000 		.4byte	.LASF34
 727 0232 01       		.byte	0x1
 728 0233 5301     		.2byte	0x153
 729 0235 64000000 		.4byte	0x64
 730 0239 02       		.uleb128 0x2
 731 023a 91       		.byte	0x91
 732 023b 60       		.sleb128 -32
 733 023c 13       		.uleb128 0x13
 734 023d 22000000 		.4byte	.LASF35
 735 0241 01       		.byte	0x1
 736 0242 5401     		.2byte	0x154
 737 0244 64000000 		.4byte	0x64
 738 0248 02       		.uleb128 0x2
ARM GAS  C:\Users\Greg\AppData\Local\Temp\ccQyjsNX.s 			page 23


 739 0249 91       		.byte	0x91
 740 024a 64       		.sleb128 -28
 741 024b 00       		.byte	0
 742 024c 00       		.byte	0
 743 024d 06       		.uleb128 0x6
 744 024e 04       		.byte	0x4
 745 024f 53020000 		.4byte	0x253
 746 0253 0A       		.uleb128 0xa
 747 0254 F1000000 		.4byte	0xf1
 748 0258 06       		.uleb128 0x6
 749 0259 04       		.byte	0x4
 750 025a 77000000 		.4byte	0x77
 751 025e 15       		.uleb128 0x15
 752 025f EC010000 		.4byte	.LASF36
 753 0263 01       		.byte	0x1
 754 0264 CC01     		.2byte	0x1cc
 755 0266 00000000 		.4byte	.LFB5
 756 026a 90000000 		.4byte	.LFE5-.LFB5
 757 026e 01       		.uleb128 0x1
 758 026f 9C       		.byte	0x9c
 759 0270 82020000 		.4byte	0x282
 760 0274 17       		.uleb128 0x17
 761 0275 6900     		.ascii	"i\000"
 762 0277 01       		.byte	0x1
 763 0278 CE01     		.2byte	0x1ce
 764 027a 77000000 		.4byte	0x77
 765 027e 02       		.uleb128 0x2
 766 027f 91       		.byte	0x91
 767 0280 74       		.sleb128 -12
 768 0281 00       		.byte	0
 769 0282 18       		.uleb128 0x18
 770 0283 B4000000 		.4byte	.LASF37
 771 0287 01       		.byte	0x1
 772 0288 3F       		.byte	0x3f
 773 0289 77000000 		.4byte	0x77
 774 028d 05       		.uleb128 0x5
 775 028e 03       		.byte	0x3
 776 028f 00000000 		.4byte	cySysNoInitDataValid
 777 0293 19       		.uleb128 0x19
 778 0294 89020000 		.4byte	.LASF38
 779 0298 04       		.byte	0x4
 780 0299 2C       		.byte	0x2c
 781 029a 6B000000 		.4byte	0x6b
 782 029e 12       		.uleb128 0x12
 783 029f 656E6400 		.ascii	"end\000"
 784 02a3 01       		.byte	0x1
 785 02a4 0A01     		.2byte	0x10a
 786 02a6 5D000000 		.4byte	0x5d
 787 02aa 1A       		.uleb128 0x1a
 788 02ab BA000000 		.4byte	0xba
 789 02af BA020000 		.4byte	0x2ba
 790 02b3 1B       		.uleb128 0x1b
 791 02b4 D8000000 		.4byte	0xd8
 792 02b8 2F       		.byte	0x2f
 793 02b9 00       		.byte	0
 794 02ba 1C       		.uleb128 0x1c
 795 02bb 0D000000 		.4byte	.LASF39
ARM GAS  C:\Users\Greg\AppData\Local\Temp\ccQyjsNX.s 			page 24


 796 02bf 01       		.byte	0x1
 797 02c0 4D       		.byte	0x4d
 798 02c1 AA020000 		.4byte	0x2aa
 799 02c5 05       		.uleb128 0x5
 800 02c6 03       		.byte	0x3
 801 02c7 00000000 		.4byte	CyRamVectors
 802 02cb 1A       		.uleb128 0x1a
 803 02cc F1000000 		.4byte	0xf1
 804 02d0 D6020000 		.4byte	0x2d6
 805 02d4 1D       		.uleb128 0x1d
 806 02d5 00       		.byte	0
 807 02d6 19       		.uleb128 0x19
 808 02d7 B5020000 		.4byte	.LASF40
 809 02db 01       		.byte	0x1
 810 02dc D9       		.byte	0xd9
 811 02dd E1020000 		.4byte	0x2e1
 812 02e1 0A       		.uleb128 0xa
 813 02e2 CB020000 		.4byte	0x2cb
 814 02e6 19       		.uleb128 0x19
 815 02e7 47000000 		.4byte	.LASF41
 816 02eb 01       		.byte	0x1
 817 02ec DA       		.byte	0xda
 818 02ed E1000000 		.4byte	0xe1
 819 02f1 1A       		.uleb128 0x1a
 820 02f2 BA000000 		.4byte	0xba
 821 02f6 01030000 		.4byte	0x301
 822 02fa 1B       		.uleb128 0x1b
 823 02fb D8000000 		.4byte	0xd8
 824 02ff 03       		.byte	0x3
 825 0300 00       		.byte	0
 826 0301 1E       		.uleb128 0x1e
 827 0302 97000000 		.4byte	.LASF42
 828 0306 01       		.byte	0x1
 829 0307 B001     		.2byte	0x1b0
 830 0309 13030000 		.4byte	0x313
 831 030d 05       		.uleb128 0x5
 832 030e 03       		.byte	0x3
 833 030f 00000000 		.4byte	RomVectors
 834 0313 0A       		.uleb128 0xa
 835 0314 F1020000 		.4byte	0x2f1
 836 0318 00       		.byte	0
 837              		.section	.debug_abbrev,"",%progbits
 838              	.Ldebug_abbrev0:
 839 0000 01       		.uleb128 0x1
 840 0001 11       		.uleb128 0x11
 841 0002 01       		.byte	0x1
 842 0003 25       		.uleb128 0x25
 843 0004 0E       		.uleb128 0xe
 844 0005 13       		.uleb128 0x13
 845 0006 0B       		.uleb128 0xb
 846 0007 03       		.uleb128 0x3
 847 0008 0E       		.uleb128 0xe
 848 0009 1B       		.uleb128 0x1b
 849 000a 0E       		.uleb128 0xe
 850 000b 55       		.uleb128 0x55
 851 000c 17       		.uleb128 0x17
 852 000d 11       		.uleb128 0x11
ARM GAS  C:\Users\Greg\AppData\Local\Temp\ccQyjsNX.s 			page 25


 853 000e 01       		.uleb128 0x1
 854 000f 10       		.uleb128 0x10
 855 0010 17       		.uleb128 0x17
 856 0011 00       		.byte	0
 857 0012 00       		.byte	0
 858 0013 02       		.uleb128 0x2
 859 0014 24       		.uleb128 0x24
 860 0015 00       		.byte	0
 861 0016 0B       		.uleb128 0xb
 862 0017 0B       		.uleb128 0xb
 863 0018 3E       		.uleb128 0x3e
 864 0019 0B       		.uleb128 0xb
 865 001a 03       		.uleb128 0x3
 866 001b 0E       		.uleb128 0xe
 867 001c 00       		.byte	0
 868 001d 00       		.byte	0
 869 001e 03       		.uleb128 0x3
 870 001f 24       		.uleb128 0x24
 871 0020 00       		.byte	0
 872 0021 0B       		.uleb128 0xb
 873 0022 0B       		.uleb128 0xb
 874 0023 3E       		.uleb128 0x3e
 875 0024 0B       		.uleb128 0xb
 876 0025 03       		.uleb128 0x3
 877 0026 08       		.uleb128 0x8
 878 0027 00       		.byte	0
 879 0028 00       		.byte	0
 880 0029 04       		.uleb128 0x4
 881 002a 16       		.uleb128 0x16
 882 002b 00       		.byte	0
 883 002c 03       		.uleb128 0x3
 884 002d 0E       		.uleb128 0xe
 885 002e 3A       		.uleb128 0x3a
 886 002f 0B       		.uleb128 0xb
 887 0030 3B       		.uleb128 0x3b
 888 0031 05       		.uleb128 0x5
 889 0032 49       		.uleb128 0x49
 890 0033 13       		.uleb128 0x13
 891 0034 00       		.byte	0
 892 0035 00       		.byte	0
 893 0036 05       		.uleb128 0x5
 894 0037 35       		.uleb128 0x35
 895 0038 00       		.byte	0
 896 0039 49       		.uleb128 0x49
 897 003a 13       		.uleb128 0x13
 898 003b 00       		.byte	0
 899 003c 00       		.byte	0
 900 003d 06       		.uleb128 0x6
 901 003e 0F       		.uleb128 0xf
 902 003f 00       		.byte	0
 903 0040 0B       		.uleb128 0xb
 904 0041 0B       		.uleb128 0xb
 905 0042 49       		.uleb128 0x49
 906 0043 13       		.uleb128 0x13
 907 0044 00       		.byte	0
 908 0045 00       		.byte	0
 909 0046 07       		.uleb128 0x7
ARM GAS  C:\Users\Greg\AppData\Local\Temp\ccQyjsNX.s 			page 26


 910 0047 15       		.uleb128 0x15
 911 0048 00       		.byte	0
 912 0049 27       		.uleb128 0x27
 913 004a 19       		.uleb128 0x19
 914 004b 00       		.byte	0
 915 004c 00       		.byte	0
 916 004d 08       		.uleb128 0x8
 917 004e 16       		.uleb128 0x16
 918 004f 00       		.byte	0
 919 0050 03       		.uleb128 0x3
 920 0051 0E       		.uleb128 0xe
 921 0052 3A       		.uleb128 0x3a
 922 0053 0B       		.uleb128 0xb
 923 0054 3B       		.uleb128 0x3b
 924 0055 0B       		.uleb128 0xb
 925 0056 49       		.uleb128 0x49
 926 0057 13       		.uleb128 0x13
 927 0058 00       		.byte	0
 928 0059 00       		.byte	0
 929 005a 09       		.uleb128 0x9
 930 005b 0F       		.uleb128 0xf
 931 005c 00       		.byte	0
 932 005d 0B       		.uleb128 0xb
 933 005e 0B       		.uleb128 0xb
 934 005f 00       		.byte	0
 935 0060 00       		.byte	0
 936 0061 0A       		.uleb128 0xa
 937 0062 26       		.uleb128 0x26
 938 0063 00       		.byte	0
 939 0064 49       		.uleb128 0x49
 940 0065 13       		.uleb128 0x13
 941 0066 00       		.byte	0
 942 0067 00       		.byte	0
 943 0068 0B       		.uleb128 0xb
 944 0069 13       		.uleb128 0x13
 945 006a 01       		.byte	0x1
 946 006b 03       		.uleb128 0x3
 947 006c 0E       		.uleb128 0xe
 948 006d 0B       		.uleb128 0xb
 949 006e 0B       		.uleb128 0xb
 950 006f 3A       		.uleb128 0x3a
 951 0070 0B       		.uleb128 0xb
 952 0071 3B       		.uleb128 0x3b
 953 0072 0B       		.uleb128 0xb
 954 0073 01       		.uleb128 0x1
 955 0074 13       		.uleb128 0x13
 956 0075 00       		.byte	0
 957 0076 00       		.byte	0
 958 0077 0C       		.uleb128 0xc
 959 0078 0D       		.uleb128 0xd
 960 0079 00       		.byte	0
 961 007a 03       		.uleb128 0x3
 962 007b 0E       		.uleb128 0xe
 963 007c 3A       		.uleb128 0x3a
 964 007d 0B       		.uleb128 0xb
 965 007e 3B       		.uleb128 0x3b
 966 007f 0B       		.uleb128 0xb
ARM GAS  C:\Users\Greg\AppData\Local\Temp\ccQyjsNX.s 			page 27


 967 0080 49       		.uleb128 0x49
 968 0081 13       		.uleb128 0x13
 969 0082 38       		.uleb128 0x38
 970 0083 0B       		.uleb128 0xb
 971 0084 00       		.byte	0
 972 0085 00       		.byte	0
 973 0086 0D       		.uleb128 0xd
 974 0087 2E       		.uleb128 0x2e
 975 0088 00       		.byte	0
 976 0089 3F       		.uleb128 0x3f
 977 008a 19       		.uleb128 0x19
 978 008b 03       		.uleb128 0x3
 979 008c 0E       		.uleb128 0xe
 980 008d 3A       		.uleb128 0x3a
 981 008e 0B       		.uleb128 0xb
 982 008f 3B       		.uleb128 0x3b
 983 0090 0B       		.uleb128 0xb
 984 0091 27       		.uleb128 0x27
 985 0092 19       		.uleb128 0x19
 986 0093 11       		.uleb128 0x11
 987 0094 01       		.uleb128 0x1
 988 0095 12       		.uleb128 0x12
 989 0096 06       		.uleb128 0x6
 990 0097 40       		.uleb128 0x40
 991 0098 18       		.uleb128 0x18
 992 0099 9642     		.uleb128 0x2116
 993 009b 19       		.uleb128 0x19
 994 009c 00       		.byte	0
 995 009d 00       		.byte	0
 996 009e 0E       		.uleb128 0xe
 997 009f 2E       		.uleb128 0x2e
 998 00a0 01       		.byte	0x1
 999 00a1 3F       		.uleb128 0x3f
 1000 00a2 19       		.uleb128 0x19
 1001 00a3 03       		.uleb128 0x3
 1002 00a4 0E       		.uleb128 0xe
 1003 00a5 3A       		.uleb128 0x3a
 1004 00a6 0B       		.uleb128 0xb
 1005 00a7 3B       		.uleb128 0x3b
 1006 00a8 0B       		.uleb128 0xb
 1007 00a9 27       		.uleb128 0x27
 1008 00aa 19       		.uleb128 0x19
 1009 00ab 11       		.uleb128 0x11
 1010 00ac 01       		.uleb128 0x1
 1011 00ad 12       		.uleb128 0x12
 1012 00ae 06       		.uleb128 0x6
 1013 00af 40       		.uleb128 0x40
 1014 00b0 18       		.uleb128 0x18
 1015 00b1 9642     		.uleb128 0x2116
 1016 00b3 19       		.uleb128 0x19
 1017 00b4 01       		.uleb128 0x1
 1018 00b5 13       		.uleb128 0x13
 1019 00b6 00       		.byte	0
 1020 00b7 00       		.byte	0
 1021 00b8 0F       		.uleb128 0xf
 1022 00b9 05       		.uleb128 0x5
 1023 00ba 00       		.byte	0
ARM GAS  C:\Users\Greg\AppData\Local\Temp\ccQyjsNX.s 			page 28


 1024 00bb 03       		.uleb128 0x3
 1025 00bc 0E       		.uleb128 0xe
 1026 00bd 3A       		.uleb128 0x3a
 1027 00be 0B       		.uleb128 0xb
 1028 00bf 3B       		.uleb128 0x3b
 1029 00c0 0B       		.uleb128 0xb
 1030 00c1 49       		.uleb128 0x49
 1031 00c2 13       		.uleb128 0x13
 1032 00c3 02       		.uleb128 0x2
 1033 00c4 18       		.uleb128 0x18
 1034 00c5 00       		.byte	0
 1035 00c6 00       		.byte	0
 1036 00c7 10       		.uleb128 0x10
 1037 00c8 2E       		.uleb128 0x2e
 1038 00c9 01       		.byte	0x1
 1039 00ca 3F       		.uleb128 0x3f
 1040 00cb 19       		.uleb128 0x19
 1041 00cc 03       		.uleb128 0x3
 1042 00cd 0E       		.uleb128 0xe
 1043 00ce 3A       		.uleb128 0x3a
 1044 00cf 0B       		.uleb128 0xb
 1045 00d0 3B       		.uleb128 0x3b
 1046 00d1 05       		.uleb128 0x5
 1047 00d2 27       		.uleb128 0x27
 1048 00d3 19       		.uleb128 0x19
 1049 00d4 49       		.uleb128 0x49
 1050 00d5 13       		.uleb128 0x13
 1051 00d6 11       		.uleb128 0x11
 1052 00d7 01       		.uleb128 0x1
 1053 00d8 12       		.uleb128 0x12
 1054 00d9 06       		.uleb128 0x6
 1055 00da 40       		.uleb128 0x40
 1056 00db 18       		.uleb128 0x18
 1057 00dc 9642     		.uleb128 0x2116
 1058 00de 19       		.uleb128 0x19
 1059 00df 01       		.uleb128 0x1
 1060 00e0 13       		.uleb128 0x13
 1061 00e1 00       		.byte	0
 1062 00e2 00       		.byte	0
 1063 00e3 11       		.uleb128 0x11
 1064 00e4 05       		.uleb128 0x5
 1065 00e5 00       		.byte	0
 1066 00e6 03       		.uleb128 0x3
 1067 00e7 0E       		.uleb128 0xe
 1068 00e8 3A       		.uleb128 0x3a
 1069 00e9 0B       		.uleb128 0xb
 1070 00ea 3B       		.uleb128 0x3b
 1071 00eb 05       		.uleb128 0x5
 1072 00ec 49       		.uleb128 0x49
 1073 00ed 13       		.uleb128 0x13
 1074 00ee 02       		.uleb128 0x2
 1075 00ef 18       		.uleb128 0x18
 1076 00f0 00       		.byte	0
 1077 00f1 00       		.byte	0
 1078 00f2 12       		.uleb128 0x12
 1079 00f3 34       		.uleb128 0x34
 1080 00f4 00       		.byte	0
ARM GAS  C:\Users\Greg\AppData\Local\Temp\ccQyjsNX.s 			page 29


 1081 00f5 03       		.uleb128 0x3
 1082 00f6 08       		.uleb128 0x8
 1083 00f7 3A       		.uleb128 0x3a
 1084 00f8 0B       		.uleb128 0xb
 1085 00f9 3B       		.uleb128 0x3b
 1086 00fa 05       		.uleb128 0x5
 1087 00fb 49       		.uleb128 0x49
 1088 00fc 13       		.uleb128 0x13
 1089 00fd 3F       		.uleb128 0x3f
 1090 00fe 19       		.uleb128 0x19
 1091 00ff 3C       		.uleb128 0x3c
 1092 0100 19       		.uleb128 0x19
 1093 0101 00       		.byte	0
 1094 0102 00       		.byte	0
 1095 0103 13       		.uleb128 0x13
 1096 0104 34       		.uleb128 0x34
 1097 0105 00       		.byte	0
 1098 0106 03       		.uleb128 0x3
 1099 0107 0E       		.uleb128 0xe
 1100 0108 3A       		.uleb128 0x3a
 1101 0109 0B       		.uleb128 0xb
 1102 010a 3B       		.uleb128 0x3b
 1103 010b 05       		.uleb128 0x5
 1104 010c 49       		.uleb128 0x49
 1105 010d 13       		.uleb128 0x13
 1106 010e 02       		.uleb128 0x2
 1107 010f 18       		.uleb128 0x18
 1108 0110 00       		.byte	0
 1109 0111 00       		.byte	0
 1110 0112 14       		.uleb128 0x14
 1111 0113 2E       		.uleb128 0x2e
 1112 0114 00       		.byte	0
 1113 0115 3F       		.uleb128 0x3f
 1114 0116 19       		.uleb128 0x19
 1115 0117 03       		.uleb128 0x3
 1116 0118 0E       		.uleb128 0xe
 1117 0119 3A       		.uleb128 0x3a
 1118 011a 0B       		.uleb128 0xb
 1119 011b 3B       		.uleb128 0x3b
 1120 011c 05       		.uleb128 0x5
 1121 011d 27       		.uleb128 0x27
 1122 011e 19       		.uleb128 0x19
 1123 011f 11       		.uleb128 0x11
 1124 0120 01       		.uleb128 0x1
 1125 0121 12       		.uleb128 0x12
 1126 0122 06       		.uleb128 0x6
 1127 0123 40       		.uleb128 0x40
 1128 0124 18       		.uleb128 0x18
 1129 0125 9642     		.uleb128 0x2116
 1130 0127 19       		.uleb128 0x19
 1131 0128 00       		.byte	0
 1132 0129 00       		.byte	0
 1133 012a 15       		.uleb128 0x15
 1134 012b 2E       		.uleb128 0x2e
 1135 012c 01       		.byte	0x1
 1136 012d 3F       		.uleb128 0x3f
 1137 012e 19       		.uleb128 0x19
ARM GAS  C:\Users\Greg\AppData\Local\Temp\ccQyjsNX.s 			page 30


 1138 012f 03       		.uleb128 0x3
 1139 0130 0E       		.uleb128 0xe
 1140 0131 3A       		.uleb128 0x3a
 1141 0132 0B       		.uleb128 0xb
 1142 0133 3B       		.uleb128 0x3b
 1143 0134 05       		.uleb128 0x5
 1144 0135 27       		.uleb128 0x27
 1145 0136 19       		.uleb128 0x19
 1146 0137 11       		.uleb128 0x11
 1147 0138 01       		.uleb128 0x1
 1148 0139 12       		.uleb128 0x12
 1149 013a 06       		.uleb128 0x6
 1150 013b 40       		.uleb128 0x40
 1151 013c 18       		.uleb128 0x18
 1152 013d 9642     		.uleb128 0x2116
 1153 013f 19       		.uleb128 0x19
 1154 0140 01       		.uleb128 0x1
 1155 0141 13       		.uleb128 0x13
 1156 0142 00       		.byte	0
 1157 0143 00       		.byte	0
 1158 0144 16       		.uleb128 0x16
 1159 0145 0B       		.uleb128 0xb
 1160 0146 01       		.byte	0x1
 1161 0147 11       		.uleb128 0x11
 1162 0148 01       		.uleb128 0x1
 1163 0149 12       		.uleb128 0x12
 1164 014a 06       		.uleb128 0x6
 1165 014b 00       		.byte	0
 1166 014c 00       		.byte	0
 1167 014d 17       		.uleb128 0x17
 1168 014e 34       		.uleb128 0x34
 1169 014f 00       		.byte	0
 1170 0150 03       		.uleb128 0x3
 1171 0151 08       		.uleb128 0x8
 1172 0152 3A       		.uleb128 0x3a
 1173 0153 0B       		.uleb128 0xb
 1174 0154 3B       		.uleb128 0x3b
 1175 0155 05       		.uleb128 0x5
 1176 0156 49       		.uleb128 0x49
 1177 0157 13       		.uleb128 0x13
 1178 0158 02       		.uleb128 0x2
 1179 0159 18       		.uleb128 0x18
 1180 015a 00       		.byte	0
 1181 015b 00       		.byte	0
 1182 015c 18       		.uleb128 0x18
 1183 015d 34       		.uleb128 0x34
 1184 015e 00       		.byte	0
 1185 015f 03       		.uleb128 0x3
 1186 0160 0E       		.uleb128 0xe
 1187 0161 3A       		.uleb128 0x3a
 1188 0162 0B       		.uleb128 0xb
 1189 0163 3B       		.uleb128 0x3b
 1190 0164 0B       		.uleb128 0xb
 1191 0165 49       		.uleb128 0x49
 1192 0166 13       		.uleb128 0x13
 1193 0167 02       		.uleb128 0x2
 1194 0168 18       		.uleb128 0x18
ARM GAS  C:\Users\Greg\AppData\Local\Temp\ccQyjsNX.s 			page 31


 1195 0169 00       		.byte	0
 1196 016a 00       		.byte	0
 1197 016b 19       		.uleb128 0x19
 1198 016c 34       		.uleb128 0x34
 1199 016d 00       		.byte	0
 1200 016e 03       		.uleb128 0x3
 1201 016f 0E       		.uleb128 0xe
 1202 0170 3A       		.uleb128 0x3a
 1203 0171 0B       		.uleb128 0xb
 1204 0172 3B       		.uleb128 0x3b
 1205 0173 0B       		.uleb128 0xb
 1206 0174 49       		.uleb128 0x49
 1207 0175 13       		.uleb128 0x13
 1208 0176 3F       		.uleb128 0x3f
 1209 0177 19       		.uleb128 0x19
 1210 0178 3C       		.uleb128 0x3c
 1211 0179 19       		.uleb128 0x19
 1212 017a 00       		.byte	0
 1213 017b 00       		.byte	0
 1214 017c 1A       		.uleb128 0x1a
 1215 017d 01       		.uleb128 0x1
 1216 017e 01       		.byte	0x1
 1217 017f 49       		.uleb128 0x49
 1218 0180 13       		.uleb128 0x13
 1219 0181 01       		.uleb128 0x1
 1220 0182 13       		.uleb128 0x13
 1221 0183 00       		.byte	0
 1222 0184 00       		.byte	0
 1223 0185 1B       		.uleb128 0x1b
 1224 0186 21       		.uleb128 0x21
 1225 0187 00       		.byte	0
 1226 0188 49       		.uleb128 0x49
 1227 0189 13       		.uleb128 0x13
 1228 018a 2F       		.uleb128 0x2f
 1229 018b 0B       		.uleb128 0xb
 1230 018c 00       		.byte	0
 1231 018d 00       		.byte	0
 1232 018e 1C       		.uleb128 0x1c
 1233 018f 34       		.uleb128 0x34
 1234 0190 00       		.byte	0
 1235 0191 03       		.uleb128 0x3
 1236 0192 0E       		.uleb128 0xe
 1237 0193 3A       		.uleb128 0x3a
 1238 0194 0B       		.uleb128 0xb
 1239 0195 3B       		.uleb128 0x3b
 1240 0196 0B       		.uleb128 0xb
 1241 0197 49       		.uleb128 0x49
 1242 0198 13       		.uleb128 0x13
 1243 0199 3F       		.uleb128 0x3f
 1244 019a 19       		.uleb128 0x19
 1245 019b 02       		.uleb128 0x2
 1246 019c 18       		.uleb128 0x18
 1247 019d 00       		.byte	0
 1248 019e 00       		.byte	0
 1249 019f 1D       		.uleb128 0x1d
 1250 01a0 21       		.uleb128 0x21
 1251 01a1 00       		.byte	0
ARM GAS  C:\Users\Greg\AppData\Local\Temp\ccQyjsNX.s 			page 32


 1252 01a2 00       		.byte	0
 1253 01a3 00       		.byte	0
 1254 01a4 1E       		.uleb128 0x1e
 1255 01a5 34       		.uleb128 0x34
 1256 01a6 00       		.byte	0
 1257 01a7 03       		.uleb128 0x3
 1258 01a8 0E       		.uleb128 0xe
 1259 01a9 3A       		.uleb128 0x3a
 1260 01aa 0B       		.uleb128 0xb
 1261 01ab 3B       		.uleb128 0x3b
 1262 01ac 05       		.uleb128 0x5
 1263 01ad 49       		.uleb128 0x49
 1264 01ae 13       		.uleb128 0x13
 1265 01af 3F       		.uleb128 0x3f
 1266 01b0 19       		.uleb128 0x19
 1267 01b1 02       		.uleb128 0x2
 1268 01b2 18       		.uleb128 0x18
 1269 01b3 00       		.byte	0
 1270 01b4 00       		.byte	0
 1271 01b5 00       		.byte	0
 1272              		.section	.debug_aranges,"",%progbits
 1273 0000 44000000 		.4byte	0x44
 1274 0004 0200     		.2byte	0x2
 1275 0006 00000000 		.4byte	.Ldebug_info0
 1276 000a 04       		.byte	0x4
 1277 000b 00       		.byte	0
 1278 000c 0000     		.2byte	0
 1279 000e 0000     		.2byte	0
 1280 0010 00000000 		.4byte	.LFB0
 1281 0014 14000000 		.4byte	.LFE0-.LFB0
 1282 0018 00000000 		.4byte	.LFB1
 1283 001c 14000000 		.4byte	.LFE1-.LFB1
 1284 0020 00000000 		.4byte	.LFB2
 1285 0024 50000000 		.4byte	.LFE2-.LFB2
 1286 0028 00000000 		.4byte	.LFB3
 1287 002c 18000000 		.4byte	.LFE3-.LFB3
 1288 0030 00000000 		.4byte	.LFB4
 1289 0034 98000000 		.4byte	.LFE4-.LFB4
 1290 0038 00000000 		.4byte	.LFB5
 1291 003c 90000000 		.4byte	.LFE5-.LFB5
 1292 0040 00000000 		.4byte	0
 1293 0044 00000000 		.4byte	0
 1294              		.section	.debug_ranges,"",%progbits
 1295              	.Ldebug_ranges0:
 1296 0000 00000000 		.4byte	.LFB0
 1297 0004 14000000 		.4byte	.LFE0
 1298 0008 00000000 		.4byte	.LFB1
 1299 000c 14000000 		.4byte	.LFE1
 1300 0010 00000000 		.4byte	.LFB2
 1301 0014 50000000 		.4byte	.LFE2
 1302 0018 00000000 		.4byte	.LFB3
 1303 001c 18000000 		.4byte	.LFE3
 1304 0020 00000000 		.4byte	.LFB4
 1305 0024 98000000 		.4byte	.LFE4
 1306 0028 00000000 		.4byte	.LFB5
 1307 002c 90000000 		.4byte	.LFE5
 1308 0030 00000000 		.4byte	0
ARM GAS  C:\Users\Greg\AppData\Local\Temp\ccQyjsNX.s 			page 33


 1309 0034 00000000 		.4byte	0
 1310              		.section	.debug_line,"",%progbits
 1311              	.Ldebug_line0:
 1312 0000 D7010000 		.section	.debug_str,"MS",%progbits,1
 1312      0200D200 
 1312      00000201 
 1312      FB0E0D00 
 1312      01010101 
 1313              	.LASF15:
 1314 0000 72656733 		.ascii	"reg32\000"
 1314      3200
 1315              	.LASF17:
 1316 0006 73697A65 		.ascii	"size_t\000"
 1316      5F7400
 1317              	.LASF39:
 1318 000d 43795261 		.ascii	"CyRamVectors\000"
 1318      6D566563 
 1318      746F7273 
 1318      00
 1319              	.LASF31:
 1320 001a 53746172 		.ascii	"Start_c\000"
 1320      745F6300 
 1321              	.LASF35:
 1322 0022 636F756E 		.ascii	"count\000"
 1322      7400
 1323              	.LASF27:
 1324 0028 68656170 		.ascii	"heapPointer\000"
 1324      506F696E 
 1324      74657200 
 1325              	.LASF3:
 1326 0034 73686F72 		.ascii	"short unsigned int\000"
 1326      7420756E 
 1326      7369676E 
 1326      65642069 
 1326      6E7400
 1327              	.LASF41:
 1328 0047 5F5F6379 		.ascii	"__cy_region_num\000"
 1328      5F726567 
 1328      696F6E5F 
 1328      6E756D00 
 1329              	.LASF20:
 1330 0057 696E6974 		.ascii	"init\000"
 1330      00
 1331              	.LASF24:
 1332 005c 73746174 		.ascii	"status\000"
 1332      757300
 1333              	.LASF23:
 1334 0063 7A65726F 		.ascii	"zero_size\000"
 1334      5F73697A 
 1334      6500
 1335              	.LASF33:
 1336 006d 72707472 		.ascii	"rptr\000"
 1336      00
 1337              	.LASF11:
 1338 0072 666C6F61 		.ascii	"float\000"
 1338      7400
 1339              	.LASF21:
ARM GAS  C:\Users\Greg\AppData\Local\Temp\ccQyjsNX.s 			page 34


 1340 0078 64617461 		.ascii	"data\000"
 1340      00
 1341              	.LASF1:
 1342 007d 756E7369 		.ascii	"unsigned char\000"
 1342      676E6564 
 1342      20636861 
 1342      7200
 1343              	.LASF26:
 1344 008b 72657475 		.ascii	"returnValue\000"
 1344      726E5661 
 1344      6C756500 
 1345              	.LASF42:
 1346 0097 526F6D56 		.ascii	"RomVectors\000"
 1346      6563746F 
 1346      727300
 1347              	.LASF5:
 1348 00a2 6C6F6E67 		.ascii	"long unsigned int\000"
 1348      20756E73 
 1348      69676E65 
 1348      6420696E 
 1348      7400
 1349              	.LASF37:
 1350 00b4 63795379 		.ascii	"cySysNoInitDataValid\000"
 1350      734E6F49 
 1350      6E697444 
 1350      61746156 
 1350      616C6964 
 1351              	.LASF9:
 1352 00c9 75696E74 		.ascii	"uint8\000"
 1352      3800
 1353              	.LASF29:
 1354 00cf 52657365 		.ascii	"Reset\000"
 1354      7400
 1355              	.LASF30:
 1356 00d5 5F657869 		.ascii	"_exit\000"
 1356      7400
 1357              	.LASF44:
 1358 00db 47656E65 		.ascii	"Generated_Source\\PSoC5\\Cm3Start.c\000"
 1358      72617465 
 1358      645F536F 
 1358      75726365 
 1358      5C50536F 
 1359              	.LASF47:
 1360 00fd 5F736272 		.ascii	"_sbrk\000"
 1360      6B00
 1361              	.LASF43:
 1362 0103 474E5520 		.ascii	"GNU C 4.9.3 20150303 (release) [ARM/embedded-4_9-br"
 1362      4320342E 
 1362      392E3320 
 1362      32303135 
 1362      30333033 
 1363 0136 616E6368 		.ascii	"anch revision 221220] -mcpu=cortex-m3 -mthumb -g -O"
 1363      20726576 
 1363      6973696F 
 1363      6E203232 
 1363      31323230 
 1364 0169 30202D66 		.ascii	"0 -ffunction-sections -ffat-lto-objects\000"
ARM GAS  C:\Users\Greg\AppData\Local\Temp\ccQyjsNX.s 			page 35


 1364      66756E63 
 1364      74696F6E 
 1364      2D736563 
 1364      74696F6E 
 1365              	.LASF12:
 1366 0191 646F7562 		.ascii	"double\000"
 1366      6C6500
 1367              	.LASF45:
 1368 0198 433A5C53 		.ascii	"C:\\SVN\\apps\\trunk\\Cypress Academy\\PSoC-121-Ana"
 1368      564E5C61 
 1368      7070735C 
 1368      7472756E 
 1368      6B5C4379 
 1369 01c6 6C6F675C 		.ascii	"log\\Scope\\KEES_Scope\\PSoC\\Scope.cydsn\000"
 1369      53636F70 
 1369      655C4B45 
 1369      45535F53 
 1369      636F7065 
 1370              	.LASF36:
 1371 01ec 696E6974 		.ascii	"initialize_psoc\000"
 1371      69616C69 
 1371      7A655F70 
 1371      736F6300 
 1372              	.LASF10:
 1373 01fc 75696E74 		.ascii	"uint32\000"
 1373      333200
 1374              	.LASF8:
 1375 0203 756E7369 		.ascii	"unsigned int\000"
 1375      676E6564 
 1375      20696E74 
 1375      00
 1376              	.LASF7:
 1377 0210 6C6F6E67 		.ascii	"long long unsigned int\000"
 1377      206C6F6E 
 1377      6720756E 
 1377      7369676E 
 1377      65642069 
 1378              	.LASF34:
 1379 0227 6C696D69 		.ascii	"limit\000"
 1379      7400
 1380              	.LASF16:
 1381 022d 63796973 		.ascii	"cyisraddress\000"
 1381      72616464 
 1381      72657373 
 1381      00
 1382              	.LASF22:
 1383 023a 696E6974 		.ascii	"init_size\000"
 1383      5F73697A 
 1383      6500
 1384              	.LASF19:
 1385 0244 5F5F6379 		.ascii	"__cy_byte_align8\000"
 1385      5F627974 
 1385      655F616C 
 1385      69676E38 
 1385      00
 1386              	.LASF14:
 1387 0255 72656738 		.ascii	"reg8\000"
ARM GAS  C:\Users\Greg\AppData\Local\Temp\ccQyjsNX.s 			page 36


 1387      00
 1388              	.LASF18:
 1389 025a 73697A65 		.ascii	"sizetype\000"
 1389      74797065 
 1389      00
 1390              	.LASF6:
 1391 0263 6C6F6E67 		.ascii	"long long int\000"
 1391      206C6F6E 
 1391      6720696E 
 1391      7400
 1392              	.LASF13:
 1393 0271 63686172 		.ascii	"char\000"
 1393      00
 1394              	.LASF2:
 1395 0276 73686F72 		.ascii	"short int\000"
 1395      7420696E 
 1395      7400
 1396              	.LASF4:
 1397 0280 6C6F6E67 		.ascii	"long int\000"
 1397      20696E74 
 1397      00
 1398              	.LASF38:
 1399 0289 43795265 		.ascii	"CyResetStatus\000"
 1399      73657453 
 1399      74617475 
 1399      7300
 1400              	.LASF0:
 1401 0297 7369676E 		.ascii	"signed char\000"
 1401      65642063 
 1401      68617200 
 1402              	.LASF28:
 1403 02a3 496E7444 		.ascii	"IntDefaultHandler\000"
 1403      65666175 
 1403      6C744861 
 1403      6E646C65 
 1403      7200
 1404              	.LASF40:
 1405 02b5 5F5F6379 		.ascii	"__cy_regions\000"
 1405      5F726567 
 1405      696F6E73 
 1405      00
 1406              	.LASF32:
 1407 02c2 72656769 		.ascii	"regions\000"
 1407      6F6E7300 
 1408              	.LASF25:
 1409 02ca 6E627974 		.ascii	"nbytes\000"
 1409      657300
 1410              	.LASF46:
 1411 02d1 5F5F6379 		.ascii	"__cy_region\000"
 1411      5F726567 
 1411      696F6E00 
 1412              		.ident	"GCC: (GNU Tools for ARM Embedded Processors) 4.9.3 20150303 (release) [ARM/embedded-4_9-br
