Archive member included because of file (symbol)

.\CortexM3\ARM_GCC_493\Debug\Scope.a(cyfitter_cfg.o)
                              .\CortexM3\ARM_GCC_493\Debug\Cm3Start.o (cyfitter_cfg)
.\CortexM3\ARM_GCC_493\Debug\Scope.a(CyDmac.o)
                              .\CortexM3\ARM_GCC_493\Debug\Cm3Start.o (CyDmacConfigure)
.\CortexM3\ARM_GCC_493\Debug\Scope.a(CyLib.o)
                              .\CortexM3\ARM_GCC_493\Debug\Cm3Start.o (CyResetStatus)
.\CortexM3\ARM_GCC_493\Debug\Scope.a(cyPm.o)
                              .\CortexM3\ARM_GCC_493\Debug\Scope.a(CyLib.o) (CyPmReadStatus)
.\CortexM3\ARM_GCC_493\Debug\Scope.a(ADC_2.o)
                              .\CortexM3\ARM_GCC_493\Debug\main.o (ADC_2_Start)
.\CortexM3\ARM_GCC_493\Debug\Scope.a(ADC_2_INT.o)
                              .\CortexM3\ARM_GCC_493\Debug\Scope.a(ADC_2.o) (ADC_2_ISR)
.\CortexM3\ARM_GCC_493\Debug\Scope.a(ADC_1.o)
                              .\CortexM3\ARM_GCC_493\Debug\main.o (ADC_1_Start)
.\CortexM3\ARM_GCC_493\Debug\Scope.a(ADC_1_INT.o)
                              .\CortexM3\ARM_GCC_493\Debug\Scope.a(ADC_1.o) (ADC_1_ISR)
.\CortexM3\ARM_GCC_493\Debug\Scope.a(USBUART.o)
                              .\CortexM3\ARM_GCC_493\Debug\main.o (USBUART_Start)
.\CortexM3\ARM_GCC_493\Debug\Scope.a(USBUART_cdc.o)
                              .\CortexM3\ARM_GCC_493\Debug\main.o (USBUART_CDC_Init)
.\CortexM3\ARM_GCC_493\Debug\Scope.a(USBUART_drv.o)
                              .\CortexM3\ARM_GCC_493\Debug\Scope.a(USBUART.o) (USBUART_EP)
.\CortexM3\ARM_GCC_493\Debug\Scope.a(USBUART_episr.o)
                              .\CortexM3\ARM_GCC_493\Debug\Scope.a(USBUART.o) (USBUART_EP_1_ISR)
.\CortexM3\ARM_GCC_493\Debug\Scope.a(USBUART_pm.o)
                              .\CortexM3\ARM_GCC_493\Debug\Scope.a(USBUART.o) (USBUART_DP_ISR)
.\CortexM3\ARM_GCC_493\Debug\Scope.a(USBUART_std.o)
                              .\CortexM3\ARM_GCC_493\Debug\Scope.a(USBUART_drv.o) (USBUART_HandleStandardRqst)
.\CortexM3\ARM_GCC_493\Debug\Scope.a(USBUART_vnd.o)
                              .\CortexM3\ARM_GCC_493\Debug\Scope.a(USBUART_drv.o) (USBUART_HandleVendorRqst)
.\CortexM3\ARM_GCC_493\Debug\Scope.a(SampleClock.o)
                              .\CortexM3\ARM_GCC_493\Debug\main.o (SampleClock_SetDividerRegister)
.\CortexM3\ARM_GCC_493\Debug\Scope.a(Vtrigger.o)
                              .\CortexM3\ARM_GCC_493\Debug\main.o (Vtrigger_Start)
.\CortexM3\ARM_GCC_493\Debug\Scope.a(Amux_Trigger.o)
                              .\CortexM3\ARM_GCC_493\Debug\main.o (Amux_Trigger_FastSelect)
.\CortexM3\ARM_GCC_493\Debug\Scope.a(DMA_Channel_1_dma.o)
                              .\CortexM3\ARM_GCC_493\Debug\main.o (DMA_Channel_1_DmaInitialize)
.\CortexM3\ARM_GCC_493\Debug\Scope.a(DMA_Channel_2_dma.o)
                              .\CortexM3\ARM_GCC_493\Debug\main.o (DMA_Channel_2_DmaInitialize)
.\CortexM3\ARM_GCC_493\Debug\Scope.a(PWM_Sample_Buffer.o)
                              .\CortexM3\ARM_GCC_493\Debug\main.o (PWM_Sample_Buffer_Start)
.\CortexM3\ARM_GCC_493\Debug\Scope.a(USBUART_Dp.o)
                              .\CortexM3\ARM_GCC_493\Debug\Scope.a(USBUART.o) (USBUART_Dp_ClearInterrupt)
.\CortexM3\ARM_GCC_493\Debug\Scope.a(Trigger_Control.o)
                              .\CortexM3\ARM_GCC_493\Debug\main.o (Trigger_Control_Write)
.\CortexM3\ARM_GCC_493\Debug\Scope.a(Trigger_Status.o)
                              .\CortexM3\ARM_GCC_493\Debug\main.o (Trigger_Status_Read)
.\CortexM3\ARM_GCC_493\Debug\Scope.a(Trigger_Comp.o)
                              .\CortexM3\ARM_GCC_493\Debug\main.o (Trigger_Comp_Start)
.\CortexM3\ARM_GCC_493\Debug\Scope.a(Wave_DAC.o)
                              .\CortexM3\ARM_GCC_493\Debug\main.o (Wave_DAC_Wave1Setup)
.\CortexM3\ARM_GCC_493\Debug\Scope.a(Wave_Buf.o)
                              .\CortexM3\ARM_GCC_493\Debug\main.o (Wave_Buf_Start)
.\CortexM3\ARM_GCC_493\Debug\Scope.a(Wave_Clock.o)
                              .\CortexM3\ARM_GCC_493\Debug\main.o (Wave_Clock_SetDividerRegister)
.\CortexM3\ARM_GCC_493\Debug\Scope.a(PRS.o)
                              .\CortexM3\ARM_GCC_493\Debug\main.o (PRS_Start)
.\CortexM3\ARM_GCC_493\Debug\Scope.a(Wave_DAC_Wave1_DMA_dma.o)
                              .\CortexM3\ARM_GCC_493\Debug\Scope.a(Wave_DAC.o) (Wave_DAC_Wave1_DMA_DmaInitialize)
.\CortexM3\ARM_GCC_493\Debug\Scope.a(Wave_DAC_Wave2_DMA_dma.o)
                              .\CortexM3\ARM_GCC_493\Debug\Scope.a(Wave_DAC.o) (Wave_DAC_Wave2_DMA_DmaInitialize)
.\CortexM3\ARM_GCC_493\Debug\Scope.a(Wave_DAC_VDAC8.o)
                              .\CortexM3\ARM_GCC_493\Debug\Scope.a(Wave_DAC.o) (Wave_DAC_VDAC8_Init)
.\CortexM3\ARM_GCC_493\Debug\Scope.a(Wave_Control.o)
                              .\CortexM3\ARM_GCC_493\Debug\main.o (Wave_Control_Write)
.\CortexM3\ARM_GCC_493\Debug\Scope.a(Digital_Out_Control.o)
                              .\CortexM3\ARM_GCC_493\Debug\main.o (Digital_Out_Control_Write)
[...]
Memory Configuration

Name             Origin             Length             Attributes
rom              0x00000000         0x00040000         xr
ram              0x1fff8000         0x00010000         xrw
*default*        0x00000000         0xffffffff

Linker script and memory map

LOAD c:/program files (x86)/cypress/psoc creator/4.0/psoc creator/import/gnu/arm/4.9.3/bin/../lib/gcc/arm-none-eabi/4.9.3/armv7-m/crti.o
LOAD c:/program files (x86)/cypress/psoc creator/4.0/psoc creator/import/gnu/arm/4.9.3/bin/../lib/gcc/arm-none-eabi/4.9.3/armv7-m/crtbegin.o
LOAD c:/program files (x86)/cypress/psoc creator/4.0/psoc creator/import/gnu/arm/4.9.3/bin/../lib/gcc/arm-none-eabi/4.9.3/../../../../arm-none-eabi/lib/armv7-m/crt0.o
START GROUP
LOAD .\CortexM3\ARM_GCC_493\Debug\main.o
LOAD .\CortexM3\ARM_GCC_493\Debug\Cm3Start.o
LOAD .\CortexM3\ARM_GCC_493\Debug\cymetadata.o
LOAD .\CortexM3\ARM_GCC_493\Debug\Scope.a
LOAD C:\Program Files (x86)\Cypress\PSoC Creator\4.0\PSoC Creator\psoc\content\cycomponentlibrary\CyComponentLibrary.cylib\CortexM3\ARM_GCC_493\Debug\CyComponentLibrary.a
END GROUP
START GROUP
LOAD c:/program files (x86)/cypress/psoc creator/4.0/psoc creator/import/gnu/arm/4.9.3/bin/../lib/gcc/arm-none-eabi/4.9.3/armv7-m\libgcc.a
LOAD c:/program files (x86)/cypress/psoc creator/4.0/psoc creator/import/gnu/arm/4.9.3/bin/../lib/gcc/arm-none-eabi/4.9.3/../../../../arm-none-eabi/lib/armv7-m\libg_nano.a
LOAD c:/program files (x86)/cypress/psoc creator/4.0/psoc creator/import/gnu/arm/4.9.3/bin/../lib/gcc/arm-none-eabi/4.9.3/../../../../arm-none-eabi/lib/armv7-m\libc_nano.a
END GROUP
START GROUP
LOAD c:/program files (x86)/cypress/psoc creator/4.0/psoc creator/import/gnu/arm/4.9.3/bin/../lib/gcc/arm-none-eabi/4.9.3/armv7-m\libgcc.a
LOAD c:/program files (x86)/cypress/psoc creator/4.0/psoc creator/import/gnu/arm/4.9.3/bin/../lib/gcc/arm-none-eabi/4.9.3/../../../../arm-none-eabi/lib/armv7-m\libc_nano.a
END GROUP
LOAD c:/program files (x86)/cypress/psoc creator/4.0/psoc creator/import/gnu/arm/4.9.3/bin/../lib/gcc/arm-none-eabi/4.9.3/armv7-m/crtend.o
LOAD c:/program files (x86)/cypress/psoc creator/4.0/psoc creator/import/gnu/arm/4.9.3/bin/../lib/gcc/arm-none-eabi/4.9.3/armv7-m/crtn.o
START GROUP
LOAD c:/program files (x86)/cypress/psoc creator/4.0/psoc creator/import/gnu/arm/4.9.3/bin/../lib/gcc/arm-none-eabi/4.9.3/armv7-m\libgcc.a
LOAD c:/program files (x86)/cypress/psoc creator/4.0/psoc creator/import/gnu/arm/4.9.3/bin/../lib/gcc/arm-none-eabi/4.9.3/../../../../arm-none-eabi/lib/armv7-m\libc.a
LOAD c:/program files (x86)/cypress/psoc creator/4.0/psoc creator/import/gnu/arm/4.9.3/bin/../lib/gcc/arm-none-eabi/4.9.3/../../../../arm-none-eabi/lib/armv7-m\libnosys.a
END GROUP
                0x00000000                CY_APPL_ORIGIN = 0x0
                0x00000100                CY_FLASH_ROW_SIZE = 0x100
                0x00000020                CY_ECC_ROW_SIZE = 0x20
                0x00000000                CY_EE_IN_BTLDR = 0x0
                0x00000000                CY_APPL_LOADABLE = 0x0
                0x00000800                CY_EE_SIZE = 0x800
                0x00000001                CY_APPL_NUM = 0x1
                0x00000001                CY_APPL_MAX = 0x1
                0x00000040                CY_METADATA_SIZE = 0x40
                0x00000000                CY_APPL_LOADABLE = 0x0
                0x00000000                CY_CHECKSUM_EXCLUDE_SIZE = ALIGN (0x0, CY_FLASH_ROW_SIZE)
                0x1fffa5d0                PROVIDE (__cy_heap_start, _end)
                0x00000001                PROVIDE (__cy_region_num, ((__cy_regions_end - __cy_regions) / 0x10))
                0x20008000                PROVIDE (__cy_stack, (ORIGIN (ram) + 0x10000))
                0x20007800                PROVIDE (__cy_heap_end, (__cy_stack - 0x800))

.cybootloader   0x00000000        0x0
 *(.cybootloader)
                0x00000000                appl1_start = CY_APPL_ORIGIN?CY_APPL_ORIGIN:ALIGN (CY_FLASH_ROW_SIZE)
                0x0001ff00                appl2_start = (appl1_start + ALIGN ((((0x40000 - appl1_start) - (0x2 * CY_FLASH_ROW_SIZE)) / 0x2), CY_FLASH_ROW_SIZE))
                0x00000000                appl_start = (CY_APPL_NUM == 0x1)?appl1_start:appl2_start
                0x00000000                ecc_offset = ((appl_start / CY_FLASH_ROW_SIZE) * CY_ECC_ROW_SIZE)
                0x00000000                ee_offset = (CY_APPL_LOADABLE && ! (CY_EE_IN_BTLDR))?((CY_EE_SIZE / CY_APPL_MAX) * (CY_APPL_NUM - 0x1)):0x0
                0x00000800                ee_size = (CY_APPL_LOADABLE && ! (CY_EE_IN_BTLDR))?(CY_EE_SIZE / CY_APPL_MAX):CY_EE_SIZE
                0x00000000                PROVIDE (CY_ECC_OFFSET, ecc_offset)

.text           0x00000000     0x7646
 CREATE_OBJECT_SYMBOLS
                0x00000000                PROVIDE (__cy_interrupt_vector, RomVectors)
 *(.romvectors)
 .romvectors    0x00000000       0x10 .\CortexM3\ARM_GCC_493\Debug\Cm3Start.o
                0x00000000                RomVectors
                0x00000001                ASSERT ((. != __cy_interrupt_vector), No interrupt vector)
                0x00000001                ASSERT (CY_APPL_ORIGIN?(SIZEOF (.cybootloader) <= CY_APPL_ORIGIN):0x1, Wrong image location)
                0x00000010                PROVIDE (__cy_reset, Reset)
 *(.text.Reset)
 .text.Reset    0x00000010       0x18 .\CortexM3\ARM_GCC_493\Debug\Cm3Start.o
                0x00000010                Reset
                0x00000001                ASSERT ((. != __cy_reset), No reset code)
 *(.dma_init)
                0x00000001                ASSERT ((((appl_start + .) <= 0x10000) || 0x1), DMA Init must be within the first 64k of flash)
 *(.text .text.* .gnu.linkonce.t.*)
 .text          0x00000028       0x5c c:/program files (x86)/cypress/psoc creator/4.0/psoc creator/import/gnu/arm/4.9.3/bin/../lib/gcc/arm-none-eabi/4.9.3/armv7-m/crtbegin.o
 *fill*         0x00000084        0x4 
 .text.main     0x00000088      0xe50 .\CortexM3\ARM_GCC_493\Debug\main.o
                0x00000088                main
 .text.Hardware_Config
                0x00000ed8      0x110 .\CortexM3\ARM_GCC_493\Debug\main.o
                0x00000ed8                Hardware_Config
 .text.DMA_Config
                0x00000fe8      0x13c .\CortexM3\ARM_GCC_493\Debug\main.o
                0x00000fe8                DMA_Config
 .text.GetLastSampleIndex
                0x00001124       0x64 .\CortexM3\ARM_GCC_493\Debug\main.o
                0x00001124                GetLastSampleIndex
 .text.CommandCheck
                0x00001188      0x180 .\CortexM3\ARM_GCC_493\Debug\main.o
                0x00001188                CommandCheck
 .text.PutString
                0x00001308       0x20 .\CortexM3\ARM_GCC_493\Debug\main.o
                0x00001308                PutString
 .text.PutChar  0x00001328       0x24 .\CortexM3\ARM_GCC_493\Debug\main.o
                0x00001328                PutChar
 .text.IntDefaultHandler
                0x0000134c       0x14 .\CortexM3\ARM_GCC_493\Debug\Cm3Start.o
                0x0000134c                IntDefaultHandler
 .text._sbrk    0x00001360       0x50 .\CortexM3\ARM_GCC_493\Debug\Cm3Start.o
                0x00001360                _sbrk
 .text.Start_c  0x000013b0       0x98 .\CortexM3\ARM_GCC_493\Debug\Cm3Start.o
                0x000013b0                Start_c
 .text.initialize_psoc
                0x00001448       0x90 .\CortexM3\ARM_GCC_493\Debug\Cm3Start.o
                0x00001448                initialize_psoc
 .text.CYMEMZERO
                0x000014d8       0x1c .\CortexM3\ARM_GCC_493\Debug\Scope.a(cyfitter_cfg.o)
 .text.CYCONFIGCPY
                0x000014f4       0x1c .\CortexM3\ARM_GCC_493\Debug\Scope.a(cyfitter_cfg.o)
 .text.CyClockStartupError
                0x00001510        0xc .\CortexM3\ARM_GCC_493\Debug\Scope.a(cyfitter_cfg.o)
 .text.cfg_write_bytes32
                0x0000151c       0x74 .\CortexM3\ARM_GCC_493\Debug\Scope.a(cyfitter_cfg.o)
 .text.ClockSetup
                0x00001590      0x168 .\CortexM3\ARM_GCC_493\Debug\Scope.a(cyfitter_cfg.o)
 .text.AnalogSetDefault
                0x000016f8      0x12c .\CortexM3\ARM_GCC_493\Debug\Scope.a(cyfitter_cfg.o)
 .text.Amux_Trigger_Set
                0x00001824       0x40 .\CortexM3\ARM_GCC_493\Debug\Scope.a(cyfitter_cfg.o)
                0x00001824                Amux_Trigger_Set
 .text.Amux_Trigger_Unset
                0x00001864       0x44 .\CortexM3\ARM_GCC_493\Debug\Scope.a(cyfitter_cfg.o)
                0x00001864                Amux_Trigger_Unset
 .text.cyfitter_cfg
                0x000018a8      0x1b0 .\CortexM3\ARM_GCC_493\Debug\Scope.a(cyfitter_cfg.o)
                0x000018a8                cyfitter_cfg
 .text.CyDmacConfigure
                0x00001a58       0x5c .\CortexM3\ARM_GCC_493\Debug\Scope.a(CyDmac.o)
                0x00001a58                CyDmacConfigure
 .text.CyDmaChEnable
                0x00001ab4       0x8c .\CortexM3\ARM_GCC_493\Debug\Scope.a(CyDmac.o)
                0x00001ab4                CyDmaChEnable
 .text.CyDmaChPriority
                0x00001b40       0x60 .\CortexM3\ARM_GCC_493\Debug\Scope.a(CyDmac.o)
                0x00001b40                CyDmaChPriority
 .text.CyDmaChSetExtendedAddress
                0x00001ba0       0x7c .\CortexM3\ARM_GCC_493\Debug\Scope.a(CyDmac.o)
                0x00001ba0                CyDmaChSetExtendedAddress
 .text.CyDmaChSetInitialTd
                0x00001c1c       0x3c .\CortexM3\ARM_GCC_493\Debug\Scope.a(CyDmac.o)
                0x00001c1c                CyDmaChSetInitialTd
 .text.CyDmaChSetRequest
                0x00001c58       0x58 .\CortexM3\ARM_GCC_493\Debug\Scope.a(CyDmac.o)
                0x00001c58                CyDmaChSetRequest
 .text.CyDmaChSetConfiguration
                0x00001cb0       0xa0 .\CortexM3\ARM_GCC_493\Debug\Scope.a(CyDmac.o)
                0x00001cb0                CyDmaChSetConfiguration
 .text.CyDmaTdAllocate
                0x00001d50       0x5c .\CortexM3\ARM_GCC_493\Debug\Scope.a(CyDmac.o)
                0x00001d50                CyDmaTdAllocate
 .text.CyDmaTdSetConfiguration
                0x00001dac       0x80 .\CortexM3\ARM_GCC_493\Debug\Scope.a(CyDmac.o)
                0x00001dac                CyDmaTdSetConfiguration
 .text.CyDmaTdSetAddress
                0x00001e2c       0x5c .\CortexM3\ARM_GCC_493\Debug\Scope.a(CyDmac.o)
                0x00001e2c                CyDmaTdSetAddress
 .text.CyDmaChRoundRobin
                0x00001e88       0x70 .\CortexM3\ARM_GCC_493\Debug\Scope.a(CyDmac.o)
                0x00001e88                CyDmaChRoundRobin
 .text.CyHalt   0x00001ef8       0x18 .\CortexM3\ARM_GCC_493\Debug\Scope.a(CyLib.o)
                0x00001ef8                CyHalt
 .text.CyDelayUs
                0x00001f10       0x24 .\CortexM3\ARM_GCC_493\Debug\Scope.a(CyLib.o)
                0x00001f10                CyDelayUs
 .text.CyIntSetVector
                0x00001f34       0x50 .\CortexM3\ARM_GCC_493\Debug\Scope.a(CyLib.o)
                0x00001f34                CyIntSetVector
 .text.CyIntSetPriority
                0x00001f84       0x44 .\CortexM3\ARM_GCC_493\Debug\Scope.a(CyLib.o)
                0x00001f84                CyIntSetPriority
 .text.CyGetUniqueId
                0x00001fc8       0xc4 .\CortexM3\ARM_GCC_493\Debug\Scope.a(CyLib.o)
                0x00001fc8                CyGetUniqueId
 .text.ADC_2_Start
                0x0000208c       0x20 .\CortexM3\ARM_GCC_493\Debug\Scope.a(ADC_2.o)
                0x0000208c                ADC_2_Start
 .text.ADC_2_Init
                0x000020ac       0x40 .\CortexM3\ARM_GCC_493\Debug\Scope.a(ADC_2.o)
                0x000020ac                ADC_2_Init
 .text.ADC_2_Enable
                0x000020ec       0xcc .\CortexM3\ARM_GCC_493\Debug\Scope.a(ADC_2.o)
                0x000020ec                ADC_2_Enable
 .text.ADC_2_SetResolution
                0x000021b8       0x50 .\CortexM3\ARM_GCC_493\Debug\Scope.a(ADC_2.o)
                0x000021b8                ADC_2_SetResolution
 .text.ADC_2_CalcGain
                0x00002208       0x80 .\CortexM3\ARM_GCC_493\Debug\Scope.a(ADC_2.o)
 .text.ADC_2_ISR
                0x00002288        0xc .\CortexM3\ARM_GCC_493\Debug\Scope.a(ADC_2_INT.o)
                0x00002288                ADC_2_ISR
 .text.ADC_1_Start
                0x00002294       0x20 .\CortexM3\ARM_GCC_493\Debug\Scope.a(ADC_1.o)
                0x00002294                ADC_1_Start
 .text.ADC_1_Init
                0x000022b4       0x40 .\CortexM3\ARM_GCC_493\Debug\Scope.a(ADC_1.o)
                0x000022b4                ADC_1_Init
 .text.ADC_1_Enable
                0x000022f4       0xcc .\CortexM3\ARM_GCC_493\Debug\Scope.a(ADC_1.o)
                0x000022f4                ADC_1_Enable
 .text.ADC_1_SetResolution
                0x000023c0       0x50 .\CortexM3\ARM_GCC_493\Debug\Scope.a(ADC_1.o)
                0x000023c0                ADC_1_SetResolution
 .text.ADC_1_CalcGain
                0x00002410       0x80 .\CortexM3\ARM_GCC_493\Debug\Scope.a(ADC_1.o)
 .text.ADC_1_ISR
                0x00002490        0xc .\CortexM3\ARM_GCC_493\Debug\Scope.a(ADC_1_INT.o)
                0x00002490                ADC_1_ISR
 .text.USBUART_Start
                0x0000249c       0x38 .\CortexM3\ARM_GCC_493\Debug\Scope.a(USBUART.o)
                0x0000249c                USBUART_Start
 .text.USBUART_Init
                0x000024d4      0x1a0 .\CortexM3\ARM_GCC_493\Debug\Scope.a(USBUART.o)
                0x000024d4                USBUART_Init
 .text.USBUART_InitComponent
                0x00002674      0x100 .\CortexM3\ARM_GCC_493\Debug\Scope.a(USBUART.o)
                0x00002674                USBUART_InitComponent
 .text.USBUART_ReInitComponent
                0x00002774       0x68 .\CortexM3\ARM_GCC_493\Debug\Scope.a(USBUART.o)
                0x00002774                USBUART_ReInitComponent
 .text.USBUART_GetConfiguration
                0x000027dc       0x18 .\CortexM3\ARM_GCC_493\Debug\Scope.a(USBUART.o)
                0x000027dc                USBUART_GetConfiguration
 .text.USBUART_GetEPState
                0x000027f4       0x2c .\CortexM3\ARM_GCC_493\Debug\Scope.a(USBUART.o)
                0x000027f4                USBUART_GetEPState
 .text.USBUART_GetEPCount
                0x00002820       0x60 .\CortexM3\ARM_GCC_493\Debug\Scope.a(USBUART.o)
                0x00002820                USBUART_GetEPCount
 .text.USBUART_LoadInEP
                0x00002880       0xf8 .\CortexM3\ARM_GCC_493\Debug\Scope.a(USBUART.o)
                0x00002880                USBUART_LoadInEP
 .text.USBUART_ReadOutEP
                0x00002978       0x8c .\CortexM3\ARM_GCC_493\Debug\Scope.a(USBUART.o)
                0x00002978                USBUART_ReadOutEP
 .text.USBUART_EnableOutEP
                0x00002a04       0x54 .\CortexM3\ARM_GCC_493\Debug\Scope.a(USBUART.o)
                0x00002a04                USBUART_EnableOutEP
 .text.USBUART_DispatchCDCClassRqst
                0x00002a58       0xe8 .\CortexM3\ARM_GCC_493\Debug\Scope.a(USBUART_cdc.o)
                0x00002a58                USBUART_DispatchCDCClassRqst
 .text.USBUART_GetInterfaceComPort
                0x00002b40       0x60 .\CortexM3\ARM_GCC_493\Debug\Scope.a(USBUART_cdc.o)
                0x00002b40                USBUART_GetInterfaceComPort
 .text.USBUART_CDC_Init
                0x00002ba0       0xa8 .\CortexM3\ARM_GCC_493\Debug\Scope.a(USBUART_cdc.o)
                0x00002ba0                USBUART_CDC_Init
 .text.USBUART_PutData
                0x00002c48       0x6c .\CortexM3\ARM_GCC_493\Debug\Scope.a(USBUART_cdc.o)
                0x00002c48                USBUART_PutData
 .text.USBUART_StrLen
                0x00002cb4       0x30 .\CortexM3\ARM_GCC_493\Debug\Scope.a(USBUART_cdc.o)
 .text.USBUART_PutString
                0x00002ce4       0xdc .\CortexM3\ARM_GCC_493\Debug\Scope.a(USBUART_cdc.o)
                0x00002ce4                USBUART_PutString
 .text.USBUART_PutChar
                0x00002dc0       0x38 .\CortexM3\ARM_GCC_493\Debug\Scope.a(USBUART_cdc.o)
                0x00002dc0                USBUART_PutChar
 .text.USBUART_GetCount
                0x00002df8       0x50 .\CortexM3\ARM_GCC_493\Debug\Scope.a(USBUART_cdc.o)
                0x00002df8                USBUART_GetCount
 .text.USBUART_DataIsReady
                0x00002e48       0x24 .\CortexM3\ARM_GCC_493\Debug\Scope.a(USBUART_cdc.o)
                0x00002e48                USBUART_DataIsReady
 .text.USBUART_CDCIsReady
                0x00002e6c       0x24 .\CortexM3\ARM_GCC_493\Debug\Scope.a(USBUART_cdc.o)
                0x00002e6c                USBUART_CDCIsReady
 .text.USBUART_GetAll
                0x00002e90       0x50 .\CortexM3\ARM_GCC_493\Debug\Scope.a(USBUART_cdc.o)
                0x00002e90                USBUART_GetAll
 .text.USBUART_IsLineChanged
                0x00002ee0       0x58 .\CortexM3\ARM_GCC_493\Debug\Scope.a(USBUART_cdc.o)
                0x00002ee0                USBUART_IsLineChanged
 .text.USBUART_Cdc_EpInit
                0x00002f38       0x94 .\CortexM3\ARM_GCC_493\Debug\Scope.a(USBUART_cdc.o)
                0x00002f38                USBUART_Cdc_EpInit
 .text.USBUART_EP_0_ISR
                0x00002fcc       0xf8 .\CortexM3\ARM_GCC_493\Debug\Scope.a(USBUART_drv.o)
                0x00002fcc                USBUART_EP_0_ISR
 .text.USBUART_HandleSetup
                0x000030c4       0x88 .\CortexM3\ARM_GCC_493\Debug\Scope.a(USBUART_drv.o)
                0x000030c4                USBUART_HandleSetup
 .text.USBUART_HandleIN
                0x0000314c       0x4c .\CortexM3\ARM_GCC_493\Debug\Scope.a(USBUART_drv.o)
                0x0000314c                USBUART_HandleIN
 .text.USBUART_HandleOUT
                0x00003198       0x58 .\CortexM3\ARM_GCC_493\Debug\Scope.a(USBUART_drv.o)
                0x00003198                USBUART_HandleOUT
 .text.USBUART_LoadEP0
                0x000031f0       0xd0 .\CortexM3\ARM_GCC_493\Debug\Scope.a(USBUART_drv.o)
                0x000031f0                USBUART_LoadEP0
 .text.USBUART_InitControlRead
                0x000032c0       0x70 .\CortexM3\ARM_GCC_493\Debug\Scope.a(USBUART_drv.o)
                0x000032c0                USBUART_InitControlRead
 .text.USBUART_InitZeroLengthControlTransfer
                0x00003330       0x44 .\CortexM3\ARM_GCC_493\Debug\Scope.a(USBUART_drv.o)
                0x00003330                USBUART_InitZeroLengthControlTransfer
 .text.USBUART_ControlReadDataStage
                0x00003374        0xc .\CortexM3\ARM_GCC_493\Debug\Scope.a(USBUART_drv.o)
                0x00003374                USBUART_ControlReadDataStage
 .text.USBUART_ControlReadStatusStage
                0x00003380       0x40 .\CortexM3\ARM_GCC_493\Debug\Scope.a(USBUART_drv.o)
                0x00003380                USBUART_ControlReadStatusStage
 .text.USBUART_InitControlWrite
                0x000033c0       0x64 .\CortexM3\ARM_GCC_493\Debug\Scope.a(USBUART_drv.o)
                0x000033c0                USBUART_InitControlWrite
 .text.USBUART_ControlWriteDataStage
                0x00003424       0xb4 .\CortexM3\ARM_GCC_493\Debug\Scope.a(USBUART_drv.o)
                0x00003424                USBUART_ControlWriteDataStage
 .text.USBUART_ControlWriteStatusStage
                0x000034d8       0x20 .\CortexM3\ARM_GCC_493\Debug\Scope.a(USBUART_drv.o)
                0x000034d8                USBUART_ControlWriteStatusStage
 .text.USBUART_InitNoDataControlTransfer
                0x000034f8       0x38 .\CortexM3\ARM_GCC_493\Debug\Scope.a(USBUART_drv.o)
                0x000034f8                USBUART_InitNoDataControlTransfer
 .text.USBUART_NoDataControlStatusStage
                0x00003530       0x48 .\CortexM3\ARM_GCC_493\Debug\Scope.a(USBUART_drv.o)
                0x00003530                USBUART_NoDataControlStatusStage
 .text.USBUART_UpdateStatusBlock
                0x00003578       0x40 .\CortexM3\ARM_GCC_493\Debug\Scope.a(USBUART_drv.o)
                0x00003578                USBUART_UpdateStatusBlock
 .text.USBUART_InitializeStatusBlock
                0x000035b8       0x34 .\CortexM3\ARM_GCC_493\Debug\Scope.a(USBUART_drv.o)
                0x000035b8                USBUART_InitializeStatusBlock
 .text.USBUART_EP_1_ISR
                0x000035ec       0x48 .\CortexM3\ARM_GCC_493\Debug\Scope.a(USBUART_episr.o)
                0x000035ec                USBUART_EP_1_ISR
 .text.USBUART_EP_2_ISR
                0x00003634       0x4c .\CortexM3\ARM_GCC_493\Debug\Scope.a(USBUART_episr.o)
                0x00003634                USBUART_EP_2_ISR
 .text.USBUART_EP_3_ISR
                0x00003680       0x54 .\CortexM3\ARM_GCC_493\Debug\Scope.a(USBUART_episr.o)
                0x00003680                USBUART_EP_3_ISR
 .text.USBUART_SOF_ISR
                0x000036d4        0xc .\CortexM3\ARM_GCC_493\Debug\Scope.a(USBUART_episr.o)
                0x000036d4                USBUART_SOF_ISR
 .text.USBUART_BUS_RESET_ISR
                0x000036e0        0xc .\CortexM3\ARM_GCC_493\Debug\Scope.a(USBUART_episr.o)
                0x000036e0                USBUART_BUS_RESET_ISR
 .text.USBUART_DP_ISR
                0x000036ec        0xc .\CortexM3\ARM_GCC_493\Debug\Scope.a(USBUART_pm.o)
                0x000036ec                USBUART_DP_ISR
 .text.USBUART_HandleStandardRqst
                0x000036f8      0x48c .\CortexM3\ARM_GCC_493\Debug\Scope.a(USBUART_std.o)
                0x000036f8                USBUART_HandleStandardRqst
 .text.USBUART_ReadDieID
                0x00003b84       0xd4 .\CortexM3\ARM_GCC_493\Debug\Scope.a(USBUART_std.o)
                0x00003b84                USBUART_ReadDieID
 .text.USBUART_ConfigReg
                0x00003c58      0x11c .\CortexM3\ARM_GCC_493\Debug\Scope.a(USBUART_std.o)
                0x00003c58                USBUART_ConfigReg
 .text.USBUART_Config
                0x00003d74      0x394 .\CortexM3\ARM_GCC_493\Debug\Scope.a(USBUART_std.o)
                0x00003d74                USBUART_Config
 .text.USBUART_ConfigAltChanged
                0x00004108      0x23c .\CortexM3\ARM_GCC_493\Debug\Scope.a(USBUART_std.o)
                0x00004108                USBUART_ConfigAltChanged
 .text.USBUART_GetConfigTablePtr
                0x00004344       0x54 .\CortexM3\ARM_GCC_493\Debug\Scope.a(USBUART_std.o)
                0x00004344                USBUART_GetConfigTablePtr
 .text.USBUART_GetDeviceTablePtr
                0x00004398       0x24 .\CortexM3\ARM_GCC_493\Debug\Scope.a(USBUART_std.o)
                0x00004398                USBUART_GetDeviceTablePtr
 .text.USBUART_GetInterfaceClassTablePtr
                0x000043bc       0x4c .\CortexM3\ARM_GCC_493\Debug\Scope.a(USBUART_std.o)
                0x000043bc                USBUART_GetInterfaceClassTablePtr
 .text.USBUART_SetEndpointHalt
                0x00004408       0xdc .\CortexM3\ARM_GCC_493\Debug\Scope.a(USBUART_std.o)
                0x00004408                USBUART_SetEndpointHalt
 .text.USBUART_ClearEndpointHalt
                0x000044e4      0x130 .\CortexM3\ARM_GCC_493\Debug\Scope.a(USBUART_std.o)
                0x000044e4                USBUART_ClearEndpointHalt
 .text.USBUART_ValidateAlternateSetting
                0x00004614       0x70 .\CortexM3\ARM_GCC_493\Debug\Scope.a(USBUART_std.o)
                0x00004614                USBUART_ValidateAlternateSetting
 .text.USBUART_HandleVendorRqst
                0x00004684       0x54 .\CortexM3\ARM_GCC_493\Debug\Scope.a(USBUART_vnd.o)
                0x00004684                USBUART_HandleVendorRqst
 .text.SampleClock_SetDividerRegister
                0x000046d8      0x160 .\CortexM3\ARM_GCC_493\Debug\Scope.a(SampleClock.o)
                0x000046d8                SampleClock_SetDividerRegister
 .text.SampleClock_GetDividerRegister
                0x00004838       0x18 .\CortexM3\ARM_GCC_493\Debug\Scope.a(SampleClock.o)
                0x00004838                SampleClock_GetDividerRegister
 .text.SampleClock_GetSourceRegister
                0x00004850       0x20 .\CortexM3\ARM_GCC_493\Debug\Scope.a(SampleClock.o)
                0x00004850                SampleClock_GetSourceRegister
 .text.Vtrigger_Init
                0x00004870       0x28 .\CortexM3\ARM_GCC_493\Debug\Scope.a(Vtrigger.o)
                0x00004870                Vtrigger_Init
 .text.Vtrigger_Enable
                0x00004898       0x34 .\CortexM3\ARM_GCC_493\Debug\Scope.a(Vtrigger.o)
                0x00004898                Vtrigger_Enable
 .text.Vtrigger_Start
                0x000048cc       0x28 .\CortexM3\ARM_GCC_493\Debug\Scope.a(Vtrigger.o)
                0x000048cc                Vtrigger_Start
 .text.Vtrigger_SetSpeed
                0x000048f4       0x40 .\CortexM3\ARM_GCC_493\Debug\Scope.a(Vtrigger.o)
                0x000048f4                Vtrigger_SetSpeed
 .text.Vtrigger_SetRange
                0x00004934       0x40 .\CortexM3\ARM_GCC_493\Debug\Scope.a(Vtrigger.o)
                0x00004934                Vtrigger_SetRange
 .text.Vtrigger_SetValue
                0x00004974       0x20 .\CortexM3\ARM_GCC_493\Debug\Scope.a(Vtrigger.o)
                0x00004974                Vtrigger_SetValue
 .text.Vtrigger_DacTrim
                0x00004994       0x3c .\CortexM3\ARM_GCC_493\Debug\Scope.a(Vtrigger.o)
                0x00004994                Vtrigger_DacTrim
 .text.Amux_Trigger_FastSelect
                0x000049d0       0x34 .\CortexM3\ARM_GCC_493\Debug\Scope.a(Amux_Trigger.o)
                0x000049d0                Amux_Trigger_FastSelect
 .text.DMA_Channel_1_DmaInitialize
                0x00004a04       0x68 .\CortexM3\ARM_GCC_493\Debug\Scope.a(DMA_Channel_1_dma.o)
                0x00004a04                DMA_Channel_1_DmaInitialize
 .text.DMA_Channel_2_DmaInitialize
                0x00004a6c       0x68 .\CortexM3\ARM_GCC_493\Debug\Scope.a(DMA_Channel_2_dma.o)
                0x00004a6c                DMA_Channel_2_DmaInitialize
 .text.PWM_Sample_Buffer_Start
                0x00004ad4       0x20 .\CortexM3\ARM_GCC_493\Debug\Scope.a(PWM_Sample_Buffer.o)
                0x00004ad4                PWM_Sample_Buffer_Start
 .text.PWM_Sample_Buffer_Init
                0x00004af4       0x94 .\CortexM3\ARM_GCC_493\Debug\Scope.a(PWM_Sample_Buffer.o)
                0x00004af4                PWM_Sample_Buffer_Init
 .text.PWM_Sample_Buffer_Enable
                0x00004b88       0x20 .\CortexM3\ARM_GCC_493\Debug\Scope.a(PWM_Sample_Buffer.o)
                0x00004b88                PWM_Sample_Buffer_Enable
 .text.PWM_Sample_Buffer_WriteCounter
                0x00004ba8       0x20 .\CortexM3\ARM_GCC_493\Debug\Scope.a(PWM_Sample_Buffer.o)
                0x00004ba8                PWM_Sample_Buffer_WriteCounter
 .text.PWM_Sample_Buffer_ClearFIFO
                0x00004bc8       0x1c .\CortexM3\ARM_GCC_493\Debug\Scope.a(PWM_Sample_Buffer.o)
                0x00004bc8                PWM_Sample_Buffer_ClearFIFO
 .text.PWM_Sample_Buffer_WritePeriod
                0x00004be4       0x20 .\CortexM3\ARM_GCC_493\Debug\Scope.a(PWM_Sample_Buffer.o)
                0x00004be4                PWM_Sample_Buffer_WritePeriod
 .text.PWM_Sample_Buffer_WriteCompare
                0x00004c04       0x20 .\CortexM3\ARM_GCC_493\Debug\Scope.a(PWM_Sample_Buffer.o)
                0x00004c04                PWM_Sample_Buffer_WriteCompare
 .text.PWM_Sample_Buffer_SetInterruptMode
                0x00004c24       0x20 .\CortexM3\ARM_GCC_493\Debug\Scope.a(PWM_Sample_Buffer.o)
                0x00004c24                PWM_Sample_Buffer_SetInterruptMode
 .text.PWM_Sample_Buffer_ReadStatusRegister
                0x00004c44       0x18 .\CortexM3\ARM_GCC_493\Debug\Scope.a(PWM_Sample_Buffer.o)
                0x00004c44                PWM_Sample_Buffer_ReadStatusRegister
 .text.PWM_Sample_Buffer_ReadCapture
                0x00004c5c       0x18 .\CortexM3\ARM_GCC_493\Debug\Scope.a(PWM_Sample_Buffer.o)
                0x00004c5c                PWM_Sample_Buffer_ReadCapture
 .text.USBUART_Dp_ClearInterrupt
                0x00004c74       0x20 .\CortexM3\ARM_GCC_493\Debug\Scope.a(USBUART_Dp.o)
                0x00004c74                USBUART_Dp_ClearInterrupt
 .text.Trigger_Control_Write
                0x00004c94       0x20 .\CortexM3\ARM_GCC_493\Debug\Scope.a(Trigger_Control.o)
                0x00004c94                Trigger_Control_Write
 .text.Trigger_Control_Read
                0x00004cb4       0x18 .\CortexM3\ARM_GCC_493\Debug\Scope.a(Trigger_Control.o)
                0x00004cb4                Trigger_Control_Read
 .text.Trigger_Status_Read
                0x00004ccc       0x18 .\CortexM3\ARM_GCC_493\Debug\Scope.a(Trigger_Status.o)
                0x00004ccc                Trigger_Status_Read
 .text.Trigger_Comp_Init
                0x00004ce4       0x64 .\CortexM3\ARM_GCC_493\Debug\Scope.a(Trigger_Comp.o)
                0x00004ce4                Trigger_Comp_Init
 .text.Trigger_Comp_Enable
                0x00004d48       0x34 .\CortexM3\ARM_GCC_493\Debug\Scope.a(Trigger_Comp.o)
                0x00004d48                Trigger_Comp_Enable
 .text.Trigger_Comp_Start
                0x00004d7c       0x20 .\CortexM3\ARM_GCC_493\Debug\Scope.a(Trigger_Comp.o)
                0x00004d7c                Trigger_Comp_Start
 .text.Trigger_Comp_SetSpeed
                0x00004d9c       0x80 .\CortexM3\ARM_GCC_493\Debug\Scope.a(Trigger_Comp.o)
                0x00004d9c                Trigger_Comp_SetSpeed
 .text.Wave_DAC_Init
                0x00004e1c       0x50 .\CortexM3\ARM_GCC_493\Debug\Scope.a(Wave_DAC.o)
                0x00004e1c                Wave_DAC_Init
 .text.Wave_DAC_Enable
                0x00004e6c       0x30 .\CortexM3\ARM_GCC_493\Debug\Scope.a(Wave_DAC.o)
                0x00004e6c                Wave_DAC_Enable
 .text.Wave_DAC_Start
                0x00004e9c       0x20 .\CortexM3\ARM_GCC_493\Debug\Scope.a(Wave_DAC.o)
                0x00004e9c                Wave_DAC_Start
 .text.Wave_DAC_Wave1Setup
                0x00004ebc       0x70 .\CortexM3\ARM_GCC_493\Debug\Scope.a(Wave_DAC.o)
                0x00004ebc                Wave_DAC_Wave1Setup
 .text.Wave_DAC_Wave2Setup
                0x00004f2c       0x70 .\CortexM3\ARM_GCC_493\Debug\Scope.a(Wave_DAC.o)
                0x00004f2c                Wave_DAC_Wave2Setup
 .text.Wave_Buf_Init
                0x00004f9c        0xc .\CortexM3\ARM_GCC_493\Debug\Scope.a(Wave_Buf.o)
                0x00004f9c                Wave_Buf_Init
 .text.Wave_Buf_Enable
                0x00004fa8       0x48 .\CortexM3\ARM_GCC_493\Debug\Scope.a(Wave_Buf.o)
                0x00004fa8                Wave_Buf_Enable
 .text.Wave_Buf_Start
                0x00004ff0       0x20 .\CortexM3\ARM_GCC_493\Debug\Scope.a(Wave_Buf.o)
                0x00004ff0                Wave_Buf_Start
 .text.Wave_Buf_SetPower
                0x00005010       0x40 .\CortexM3\ARM_GCC_493\Debug\Scope.a(Wave_Buf.o)
                0x00005010                Wave_Buf_SetPower
 .text.Wave_Clock_SetDividerRegister
                0x00005050      0x160 .\CortexM3\ARM_GCC_493\Debug\Scope.a(Wave_Clock.o)
                0x00005050                Wave_Clock_SetDividerRegister
 .text.Wave_Clock_GetDividerRegister
                0x000051b0       0x18 .\CortexM3\ARM_GCC_493\Debug\Scope.a(Wave_Clock.o)
                0x000051b0                Wave_Clock_GetDividerRegister
 .text.Wave_Clock_GetSourceRegister
                0x000051c8       0x20 .\CortexM3\ARM_GCC_493\Debug\Scope.a(Wave_Clock.o)
                0x000051c8                Wave_Clock_GetSourceRegister
 .text.PRS_Init
                0x000051e8       0x24 .\CortexM3\ARM_GCC_493\Debug\Scope.a(PRS.o)
                0x000051e8                PRS_Init
 .text.PRS_Enable
                0x0000520c       0x20 .\CortexM3\ARM_GCC_493\Debug\Scope.a(PRS.o)
                0x0000520c                PRS_Enable
 .text.PRS_Start
                0x0000522c       0x20 .\CortexM3\ARM_GCC_493\Debug\Scope.a(PRS.o)
                0x0000522c                PRS_Start
 .text.PRS_ResetSeedInit
                0x0000524c       0x54 .\CortexM3\ARM_GCC_493\Debug\Scope.a(PRS.o)
                0x0000524c                PRS_ResetSeedInit
 .text.PRS_WriteSeed
                0x000052a0       0x20 .\CortexM3\ARM_GCC_493\Debug\Scope.a(PRS.o)
                0x000052a0                PRS_WriteSeed
 .text.PRS_WritePolynomial
                0x000052c0       0x20 .\CortexM3\ARM_GCC_493\Debug\Scope.a(PRS.o)
                0x000052c0                PRS_WritePolynomial
 .text.Wave_DAC_Wave1_DMA_DmaInitialize
                0x000052e0       0x68 .\CortexM3\ARM_GCC_493\Debug\Scope.a(Wave_DAC_Wave1_DMA_dma.o)
                0x000052e0                Wave_DAC_Wave1_DMA_DmaInitialize
 .text.Wave_DAC_Wave2_DMA_DmaInitialize
                0x00005348       0x68 .\CortexM3\ARM_GCC_493\Debug\Scope.a(Wave_DAC_Wave2_DMA_dma.o)
                0x00005348                Wave_DAC_Wave2_DMA_DmaInitialize
 .text.Wave_DAC_VDAC8_Init
                0x000053b0       0x3c .\CortexM3\ARM_GCC_493\Debug\Scope.a(Wave_DAC_VDAC8.o)
                0x000053b0                Wave_DAC_VDAC8_Init
 .text.Wave_DAC_VDAC8_Enable
                0x000053ec       0x34 .\CortexM3\ARM_GCC_493\Debug\Scope.a(Wave_DAC_VDAC8.o)
                0x000053ec                Wave_DAC_VDAC8_Enable
 .text.Wave_DAC_VDAC8_SetSpeed
                0x00005420       0x40 .\CortexM3\ARM_GCC_493\Debug\Scope.a(Wave_DAC_VDAC8.o)
                0x00005420                Wave_DAC_VDAC8_SetSpeed
 .text.Wave_DAC_VDAC8_SetRange
                0x00005460       0x40 .\CortexM3\ARM_GCC_493\Debug\Scope.a(Wave_DAC_VDAC8.o)
                0x00005460                Wave_DAC_VDAC8_SetRange
 .text.Wave_DAC_VDAC8_SetValue
                0x000054a0       0x20 .\CortexM3\ARM_GCC_493\Debug\Scope.a(Wave_DAC_VDAC8.o)
                0x000054a0                Wave_DAC_VDAC8_SetValue
 .text.Wave_DAC_VDAC8_DacTrim
                0x000054c0       0x3c .\CortexM3\ARM_GCC_493\Debug\Scope.a(Wave_DAC_VDAC8.o)
                0x000054c0                Wave_DAC_VDAC8_DacTrim
 .text.Wave_Control_Write
                0x000054fc       0x20 .\CortexM3\ARM_GCC_493\Debug\Scope.a(Wave_Control.o)
                0x000054fc                Wave_Control_Write
 .text.Wave_Control_Read
                0x0000551c       0x18 .\CortexM3\ARM_GCC_493\Debug\Scope.a(Wave_Control.o)
                0x0000551c                Wave_Control_Read
 .text.Digital_Out_Control_Write
                0x00005534       0x20 .\CortexM3\ARM_GCC_493\Debug\Scope.a(Digital_Out_Control.o)
                0x00005534                Digital_Out_Control_Write
 .text.Digital_Input_Status_Read
                0x00005554       0x18 .\CortexM3\ARM_GCC_493\Debug\Scope.a(Digital_Input_Status.o)
                0x00005554                Digital_Input_Status_Read
 .text.PWM_Clock_SetDividerRegister
                0x0000556c      0x160 .\CortexM3\ARM_GCC_493\Debug\Scope.a(PWM_Clock.o)
                0x0000556c                PWM_Clock_SetDividerRegister
 .text.PWM_Clock_GetDividerRegister
                0x000056cc       0x18 .\CortexM3\ARM_GCC_493\Debug\Scope.a(PWM_Clock.o)
                0x000056cc                PWM_Clock_GetDividerRegister
 .text.PWM_Clock_GetSourceRegister
                0x000056e4       0x20 .\CortexM3\ARM_GCC_493\Debug\Scope.a(PWM_Clock.o)
                0x000056e4                PWM_Clock_GetSourceRegister
 .text.Digital_PWM_Start
                0x00005704       0x20 .\CortexM3\ARM_GCC_493\Debug\Scope.a(Digital_PWM.o)
                0x00005704                Digital_PWM_Start
 .text.Digital_PWM_Init
                0x00005724       0x80 .\CortexM3\ARM_GCC_493\Debug\Scope.a(Digital_PWM.o)
                0x00005724                Digital_PWM_Init
 .text.Digital_PWM_Enable
                0x000057a4       0x20 .\CortexM3\ARM_GCC_493\Debug\Scope.a(Digital_PWM.o)
                0x000057a4                Digital_PWM_Enable
 .text.Digital_PWM_WriteCounter
                0x000057c4       0x20 .\CortexM3\ARM_GCC_493\Debug\Scope.a(Digital_PWM.o)
                0x000057c4                Digital_PWM_WriteCounter
 .text.Digital_PWM_ClearFIFO
                0x000057e4       0x1c .\CortexM3\ARM_GCC_493\Debug\Scope.a(Digital_PWM.o)
                0x000057e4                Digital_PWM_ClearFIFO
 .text.Digital_PWM_WritePeriod
                0x00005800       0x20 .\CortexM3\ARM_GCC_493\Debug\Scope.a(Digital_PWM.o)
                0x00005800                Digital_PWM_WritePeriod
 .text.Digital_PWM_WriteCompare1
                0x00005820       0x20 .\CortexM3\ARM_GCC_493\Debug\Scope.a(Digital_PWM.o)
                0x00005820                Digital_PWM_WriteCompare1
 .text.Digital_PWM_WriteCompare2
                0x00005840       0x20 .\CortexM3\ARM_GCC_493\Debug\Scope.a(Digital_PWM.o)
                0x00005840                Digital_PWM_WriteCompare2
 .text.Digital_PWM_SetInterruptMode
                0x00005860       0x20 .\CortexM3\ARM_GCC_493\Debug\Scope.a(Digital_PWM.o)
                0x00005860                Digital_PWM_SetInterruptMode
 .text.Digital_PWM_ReadStatusRegister
                0x00005880       0x18 .\CortexM3\ARM_GCC_493\Debug\Scope.a(Digital_PWM.o)
                0x00005880                Digital_PWM_ReadStatusRegister
 .text.Digital_PWM_ReadCapture
                0x00005898       0x18 .\CortexM3\ARM_GCC_493\Debug\Scope.a(Digital_PWM.o)
                0x00005898                Digital_PWM_ReadCapture
 .text.Noise_Clock_SetDividerRegister
                0x000058b0      0x160 .\CortexM3\ARM_GCC_493\Debug\Scope.a(Noise_Clock.o)
                0x000058b0                Noise_Clock_SetDividerRegister
 .text.Noise_Clock_GetDividerRegister
                0x00005a10       0x18 .\CortexM3\ARM_GCC_493\Debug\Scope.a(Noise_Clock.o)
                0x00005a10                Noise_Clock_GetDividerRegister
 .text.Noise_Clock_GetSourceRegister
                0x00005a28       0x20 .\CortexM3\ARM_GCC_493\Debug\Scope.a(Noise_Clock.o)
                0x00005a28                Noise_Clock_GetSourceRegister
 .text.Trig_Buf_Init
                0x00005a48        0xc .\CortexM3\ARM_GCC_493\Debug\Scope.a(Trig_Buf.o)
                0x00005a48                Trig_Buf_Init
 .text.Trig_Buf_Enable
                0x00005a54       0x48 .\CortexM3\ARM_GCC_493\Debug\Scope.a(Trig_Buf.o)
                0x00005a54                Trig_Buf_Enable
 .text.Trig_Buf_Start
                0x00005a9c       0x20 .\CortexM3\ARM_GCC_493\Debug\Scope.a(Trig_Buf.o)
                0x00005a9c                Trig_Buf_Start
 .text.Trig_Buf_SetPower
                0x00005abc       0x40 .\CortexM3\ARM_GCC_493\Debug\Scope.a(Trig_Buf.o)
                0x00005abc                Trig_Buf_SetPower
 *fill*         0x00005afc        0x4 
 .text          0x00005b00       0x20 .\CortexM3\ARM_GCC_493\Debug\Scope.a(CyBootAsmGnu.o)
                0x00005b00                CyDelayCycles
                0x00005b10                CyEnterCriticalSection
                0x00005b18                CyExitCriticalSection
 .text.USBUART_DispatchClassRqst
                0x00005b20       0x7c .\CortexM3\ARM_GCC_493\Debug\Scope.a(USBUART_cls.o)
                0x00005b20                USBUART_DispatchClassRqst
 .text          0x00005b9c      0x370 c:/program files (x86)/cypress/psoc creator/4.0/psoc creator/import/gnu/arm/4.9.3/bin/../lib/gcc/arm-none-eabi/4.9.3/armv7-m\libgcc.a(_arm_addsubdf3.o)
                0x00005b9c                __aeabi_drsub
                0x00005ba4                __aeabi_dsub
                0x00005ba4                __subdf3
                0x00005ba8                __aeabi_dadd
                0x00005ba8                __adddf3
                0x00005e20                __floatunsidf
                0x00005e20                __aeabi_ui2d
                0x00005e40                __floatsidf
                0x00005e40                __aeabi_i2d
                0x00005e64                __aeabi_f2d
                0x00005e64                __extendsfdf2
                0x00005ea0                __floatundidf
                0x00005ea0                __aeabi_ul2d
                0x00005eb0                __floatdidf
                0x00005eb0                __aeabi_l2d
 .text          0x00005f0c      0x424 c:/program files (x86)/cypress/psoc creator/4.0/psoc creator/import/gnu/arm/4.9.3/bin/../lib/gcc/arm-none-eabi/4.9.3/armv7-m\libgcc.a(_arm_muldivdf3.o)
                0x00005f0c                __aeabi_dmul
                0x00005f0c                __muldf3
                0x00006160                __divdf3
                0x00006160                __aeabi_ddiv
 .text          0x00006330       0x40 c:/program files (x86)/cypress/psoc creator/4.0/psoc creator/import/gnu/arm/4.9.3/bin/../lib/gcc/arm-none-eabi/4.9.3/armv7-m\libgcc.a(_arm_fixunsdfsi.o)
                0x00006330                __aeabi_d2uiz
                0x00006330                __fixunsdfsi
 .text          0x00006370       0xa0 c:/program files (x86)/cypress/psoc creator/4.0/psoc creator/import/gnu/arm/4.9.3/bin/../lib/gcc/arm-none-eabi/4.9.3/armv7-m\libgcc.a(_arm_truncdfsf2.o)
                0x00006370                __truncdfsf2
                0x00006370                __aeabi_d2f
 .text          0x00006410      0x21c c:/program files (x86)/cypress/psoc creator/4.0/psoc creator/import/gnu/arm/4.9.3/bin/../lib/gcc/arm-none-eabi/4.9.3/armv7-m\libgcc.a(_arm_addsubsf3.o)
                0x00006410                __aeabi_frsub
                0x00006418                __subsf3
                0x00006418                __aeabi_fsub
                0x0000641c                __aeabi_fadd
                0x0000641c                __addsf3
                0x0000657c                __aeabi_ui2f
                0x0000657c                __floatunsisf
                0x00006584                __aeabi_i2f
                0x00006584                __floatsisf
                0x000065a0                __aeabi_ul2f
                0x000065a0                __floatundisf
                0x000065b0                __aeabi_l2f
                0x000065b0                __floatdisf
 .text          0x0000662c      0x2a0 c:/program files (x86)/cypress/psoc creator/4.0/psoc creator/import/gnu/arm/4.9.3/bin/../lib/gcc/arm-none-eabi/4.9.3/armv7-m\libgcc.a(_arm_muldivsf3.o)
                0x0000662c                __mulsf3
                0x0000662c                __aeabi_fmul
                0x00006794                __aeabi_fdiv
                0x00006794                __divsf3
 .text          0x000068cc       0xec c:/program files (x86)/cypress/psoc creator/4.0/psoc creator/import/gnu/arm/4.9.3/bin/../lib/gcc/arm-none-eabi/4.9.3/armv7-m\libgcc.a(_arm_cmpsf2.o)
                0x000068cc                __gesf2
                0x000068cc                __gtsf2
                0x000068d4                __lesf2
                0x000068d4                __ltsf2
                0x000068dc                __nesf2
                0x000068dc                __eqsf2
                0x000068dc                __cmpsf2
                0x0000693c                __aeabi_cfrcmple
                0x00006944                __aeabi_cfcmpeq
                0x00006944                __aeabi_cfcmple
                0x00006954                __aeabi_fcmpeq
                0x00006968                __aeabi_fcmplt
                0x0000697c                __aeabi_fcmple
                0x00006990                __aeabi_fcmpge
                0x000069a4                __aeabi_fcmpgt
 .text          0x000069b8       0x40 c:/program files (x86)/cypress/psoc creator/4.0/psoc creator/import/gnu/arm/4.9.3/bin/../lib/gcc/arm-none-eabi/4.9.3/armv7-m\libgcc.a(_arm_fixunssfsi.o)
                0x000069b8                __fixunssfsi
                0x000069b8                __aeabi_f2uiz
 .text.__errno  0x000069f8        0xc c:/program files (x86)/cypress/psoc creator/4.0/psoc creator/import/gnu/arm/4.9.3/bin/../lib/gcc/arm-none-eabi/4.9.3/../../../../arm-none-eabi/lib/armv7-m\libg_nano.a(lib_a-errno.o)
                0x000069f8                __errno
 .text.__libc_init_array
                0x00006a04       0x4c c:/program files (x86)/cypress/psoc creator/4.0/psoc creator/import/gnu/arm/4.9.3/bin/../lib/gcc/arm-none-eabi/4.9.3/../../../../arm-none-eabi/lib/armv7-m\libg_nano.a(lib_a-init.o)
                0x00006a04                __libc_init_array
 .text.memcpy   0x00006a50       0x16 c:/program files (x86)/cypress/psoc creator/4.0/psoc creator/import/gnu/arm/4.9.3/bin/../lib/gcc/arm-none-eabi/4.9.3/../../../../arm-none-eabi/lib/armv7-m\libg_nano.a(lib_a-memcpy.o)
                0x00006a50                memcpy
 .text.memset   0x00006a66       0x10 c:/program files (x86)/cypress/psoc creator/4.0/psoc creator/import/gnu/arm/4.9.3/bin/../lib/gcc/arm-none-eabi/4.9.3/../../../../arm-none-eabi/lib/armv7-m\libg_nano.a(lib_a-memset.o)
                0x00006a66                memset
 *fill*         0x00006a76        0x2 
 .text.sscanf   0x00006a78       0x54 c:/program files (x86)/cypress/psoc creator/4.0/psoc creator/import/gnu/arm/4.9.3/bin/../lib/gcc/arm-none-eabi/4.9.3/../../../../arm-none-eabi/lib/armv7-m\libg_nano.a(lib_a-sscanf.o)
                0x00006a78                siscanf
                0x00006a78                sscanf
 .text.__seofread
                0x00006acc        0x4 c:/program files (x86)/cypress/psoc creator/4.0/psoc creator/import/gnu/arm/4.9.3/bin/../lib/gcc/arm-none-eabi/4.9.3/../../../../arm-none-eabi/lib/armv7-m\libg_nano.a(lib_a-stdio.o)
                0x00006acc                __seofread
 .text.strlen   0x00006ad0       0x10 c:/program files (x86)/cypress/psoc creator/4.0/psoc creator/import/gnu/arm/4.9.3/bin/../lib/gcc/arm-none-eabi/4.9.3/../../../../arm-none-eabi/lib/armv7-m\libg_nano.a(lib_a-strlen.o)
                0x00006ad0                strlen
 .text.strtok   0x00006ae0       0x64 c:/program files (x86)/cypress/psoc creator/4.0/psoc creator/import/gnu/arm/4.9.3/bin/../lib/gcc/arm-none-eabi/4.9.3/../../../../arm-none-eabi/lib/armv7-m\libg_nano.a(lib_a-strtok.o)
                0x00006ae0                strtok
 .text.__strtok_r
                0x00006b44       0x56 c:/program files (x86)/cypress/psoc creator/4.0/psoc creator/import/gnu/arm/4.9.3/bin/../lib/gcc/arm-none-eabi/4.9.3/../../../../arm-none-eabi/lib/armv7-m\libg_nano.a(lib_a-strtok_r.o)
                0x00006b44                __strtok_r
 *fill*         0x00006b9a        0x2 
 .text.malloc   0x00006b9c       0x10 c:/program files (x86)/cypress/psoc creator/4.0/psoc creator/import/gnu/arm/4.9.3/bin/../lib/gcc/arm-none-eabi/4.9.3/../../../../arm-none-eabi/lib/armv7-m\libg_nano.a(lib_a-malloc.o)
                0x00006b9c                malloc
 .text._free_r  0x00006bac       0x88 c:/program files (x86)/cypress/psoc creator/4.0/psoc creator/import/gnu/arm/4.9.3/bin/../lib/gcc/arm-none-eabi/4.9.3/../../../../arm-none-eabi/lib/armv7-m\libg_nano.a(lib_a-nano-freer.o)
                0x00006bac                _free_r
 .text._malloc_r
                0x00006c34       0xac c:/program files (x86)/cypress/psoc creator/4.0/psoc creator/import/gnu/arm/4.9.3/bin/../lib/gcc/arm-none-eabi/4.9.3/../../../../arm-none-eabi/lib/armv7-m\libg_nano.a(lib_a-nano-mallocr.o)
                0x00006c34                _malloc_r
 .text._sungetc_r
                0x00006ce0       0x7a c:/program files (x86)/cypress/psoc creator/4.0/psoc creator/import/gnu/arm/4.9.3/bin/../lib/gcc/arm-none-eabi/4.9.3/../../../../arm-none-eabi/lib/armv7-m\libg_nano.a(lib_a-nano-svfscanf.o)
                0x00006ce0                _sungetc_r
 .text.__ssrefill_r
                0x00006d5a       0x3a c:/program files (x86)/cypress/psoc creator/4.0/psoc creator/import/gnu/arm/4.9.3/bin/../lib/gcc/arm-none-eabi/4.9.3/../../../../arm-none-eabi/lib/armv7-m\libg_nano.a(lib_a-nano-svfscanf.o)
                0x00006d5a                __ssrefill_r
 .text.__ssvfscanf_r
                0x00006d94      0x29c c:/program files (x86)/cypress/psoc creator/4.0/psoc creator/import/gnu/arm/4.9.3/bin/../lib/gcc/arm-none-eabi/4.9.3/../../../../arm-none-eabi/lib/armv7-m\libg_nano.a(lib_a-nano-svfscanf.o)
                0x00006d94                __ssvfiscanf_r
                0x00006d94                __ssvfscanf_r
 .text._scanf_chars
                0x00007030       0xbc c:/program files (x86)/cypress/psoc creator/4.0/psoc creator/import/gnu/arm/4.9.3/bin/../lib/gcc/arm-none-eabi/4.9.3/../../../../arm-none-eabi/lib/armv7-m\libg_nano.a(lib_a-nano-vfscanf_i.o)
                0x00007030                _scanf_chars
 .text._scanf_i
                0x000070ec      0x1e4 c:/program files (x86)/cypress/psoc creator/4.0/psoc creator/import/gnu/arm/4.9.3/bin/../lib/gcc/arm-none-eabi/4.9.3/../../../../arm-none-eabi/lib/armv7-m\libg_nano.a(lib_a-nano-vfscanf_i.o)
                0x000070ec                _scanf_i
 .text._sbrk_r  0x000072d0       0x20 c:/program files (x86)/cypress/psoc creator/4.0/psoc creator/import/gnu/arm/4.9.3/bin/../lib/gcc/arm-none-eabi/4.9.3/../../../../arm-none-eabi/lib/armv7-m\libg_nano.a(lib_a-sbrkr.o)
                0x000072d0                _sbrk_r
 .text.__sccl   0x000072f0       0x62 c:/program files (x86)/cypress/psoc creator/4.0/psoc creator/import/gnu/arm/4.9.3/bin/../lib/gcc/arm-none-eabi/4.9.3/../../../../arm-none-eabi/lib/armv7-m\libg_nano.a(lib_a-sccl.o)
                0x000072f0                __sccl
 *fill*         0x00007352        0x2 
 .text._strtol_r
                0x00007354      0x10c c:/program files (x86)/cypress/psoc creator/4.0/psoc creator/import/gnu/arm/4.9.3/bin/../lib/gcc/arm-none-eabi/4.9.3/../../../../arm-none-eabi/lib/armv7-m\libg_nano.a(lib_a-strtol.o)
                0x00007354                _strtol_r
 .text._strtoul_r
                0x00007460       0xf8 c:/program files (x86)/cypress/psoc creator/4.0/psoc creator/import/gnu/arm/4.9.3/bin/../lib/gcc/arm-none-eabi/4.9.3/../../../../arm-none-eabi/lib/armv7-m\libg_nano.a(lib_a-strtoul.o)
                0x00007460                _strtoul_r
 .text.__submore
                0x00007558       0x72 c:/program files (x86)/cypress/psoc creator/4.0/psoc creator/import/gnu/arm/4.9.3/bin/../lib/gcc/arm-none-eabi/4.9.3/../../../../arm-none-eabi/lib/armv7-m\libg_nano.a(lib_a-ungetc.o)
                0x00007558                __submore
 .text.memchr   0x000075ca       0x1c c:/program files (x86)/cypress/psoc creator/4.0/psoc creator/import/gnu/arm/4.9.3/bin/../lib/gcc/arm-none-eabi/4.9.3/../../../../arm-none-eabi/lib/armv7-m\libg_nano.a(lib_a-memchr.o)
                0x000075ca                memchr
 .text._realloc_r
                0x000075e6       0x4c c:/program files (x86)/cypress/psoc creator/4.0/psoc creator/import/gnu/arm/4.9.3/bin/../lib/gcc/arm-none-eabi/4.9.3/../../../../arm-none-eabi/lib/armv7-m\libg_nano.a(lib_a-nano-reallocr.o)
                0x000075e6                _realloc_r
 .text._malloc_usable_size_r
                0x00007632       0x14 c:/program files (x86)/cypress/psoc creator/4.0/psoc creator/import/gnu/arm/4.9.3/bin/../lib/gcc/arm-none-eabi/4.9.3/../../../../arm-none-eabi/lib/armv7-m\libg_nano.a(lib_a-nano-msizer.o)
                0x00007632                _malloc_usable_size_r
 *(.plt)
 *(.gnu.warning)
 *(.glue_7t)
 .glue_7t       0x00000000        0x0 linker stubs
 *(.glue_7)
 .glue_7        0x00000000        0x0 linker stubs
 *(.vfp11_veneer)
 .vfp11_veneer  0x00000000        0x0 linker stubs
 *(.bootloader)
 *(.ARM.extab* .gnu.linkonce.armextab.*)
 *(.gcc_except_table)

.v4_bx          0x00007648        0x0
 .v4_bx         0x00000000        0x0 linker stubs

.iplt           0x00007648        0x0
 .iplt          0x00000000        0x0 c:/program files (x86)/cypress/psoc creator/4.0/psoc creator/import/gnu/arm/4.9.3/bin/../lib/gcc/arm-none-eabi/4.9.3/armv7-m/crtbegin.o

.eh_frame_hdr
 *(.eh_frame_hdr)

.eh_frame       0x00007648        0x4
 *(.eh_frame)
 .eh_frame      0x00007648        0x0 c:/program files (x86)/cypress/psoc creator/4.0/psoc creator/import/gnu/arm/4.9.3/bin/../lib/gcc/arm-none-eabi/4.9.3/armv7-m/crtbegin.o
 .eh_frame      0x00007648        0x4 c:/program files (x86)/cypress/psoc creator/4.0/psoc creator/import/gnu/arm/4.9.3/bin/../lib/gcc/arm-none-eabi/4.9.3/armv7-m/crtend.o
                0x0000764c                PROVIDE (__exidx_start, .)

.ARM.exidx
 *(.ARM.exidx* .gnu.linkonce.armexidx.*)
                0x0000764c                __exidx_end = .

.rodata         0x0000764c      0x53c
 *(.rodata .rodata.* .gnu.linkonce.r.*)
 .rodata        0x0000764c       0x64 .\CortexM3\ARM_GCC_493\Debug\main.o
 .rodata        0x000076b0       0x30 .\CortexM3\ARM_GCC_493\Debug\Scope.a(cyfitter_cfg.o)
                0x000076b0                Amux_Trigger__addrTable
                0x000076b8                Amux_Trigger__maskTable
 .rodata        0x000076e0       0x14 .\CortexM3\ARM_GCC_493\Debug\Scope.a(USBUART_std.o)
 .rodata        0x000076f4      0x134 .\CortexM3\ARM_GCC_493\Debug\Scope.a(Wave_DAC.o)
                0x000076f4                Wave_DAC_wave1
                0x000077f4                Wave_DAC_wave2
 .rodata        0x00007828      0x19c .\CortexM3\ARM_GCC_493\Debug\Scope.a(USBUART_descr.o)
                0x00007828                USBUART_DEVICE0_DESCR
                0x0000783c                USBUART_DEVICE0_CONFIGURATION0_DESCR
                0x00007880                USBUART_STRING_DESCRIPTORS
                0x00007920                USBUART_SN_STRING_DESCRIPTOR
                0x00007924                USBUART_DEVICE0_CONFIGURATION0_EP_SETTINGS_TABLE
                0x0000793c                USBUART_DEVICE0_CONFIGURATION0_INTERFACE_CLASS
                0x00007940                USBUART_DEVICE0_CONFIGURATION0_TABLE
                0x00007968                USBUART_DEVICE0_TABLE
                0x00007980                USBUART_TABLE
                0x00007988                USBUART_MSOS_DESCRIPTOR
                0x0000799c                USBUART_MSOS_CONFIGURATION_DESCR
 .rodata.str1.1
                0x000079c4        0x2 c:/program files (x86)/cypress/psoc creator/4.0/psoc creator/import/gnu/arm/4.9.3/bin/../lib/gcc/arm-none-eabi/4.9.3/../../../../arm-none-eabi/lib/armv7-m\libg_nano.a(lib_a-impure.o)
 .rodata.str1.1
                0x000079c6        0x4 c:/program files (x86)/cypress/psoc creator/4.0/psoc creator/import/gnu/arm/4.9.3/bin/../lib/gcc/arm-none-eabi/4.9.3/../../../../arm-none-eabi/lib/armv7-m\libg_nano.a(lib_a-nano-svfscanf.o)
 *fill*         0x000079ca        0x2 
 .rodata        0x000079cc        0xc c:/program files (x86)/cypress/psoc creator/4.0/psoc creator/import/gnu/arm/4.9.3/bin/../lib/gcc/arm-none-eabi/4.9.3/../../../../arm-none-eabi/lib/armv7-m\libg_nano.a(lib_a-nano-vfscanf_i.o)
 .rodata.str1.1
                0x000079d8       0x1b c:/program files (x86)/cypress/psoc creator/4.0/psoc creator/import/gnu/arm/4.9.3/bin/../lib/gcc/arm-none-eabi/4.9.3/../../../../arm-none-eabi/lib/armv7-m\libg_nano.a(lib_a-nano-vfscanf_i.o)
 .rodata._ctype_
                0x000079f3      0x101 c:/program files (x86)/cypress/psoc creator/4.0/psoc creator/import/gnu/arm/4.9.3/bin/../lib/gcc/arm-none-eabi/4.9.3/../../../../arm-none-eabi/lib/armv7-m\libg_nano.a(lib_a-ctype_.o)
                0x000079f3                _ctype_
 .rodata.__sf_fake_stdin
                0x00007af4       0x20 c:/program files (x86)/cypress/psoc creator/4.0/psoc creator/import/gnu/arm/4.9.3/bin/../lib/gcc/arm-none-eabi/4.9.3/../../../../arm-none-eabi/lib/armv7-m\libg_nano.a(lib_a-findfp.o)
                0x00007af4                __sf_fake_stdin
 .rodata.__sf_fake_stdout
                0x00007b14       0x20 c:/program files (x86)/cypress/psoc creator/4.0/psoc creator/import/gnu/arm/4.9.3/bin/../lib/gcc/arm-none-eabi/4.9.3/../../../../arm-none-eabi/lib/armv7-m\libg_nano.a(lib_a-findfp.o)
                0x00007b14                __sf_fake_stdout
 .rodata.__sf_fake_stderr
                0x00007b34       0x20 c:/program files (x86)/cypress/psoc creator/4.0/psoc creator/import/gnu/arm/4.9.3/bin/../lib/gcc/arm-none-eabi/4.9.3/../../../../arm-none-eabi/lib/armv7-m\libg_nano.a(lib_a-findfp.o)
                0x00007b34                __sf_fake_stderr
                0x00007b54                . = ALIGN (0x4)
 *(.init)
 .init          0x00007b54        0x4 c:/program files (x86)/cypress/psoc creator/4.0/psoc creator/import/gnu/arm/4.9.3/bin/../lib/gcc/arm-none-eabi/4.9.3/armv7-m/crti.o
                0x00007b54                _init
 .init          0x00007b58        0x8 c:/program files (x86)/cypress/psoc creator/4.0/psoc creator/import/gnu/arm/4.9.3/bin/../lib/gcc/arm-none-eabi/4.9.3/armv7-m/crtn.o
                0x00007b60                . = ALIGN (0x4)
                0x00007b60                __preinit_array_start = .
 *(.preinit_array)
                0x00007b60                __preinit_array_end = .
                0x00007b60                . = ALIGN (0x4)
                0x00007b60                __init_array_start = .
 *(SORT(.init_array.*))
 *(.init_array)
 .init_array    0x00007b60        0x4 c:/program files (x86)/cypress/psoc creator/4.0/psoc creator/import/gnu/arm/4.9.3/bin/../lib/gcc/arm-none-eabi/4.9.3/armv7-m/crtbegin.o
 .init_array    0x00007b64        0x4 .\CortexM3\ARM_GCC_493\Debug\Cm3Start.o
                0x00007b68                __init_array_end = .
                0x00007b68                . = ALIGN (0x4)
 *(.fini)
 .fini          0x00007b68        0x4 c:/program files (x86)/cypress/psoc creator/4.0/psoc creator/import/gnu/arm/4.9.3/bin/../lib/gcc/arm-none-eabi/4.9.3/armv7-m/crti.o
                0x00007b68                _fini
 .fini          0x00007b6c        0x8 c:/program files (x86)/cypress/psoc creator/4.0/psoc creator/import/gnu/arm/4.9.3/bin/../lib/gcc/arm-none-eabi/4.9.3/armv7-m/crtn.o
                0x00007b74                . = ALIGN (0x4)
                0x00007b74                __fini_array_start = .
 *(.fini_array)
 .fini_array    0x00007b74        0x4 c:/program files (x86)/cypress/psoc creator/4.0/psoc creator/import/gnu/arm/4.9.3/bin/../lib/gcc/arm-none-eabi/4.9.3/armv7-m/crtbegin.o
 *(SORT(.fini_array.*))
                0x00007b78                __fini_array_end = .
                0x00007b78                . = ALIGN (0x4)
 *crtbegin.o(.ctors)
 *(EXCLUDE_FILE(*crtend.o) .ctors)
 *(SORT(.ctors.*))
 *crtend.o(.ctors)
                0x00007b78                . = ALIGN (0x4)
 *crtbegin.o(.dtors)
 *(EXCLUDE_FILE(*crtend.o) .dtors)
 *(SORT(.dtors.*))
 *crtend.o(.dtors)
                0x00007b78                . = ALIGN (0x4)
                0x00007b78                __cy_regions = .
                0x00007b78        0x4 LONG 0x7b88 __cy_region_init_ram
                0x00007b7c        0x4 LONG 0x1fff8108 __cy_region_start_data
                0x00007b80        0x4 LONG 0xb0 __cy_region_init_size_ram
                0x00007b84        0x4 LONG 0x2418 __cy_region_zero_size_ram
                0x00007b88                __cy_regions_end = .
                0x00007b88                . = ALIGN (0x8)
                0x00007b88                _etext = .

.cy_checksum_exclude
                0x00007b88        0x0
 *(.cy_checksum_exclude)

.ramvectors     0x1fff8000      0x100
                0x1fff8000                __cy_region_start_ram = .
 *(.ramvectors)
 .ramvectors    0x1fff8000      0x100 .\CortexM3\ARM_GCC_493\Debug\Cm3Start.o
                0x1fff8000                CyRamVectors

.noinit         0x1fff8100        0x5
 *(.noinit)
 .noinit        0x1fff8100        0x4 .\CortexM3\ARM_GCC_493\Debug\Cm3Start.o
 .noinit        0x1fff8104        0x1 .\CortexM3\ARM_GCC_493\Debug\Scope.a(CyLib.o)
                0x1fff8104                CyResetStatus

.data           0x1fff8108       0xb0 load address 0x00007b88
                0x1fff8108                __cy_region_start_data = .
 *(.jcr)
 .jcr           0x1fff8108        0x0 c:/program files (x86)/cypress/psoc creator/4.0/psoc creator/import/gnu/arm/4.9.3/bin/../lib/gcc/arm-none-eabi/4.9.3/armv7-m/crtbegin.o
 .jcr           0x1fff8108        0x4 c:/program files (x86)/cypress/psoc creator/4.0/psoc creator/import/gnu/arm/4.9.3/bin/../lib/gcc/arm-none-eabi/4.9.3/armv7-m/crtend.o
 *(.got.plt)
 *(.got)
 *(.shdata)
 *(.data .data.* .gnu.linkonce.d.*)
 .data          0x1fff810c        0x4 .\CortexM3\ARM_GCC_493\Debug\Cm3Start.o
 .data          0x1fff8110        0x8 .\CortexM3\ARM_GCC_493\Debug\Scope.a(CyDmac.o)
 .data          0x1fff8118       0x10 .\CortexM3\ARM_GCC_493\Debug\Scope.a(CyLib.o)
                0x1fff8118                cydelay_freq_hz
                0x1fff811c                cydelay_freq_khz
                0x1fff8120                cydelay_freq_mhz
                0x1fff8124                cydelay_32k_ms
 .data          0x1fff8128       0x1c .\CortexM3\ARM_GCC_493\Debug\Scope.a(USBUART_cdc.o)
                0x1fff8128                USBUART_linesCoding
 .data          0x1fff8144        0x1 .\CortexM3\ARM_GCC_493\Debug\Scope.a(Amux_Trigger.o)
 .data          0x1fff8145        0x1 .\CortexM3\ARM_GCC_493\Debug\Scope.a(DMA_Channel_1_dma.o)
                0x1fff8145                DMA_Channel_1_DmaHandle
 .data          0x1fff8146        0x1 .\CortexM3\ARM_GCC_493\Debug\Scope.a(DMA_Channel_2_dma.o)
                0x1fff8146                DMA_Channel_2_DmaHandle
 .data          0x1fff8147        0x1 .\CortexM3\ARM_GCC_493\Debug\Scope.a(Wave_DAC_Wave1_DMA_dma.o)
                0x1fff8147                Wave_DAC_Wave1_DMA_DmaHandle
 .data          0x1fff8148        0x1 .\CortexM3\ARM_GCC_493\Debug\Scope.a(Wave_DAC_Wave2_DMA_dma.o)
                0x1fff8148                Wave_DAC_Wave2_DMA_DmaHandle
 *fill*         0x1fff8149        0x3 
 .data.impure_data
                0x1fff814c       0x60 c:/program files (x86)/cypress/psoc creator/4.0/psoc creator/import/gnu/arm/4.9.3/bin/../lib/gcc/arm-none-eabi/4.9.3/../../../../arm-none-eabi/lib/armv7-m\libg_nano.a(lib_a-impure.o)
 .data._impure_ptr
                0x1fff81ac        0x4 c:/program files (x86)/cypress/psoc creator/4.0/psoc creator/import/gnu/arm/4.9.3/bin/../lib/gcc/arm-none-eabi/4.9.3/../../../../arm-none-eabi/lib/armv7-m\libg_nano.a(lib_a-impure.o)
                0x1fff81ac                _impure_ptr
 .data.__ctype_ptr__
                0x1fff81b0        0x4 c:/program files (x86)/cypress/psoc creator/4.0/psoc creator/import/gnu/arm/4.9.3/bin/../lib/gcc/arm-none-eabi/4.9.3/../../../../arm-none-eabi/lib/armv7-m\libg_nano.a(lib_a-ctype_.o)
                0x1fff81b0                __ctype_ptr__
                0x1fff81b8                . = ALIGN (0x8)
 *fill*         0x1fff81b4        0x4 
 *(.ram)
                0x1fff81b8                _edata = .

.igot.plt       0x1fff81b8        0x0 load address 0x00007c38
 .igot.plt      0x00000000        0x0 c:/program files (x86)/cypress/psoc creator/4.0/psoc creator/import/gnu/arm/4.9.3/bin/../lib/gcc/arm-none-eabi/4.9.3/armv7-m/crtbegin.o

.bss            0x1fff81b8     0x2418 load address 0x00007c38
                0x1fff81b8                PROVIDE (__bss_start__, .)
 *(.shbss)
 *(.bss .bss.* .gnu.linkonce.b.*)
 .bss           0x1fff81b8       0x1c c:/program files (x86)/cypress/psoc creator/4.0/psoc creator/import/gnu/arm/4.9.3/bin/../lib/gcc/arm-none-eabi/4.9.3/armv7-m/crtbegin.o
 .bss           0x1fff81d4        0x2 .\CortexM3\ARM_GCC_493\Debug\main.o
                0x1fff81d4                wave_gain
                0x1fff81d5                wave_offset
 .bss           0x1fff81d6        0x1 .\CortexM3\ARM_GCC_493\Debug\Scope.a(ADC_2.o)
                0x1fff81d6                ADC_2_initVar
 .bss           0x1fff81d7        0x1 .\CortexM3\ARM_GCC_493\Debug\Scope.a(ADC_1.o)
                0x1fff81d7                ADC_1_initVar
 .bss           0x1fff81d8        0x1 .\CortexM3\ARM_GCC_493\Debug\Scope.a(USBUART.o)
                0x1fff81d8                USBUART_initVar
 .bss           0x1fff81d9        0x1 .\CortexM3\ARM_GCC_493\Debug\Scope.a(USBUART_cdc.o)
 *fill*         0x1fff81da        0x2 
 .bss           0x1fff81dc        0x4 .\CortexM3\ARM_GCC_493\Debug\Scope.a(USBUART_std.o)
 .bss           0x1fff81e0        0x1 .\CortexM3\ARM_GCC_493\Debug\Scope.a(Vtrigger.o)
                0x1fff81e0                Vtrigger_initVar
 .bss           0x1fff81e1        0x1 .\CortexM3\ARM_GCC_493\Debug\Scope.a(PWM_Sample_Buffer.o)
                0x1fff81e1                PWM_Sample_Buffer_initVar
 .bss           0x1fff81e2        0x1 .\CortexM3\ARM_GCC_493\Debug\Scope.a(Trigger_Comp.o)
                0x1fff81e2                Trigger_Comp_initVar
 .bss           0x1fff81e3        0x5 .\CortexM3\ARM_GCC_493\Debug\Scope.a(Wave_DAC.o)
                0x1fff81e3                Wave_DAC_initVar
 .bss           0x1fff81e8        0x1 .\CortexM3\ARM_GCC_493\Debug\Scope.a(Wave_Buf.o)
                0x1fff81e8                Wave_Buf_initVar
 .bss           0x1fff81e9        0x1 .\CortexM3\ARM_GCC_493\Debug\Scope.a(PRS.o)
                0x1fff81e9                PRS_initVar
 .bss           0x1fff81ea        0x1 .\CortexM3\ARM_GCC_493\Debug\Scope.a(Digital_PWM.o)
                0x1fff81ea                Digital_PWM_initVar
 .bss           0x1fff81eb        0x1 .\CortexM3\ARM_GCC_493\Debug\Scope.a(Trig_Buf.o)
                0x1fff81eb                Trig_Buf_initVar
 .bss.__malloc_sbrk_start
                0x1fff81ec        0x4 c:/program files (x86)/cypress/psoc creator/4.0/psoc creator/import/gnu/arm/4.9.3/bin/../lib/gcc/arm-none-eabi/4.9.3/../../../../arm-none-eabi/lib/armv7-m\libg_nano.a(lib_a-nano-mallocr.o)
                0x1fff81ec                __malloc_sbrk_start
 .bss.__malloc_free_list
                0x1fff81f0        0x4 c:/program files (x86)/cypress/psoc creator/4.0/psoc creator/import/gnu/arm/4.9.3/bin/../lib/gcc/arm-none-eabi/4.9.3/../../../../arm-none-eabi/lib/armv7-m\libg_nano.a(lib_a-nano-mallocr.o)
                0x1fff81f0                __malloc_free_list
 *(COMMON)
 COMMON         0x1fff81f4     0x22e4 .\CortexM3\ARM_GCC_493\Debug\main.o
                0x1fff81f4                DMA_Channel_2_Chan
                0x1fff81f6                cCommandsReady
                0x1fff81f8                Waveform_Temp_Buffer
                0x1fff82f8                Channel_1_Data
                0x1fff8af8                preamp_a
                0x1fff8afc                Waveform_Buffer
                0x1fff8bfc                iWrite
                0x1fff8bfe                Digital_AutoUpdate
                0x1fff8c00                DMA_Channel_1_TD
                0x1fff8c04                Channel_2_Data
                0x1fff9404                trigger_source
                0x1fff9405                bCommandReady
                0x1fff9408                szTempBuffer
                0x1fff9448                szCommandsBuffer
                0x1fffa448                DMA_Channel_1_Chan
                0x1fffa44c                USB_Out_Buffer
                0x1fffa48c                preamp_b
                0x1fffa48d                cCharsReceived
                0x1fffa48e                iRead
                0x1fffa490                preamp_trig
                0x1fffa494                DMA_Channel_2_TD
                0x1fffa495                Digital_Input_Status_Last
                0x1fffa498                szCommand
 COMMON         0x1fffa4d8        0xa .\CortexM3\ARM_GCC_493\Debug\Scope.a(ADC_2.o)
                0x1fffa4d8                ADC_2_shift
                0x1fffa4da                ADC_2_countsPerVolt
                0x1fffa4dc                ADC_2_countsPer10Volt
                0x1fffa4e0                ADC_2_offset
 *fill*         0x1fffa4e2        0x2 
 COMMON         0x1fffa4e4        0xc .\CortexM3\ARM_GCC_493\Debug\Scope.a(ADC_1.o)
                0x1fffa4e4                ADC_1_offset
                0x1fffa4e6                ADC_1_shift
                0x1fffa4e8                ADC_1_countsPerVolt
                0x1fffa4ec                ADC_1_countsPer10Volt
 COMMON         0x1fffa4f0       0x18 .\CortexM3\ARM_GCC_493\Debug\Scope.a(USBUART_cdc.o)
                0x1fffa4f0                USBUART_linesChanged
                0x1fffa4f4                USBUART_cdcDataInEp
                0x1fffa4f8                USBUART_cdcCommInInterruptEp
                0x1fffa4fc                USBUART_cdcDataOutEp
                0x1fffa500                USBUART_serialStateBitmap
                0x1fffa504                USBUART_linesControlBitmap
 COMMON         0x1fffa508       0x9a .\CortexM3\ARM_GCC_493\Debug\Scope.a(USBUART_drv.o)
                0x1fffa508                USBUART_lastPacketSize
                0x1fffa509                USBUART_device
                0x1fffa50a                USBUART_transferByteCount
                0x1fffa50c                USBUART_transferState
                0x1fffa510                USBUART_interfaceSettingLast
                0x1fffa514                USBUART_currentTD
                0x1fffa520                USBUART_interfaceNumber
                0x1fffa524                USBUART_interfaceClass
                0x1fffa528                USBUART_configurationChanged
                0x1fffa529                USBUART_ep0Mode
                0x1fffa52a                USBUART_deviceAddress
                0x1fffa52b                USBUART_configuration
                0x1fffa52c                USBUART_ep0Count
                0x1fffa52d                USBUART_deviceStatus
                0x1fffa530                USBUART_EP
                0x1fffa59c                USBUART_interfaceSetting
                0x1fffa59e                USBUART_ep0Toggle
                0x1fffa5a0                USBUART_interfaceStatus
 *fill*         0x1fffa5a2        0x2 
 COMMON         0x1fffa5a4       0x22 .\CortexM3\ARM_GCC_493\Debug\Scope.a(USBUART_descr.o)
                0x1fffa5a4                USBUART_idSerialNumberStringDescriptor
 *fill*         0x1fffa5c6        0x2 
 COMMON         0x1fffa5c8        0x4 c:/program files (x86)/cypress/psoc creator/4.0/psoc creator/import/gnu/arm/4.9.3/bin/../lib/gcc/arm-none-eabi/4.9.3/../../../../arm-none-eabi/lib/armv7-m\libg_nano.a(lib_a-reent.o)
                0x1fffa5c8                errno
                0x1fffa5d0                . = ALIGN (0x8)
 *fill*         0x1fffa5cc        0x4 
 *(.ram.b)
                0x1fffa5d0                _end = .
                0x1fffa5d0                __end = .
                0x1fffa5d0                PROVIDE (end, .)
                0x1fffa5d0                PROVIDE (__bss_end__, .)
                0x00007b88                __cy_region_init_ram = LOADADDR (.data)
                0x000000b0                __cy_region_init_size_ram = (_edata - ADDR (.data))
                0x00002418                __cy_region_zero_size_ram = (_end - _edata)

.heap           0x1fffa5d0       0x80 load address 0x00007c38
                0x1fffa5d0                . = _end
                0x1fffa650                . = (. + 0x80)
 *fill*         0x1fffa5d0       0x80 
                0x1fffa650                __cy_heap_limit = .

.stack          0x20007800      0x800
                0x20007800                __cy_stack_limit = .
                0x20008000                . = (. + 0x800)
 *fill*         0x20007800      0x800 
                0x00000001                ASSERT ((__cy_stack_limit >= __cy_heap_limit), region RAM overflowed with stack)
                0x00000000                cy_checksum_exclude_size = (CY_APPL_LOADABLE == 0x1)?SIZEOF (.cy_checksum_exclude):0x0
                0x00000001                ASSERT ((cy_checksum_exclude_size <= CY_CHECKSUM_EXCLUDE_SIZE), CY_BOOT: Section .cy_checksum_exclude size exceedes specified limit.)

.cyloadermeta
 *(.cyloadermeta)

.cyloadablemeta
 *(.cyloadablemeta)

.cyconfigecc    0x80000000      0x7a0
 *(.cyconfigecc)
 .cyconfigecc   0x80000000      0x7a0 .\CortexM3\ARM_GCC_493\Debug\cymetadata.o
                0x80000000                cy_meta_configecc

.cycustnvl      0x90000000        0x4
 *(.cycustnvl)
 .cycustnvl     0x90000000        0x4 .\CortexM3\ARM_GCC_493\Debug\cymetadata.o
                0x90000000                cy_meta_custnvl

.cywolatch      0x90100000        0x4
 *(.cywolatch)
 .cywolatch     0x90100000        0x4 .\CortexM3\ARM_GCC_493\Debug\cymetadata.o
                0x90100000                cy_meta_wonvl

.cyeeprom       0x90200000        0x0
 *(.cyeeprom)
                0x00000001                ASSERT ((. <= ((0x90200000 + ee_offset) + ee_size)), .cyeeprom data will not fit in EEPROM)

.cyflashprotect
                0x90400000      0x100
 *(.cyflashprotect)
 .cyflashprotect
                0x90400000      0x100 .\CortexM3\ARM_GCC_493\Debug\cymetadata.o
                0x90400000                cy_meta_flashprotect

.cymeta         0x90500000        0xc
 *(.cymeta)
 .cymeta        0x90500000        0xc .\CortexM3\ARM_GCC_493\Debug\cymetadata.o
                0x90500000                cy_metadata

.rel.dyn        0x00007c38        0x0 load address 0x9050000c
 .rel.iplt      0x00000000        0x0 c:/program files (x86)/cypress/psoc creator/4.0/psoc creator/import/gnu/arm/4.9.3/bin/../lib/gcc/arm-none-eabi/4.9.3/armv7-m/crtbegin.o

.stab           0x00000000       0x6c
 *(.stab)
 .stab          0x00000000       0x24 c:/program files (x86)/cypress/psoc creator/4.0/psoc creator/import/gnu/arm/4.9.3/bin/../lib/gcc/arm-none-eabi/4.9.3/../../../../arm-none-eabi/lib/armv7-m\libnosys.a(close.o)
 .stab          0x00000024       0x18 c:/program files (x86)/cypress/psoc creator/4.0/psoc creator/import/gnu/arm/4.9.3/bin/../lib/gcc/arm-none-eabi/4.9.3/../../../../arm-none-eabi/lib/armv7-m\libnosys.a(lseek.o)
                                 0x24 (size before relaxing)
 .stab          0x0000003c       0x18 c:/program files (x86)/cypress/psoc creator/4.0/psoc creator/import/gnu/arm/4.9.3/bin/../lib/gcc/arm-none-eabi/4.9.3/../../../../arm-none-eabi/lib/armv7-m\libnosys.a(read.o)
                                 0x24 (size before relaxing)
 .stab          0x00000054       0x18 c:/program files (x86)/cypress/psoc creator/4.0/psoc creator/import/gnu/arm/4.9.3/bin/../lib/gcc/arm-none-eabi/4.9.3/../../../../arm-none-eabi/lib/armv7-m\libnosys.a(write.o)
                                 0x24 (size before relaxing)

.stabstr        0x00000000       0xdf
 *(.stabstr)
 .stabstr       0x00000000       0xdf c:/program files (x86)/cypress/psoc creator/4.0/psoc creator/import/gnu/arm/4.9.3/bin/../lib/gcc/arm-none-eabi/4.9.3/../../../../arm-none-eabi/lib/armv7-m\libnosys.a(close.o)

.debug
 *(.debug)

.line
 *(.line)

.debug_srcinfo
 *(.debug_srcinfo)

.debug_sfnames
 *(.debug_sfnames)

.debug_aranges  0x00000000     0x12b8
 *(.debug_aranges)
 .debug_aranges
                0x00000000       0x50 .\CortexM3\ARM_GCC_493\Debug\main.o
 .debug_aranges
                0x00000050       0x48 .\CortexM3\ARM_GCC_493\Debug\Cm3Start.o
 .debug_aranges
                0x00000098       0x18 .\CortexM3\ARM_GCC_493\Debug\cymetadata.o
 .debug_aranges
                0x000000b0       0x70 .\CortexM3\ARM_GCC_493\Debug\Scope.a(cyfitter_cfg.o)
 .debug_aranges
                0x00000120       0xd8 .\CortexM3\ARM_GCC_493\Debug\Scope.a(CyDmac.o)
 .debug_aranges
                0x000001f8      0x2a0 .\CortexM3\ARM_GCC_493\Debug\Scope.a(CyLib.o)
 .debug_aranges
                0x00000498       0x98 .\CortexM3\ARM_GCC_493\Debug\Scope.a(cyPm.o)
 .debug_aranges
                0x00000530       0x98 .\CortexM3\ARM_GCC_493\Debug\Scope.a(ADC_2.o)
 .debug_aranges
                0x000005c8       0x20 .\CortexM3\ARM_GCC_493\Debug\Scope.a(ADC_2_INT.o)
 .debug_aranges
                0x000005e8       0x98 .\CortexM3\ARM_GCC_493\Debug\Scope.a(ADC_1.o)
 .debug_aranges
                0x00000680       0x20 .\CortexM3\ARM_GCC_493\Debug\Scope.a(ADC_1_INT.o)
 .debug_aranges
                0x000006a0       0xc8 .\CortexM3\ARM_GCC_493\Debug\Scope.a(USBUART.o)
 .debug_aranges
                0x00000768       0xe8 .\CortexM3\ARM_GCC_493\Debug\Scope.a(USBUART_cdc.o)
 .debug_aranges
                0x00000850       0x98 .\CortexM3\ARM_GCC_493\Debug\Scope.a(USBUART_drv.o)
 .debug_aranges
                0x000008e8       0x40 .\CortexM3\ARM_GCC_493\Debug\Scope.a(USBUART_episr.o)
 .debug_aranges
                0x00000928       0x40 .\CortexM3\ARM_GCC_493\Debug\Scope.a(USBUART_pm.o)
 .debug_aranges
                0x00000968       0x80 .\CortexM3\ARM_GCC_493\Debug\Scope.a(USBUART_std.o)
 .debug_aranges
                0x000009e8       0x20 .\CortexM3\ARM_GCC_493\Debug\Scope.a(USBUART_vnd.o)
 .debug_aranges
                0x00000a08       0x70 .\CortexM3\ARM_GCC_493\Debug\Scope.a(SampleClock.o)
 .debug_aranges
                0x00000a78       0x58 .\CortexM3\ARM_GCC_493\Debug\Scope.a(Vtrigger.o)
 .debug_aranges
                0x00000ad0       0x30 .\CortexM3\ARM_GCC_493\Debug\Scope.a(Amux_Trigger.o)
 .debug_aranges
                0x00000b00       0x28 .\CortexM3\ARM_GCC_493\Debug\Scope.a(DMA_Channel_1_dma.o)
 .debug_aranges
                0x00000b28       0x28 .\CortexM3\ARM_GCC_493\Debug\Scope.a(DMA_Channel_2_dma.o)
 .debug_aranges
                0x00000b50       0x98 .\CortexM3\ARM_GCC_493\Debug\Scope.a(PWM_Sample_Buffer.o)
 .debug_aranges
                0x00000be8       0x48 .\CortexM3\ARM_GCC_493\Debug\Scope.a(USBUART_Dp.o)
 .debug_aranges
                0x00000c30       0x28 .\CortexM3\ARM_GCC_493\Debug\Scope.a(Trigger_Control.o)
 .debug_aranges
                0x00000c58       0x40 .\CortexM3\ARM_GCC_493\Debug\Scope.a(Trigger_Status.o)
 .debug_aranges
                0x00000c98       0x70 .\CortexM3\ARM_GCC_493\Debug\Scope.a(Trigger_Comp.o)
 .debug_aranges
                0x00000d08       0x50 .\CortexM3\ARM_GCC_493\Debug\Scope.a(Wave_DAC.o)
 .debug_aranges
                0x00000d58       0x40 .\CortexM3\ARM_GCC_493\Debug\Scope.a(Wave_Buf.o)
 .debug_aranges
                0x00000d98       0x70 .\CortexM3\ARM_GCC_493\Debug\Scope.a(Wave_Clock.o)
 .debug_aranges
                0x00000e08       0x60 .\CortexM3\ARM_GCC_493\Debug\Scope.a(PRS.o)
 .debug_aranges
                0x00000e68       0x28 .\CortexM3\ARM_GCC_493\Debug\Scope.a(Wave_DAC_Wave1_DMA_dma.o)
 .debug_aranges
                0x00000e90       0x28 .\CortexM3\ARM_GCC_493\Debug\Scope.a(Wave_DAC_Wave2_DMA_dma.o)
 .debug_aranges
                0x00000eb8       0x58 .\CortexM3\ARM_GCC_493\Debug\Scope.a(Wave_DAC_VDAC8.o)
 .debug_aranges
                0x00000f10       0x28 .\CortexM3\ARM_GCC_493\Debug\Scope.a(Wave_Control.o)
 .debug_aranges
                0x00000f38       0x28 .\CortexM3\ARM_GCC_493\Debug\Scope.a(Digital_Out_Control.o)
 .debug_aranges
                0x00000f60       0x40 .\CortexM3\ARM_GCC_493\Debug\Scope.a(Digital_Input_Status.o)
 .debug_aranges
                0x00000fa0       0x70 .\CortexM3\ARM_GCC_493\Debug\Scope.a(PWM_Clock.o)
 .debug_aranges
                0x00001010       0xa8 .\CortexM3\ARM_GCC_493\Debug\Scope.a(Digital_PWM.o)
 .debug_aranges
                0x000010b8       0x70 .\CortexM3\ARM_GCC_493\Debug\Scope.a(Noise_Clock.o)
 .debug_aranges
                0x00001128       0x40 .\CortexM3\ARM_GCC_493\Debug\Scope.a(Trig_Buf.o)
 .debug_aranges
                0x00001168       0x20 .\CortexM3\ARM_GCC_493\Debug\Scope.a(CyBootAsmGnu.o)
 .debug_aranges
                0x00001188       0x80 .\CortexM3\ARM_GCC_493\Debug\Scope.a(CyFlash.o)
 .debug_aranges
                0x00001208       0x78 .\CortexM3\ARM_GCC_493\Debug\Scope.a(CySpc.o)
 .debug_aranges
                0x00001280       0x20 .\CortexM3\ARM_GCC_493\Debug\Scope.a(USBUART_cls.o)
 .debug_aranges
                0x000012a0       0x18 .\CortexM3\ARM_GCC_493\Debug\Scope.a(USBUART_descr.o)

.debug_pubnames
 *(.debug_pubnames)

.debug_info     0x00000000     0x8ad6
 *(.debug_info .gnu.linkonce.wi.*)
 .debug_info    0x00000000      0x4dc .\CortexM3\ARM_GCC_493\Debug\main.o
 .debug_info    0x000004dc      0x319 .\CortexM3\ARM_GCC_493\Debug\Cm3Start.o
 .debug_info    0x000007f5      0x13f .\CortexM3\ARM_GCC_493\Debug\cymetadata.o
 .debug_info    0x00000934      0x466 .\CortexM3\ARM_GCC_493\Debug\Scope.a(cyfitter_cfg.o)
 .debug_info    0x00000d9a      0x8b4 .\CortexM3\ARM_GCC_493\Debug\Scope.a(CyDmac.o)
 .debug_info    0x0000164e      0xe4a .\CortexM3\ARM_GCC_493\Debug\Scope.a(CyLib.o)
 .debug_info    0x00002498      0x561 .\CortexM3\ARM_GCC_493\Debug\Scope.a(cyPm.o)
 .debug_info    0x000029f9      0x454 .\CortexM3\ARM_GCC_493\Debug\Scope.a(ADC_2.o)
 .debug_info    0x00002e4d       0x92 .\CortexM3\ARM_GCC_493\Debug\Scope.a(ADC_2_INT.o)
 .debug_info    0x00002edf      0x454 .\CortexM3\ARM_GCC_493\Debug\Scope.a(ADC_1.o)
 .debug_info    0x00003333       0x92 .\CortexM3\ARM_GCC_493\Debug\Scope.a(ADC_1_INT.o)
 .debug_info    0x000033c5      0x70b .\CortexM3\ARM_GCC_493\Debug\Scope.a(USBUART.o)
 .debug_info    0x00003ad0      0x903 .\CortexM3\ARM_GCC_493\Debug\Scope.a(USBUART_cdc.o)
 .debug_info    0x000043d3      0x521 .\CortexM3\ARM_GCC_493\Debug\Scope.a(USBUART_drv.o)
 .debug_info    0x000048f4      0x22f .\CortexM3\ARM_GCC_493\Debug\Scope.a(USBUART_episr.o)
 .debug_info    0x00004b23      0x186 .\CortexM3\ARM_GCC_493\Debug\Scope.a(USBUART_pm.o)
 .debug_info    0x00004ca9      0x950 .\CortexM3\ARM_GCC_493\Debug\Scope.a(USBUART_std.o)
 .debug_info    0x000055f9      0x19d .\CortexM3\ARM_GCC_493\Debug\Scope.a(USBUART_vnd.o)
 .debug_info    0x00005796      0x25d .\CortexM3\ARM_GCC_493\Debug\Scope.a(SampleClock.o)
 .debug_info    0x000059f3      0x185 .\CortexM3\ARM_GCC_493\Debug\Scope.a(Vtrigger.o)
 .debug_info    0x00005b78       0xf7 .\CortexM3\ARM_GCC_493\Debug\Scope.a(Amux_Trigger.o)
 .debug_info    0x00005c6f      0x114 .\CortexM3\ARM_GCC_493\Debug\Scope.a(DMA_Channel_1_dma.o)
 .debug_info    0x00005d83      0x114 .\CortexM3\ARM_GCC_493\Debug\Scope.a(DMA_Channel_2_dma.o)
 .debug_info    0x00005e97      0x2a0 .\CortexM3\ARM_GCC_493\Debug\Scope.a(PWM_Sample_Buffer.o)
 .debug_info    0x00006137      0x171 .\CortexM3\ARM_GCC_493\Debug\Scope.a(USBUART_Dp.o)
 .debug_info    0x000062a8       0xd7 .\CortexM3\ARM_GCC_493\Debug\Scope.a(Trigger_Control.o)
 .debug_info    0x0000637f      0x13b .\CortexM3\ARM_GCC_493\Debug\Scope.a(Trigger_Status.o)
 .debug_info    0x000064ba      0x23f .\CortexM3\ARM_GCC_493\Debug\Scope.a(Trigger_Comp.o)
 .debug_info    0x000066f9      0x251 .\CortexM3\ARM_GCC_493\Debug\Scope.a(Wave_DAC.o)
 .debug_info    0x0000694a      0x11e .\CortexM3\ARM_GCC_493\Debug\Scope.a(Wave_Buf.o)
 .debug_info    0x00006a68      0x25d .\CortexM3\ARM_GCC_493\Debug\Scope.a(Wave_Clock.o)
 .debug_info    0x00006cc5      0x1fe .\CortexM3\ARM_GCC_493\Debug\Scope.a(PRS.o)
 .debug_info    0x00006ec3      0x114 .\CortexM3\ARM_GCC_493\Debug\Scope.a(Wave_DAC_Wave1_DMA_dma.o)
 .debug_info    0x00006fd7      0x114 .\CortexM3\ARM_GCC_493\Debug\Scope.a(Wave_DAC_Wave2_DMA_dma.o)
 .debug_info    0x000070eb      0x185 .\CortexM3\ARM_GCC_493\Debug\Scope.a(Wave_DAC_VDAC8.o)
 .debug_info    0x00007270       0xd7 .\CortexM3\ARM_GCC_493\Debug\Scope.a(Wave_Control.o)
 .debug_info    0x00007347       0xd7 .\CortexM3\ARM_GCC_493\Debug\Scope.a(Digital_Out_Control.o)
 .debug_info    0x0000741e      0x13b .\CortexM3\ARM_GCC_493\Debug\Scope.a(Digital_Input_Status.o)
 .debug_info    0x00007559      0x25d .\CortexM3\ARM_GCC_493\Debug\Scope.a(PWM_Clock.o)
 .debug_info    0x000077b6      0x2bf .\CortexM3\ARM_GCC_493\Debug\Scope.a(Digital_PWM.o)
 .debug_info    0x00007a75      0x25d .\CortexM3\ARM_GCC_493\Debug\Scope.a(Noise_Clock.o)
 .debug_info    0x00007cd2      0x11e .\CortexM3\ARM_GCC_493\Debug\Scope.a(Trig_Buf.o)
 .debug_info    0x00007df0       0xa2 .\CortexM3\ARM_GCC_493\Debug\Scope.a(CyBootAsmGnu.o)
 .debug_info    0x00007e92      0x36a .\CortexM3\ARM_GCC_493\Debug\Scope.a(CyFlash.o)
 .debug_info    0x000081fc      0x453 .\CortexM3\ARM_GCC_493\Debug\Scope.a(CySpc.o)
 .debug_info    0x0000864f      0x1bc .\CortexM3\ARM_GCC_493\Debug\Scope.a(USBUART_cls.o)
 .debug_info    0x0000880b      0x2cb .\CortexM3\ARM_GCC_493\Debug\Scope.a(USBUART_descr.o)

.debug_abbrev   0x00000000     0x2ef2
 *(.debug_abbrev)
 .debug_abbrev  0x00000000      0x162 .\CortexM3\ARM_GCC_493\Debug\main.o
 .debug_abbrev  0x00000162      0x1b6 .\CortexM3\ARM_GCC_493\Debug\Cm3Start.o
 .debug_abbrev  0x00000318       0x77 .\CortexM3\ARM_GCC_493\Debug\cymetadata.o
 .debug_abbrev  0x0000038f      0x1b0 .\CortexM3\ARM_GCC_493\Debug\Scope.a(cyfitter_cfg.o)
 .debug_abbrev  0x0000053f      0x194 .\CortexM3\ARM_GCC_493\Debug\Scope.a(CyDmac.o)
 .debug_abbrev  0x000006d3      0x217 .\CortexM3\ARM_GCC_493\Debug\Scope.a(CyLib.o)
 .debug_abbrev  0x000008ea      0x161 .\CortexM3\ARM_GCC_493\Debug\Scope.a(cyPm.o)
 .debug_abbrev  0x00000a4b      0x15b .\CortexM3\ARM_GCC_493\Debug\Scope.a(ADC_2.o)
 .debug_abbrev  0x00000ba6       0x42 .\CortexM3\ARM_GCC_493\Debug\Scope.a(ADC_2_INT.o)
 .debug_abbrev  0x00000be8      0x15b .\CortexM3\ARM_GCC_493\Debug\Scope.a(ADC_1.o)
 .debug_abbrev  0x00000d43       0x42 .\CortexM3\ARM_GCC_493\Debug\Scope.a(ADC_1_INT.o)
 .debug_abbrev  0x00000d85      0x1f3 .\CortexM3\ARM_GCC_493\Debug\Scope.a(USBUART.o)
 .debug_abbrev  0x00000f78      0x233 .\CortexM3\ARM_GCC_493\Debug\Scope.a(USBUART_cdc.o)
 .debug_abbrev  0x000011ab      0x161 .\CortexM3\ARM_GCC_493\Debug\Scope.a(USBUART_drv.o)
 .debug_abbrev  0x0000130c       0xfd .\CortexM3\ARM_GCC_493\Debug\Scope.a(USBUART_episr.o)
 .debug_abbrev  0x00001409       0xd1 .\CortexM3\ARM_GCC_493\Debug\Scope.a(USBUART_pm.o)
 .debug_abbrev  0x000014da      0x1c2 .\CortexM3\ARM_GCC_493\Debug\Scope.a(USBUART_std.o)
 .debug_abbrev  0x0000169c       0xc5 .\CortexM3\ARM_GCC_493\Debug\Scope.a(USBUART_vnd.o)
 .debug_abbrev  0x00001761      0x11d .\CortexM3\ARM_GCC_493\Debug\Scope.a(SampleClock.o)
 .debug_abbrev  0x0000187e       0xeb .\CortexM3\ARM_GCC_493\Debug\Scope.a(Vtrigger.o)
 .debug_abbrev  0x00001969       0x87 .\CortexM3\ARM_GCC_493\Debug\Scope.a(Amux_Trigger.o)
 .debug_abbrev  0x000019f0       0x8b .\CortexM3\ARM_GCC_493\Debug\Scope.a(DMA_Channel_1_dma.o)
 .debug_abbrev  0x00001a7b       0x8b .\CortexM3\ARM_GCC_493\Debug\Scope.a(DMA_Channel_2_dma.o)
 .debug_abbrev  0x00001b06      0x12e .\CortexM3\ARM_GCC_493\Debug\Scope.a(PWM_Sample_Buffer.o)
 .debug_abbrev  0x00001c34       0x90 .\CortexM3\ARM_GCC_493\Debug\Scope.a(USBUART_Dp.o)
 .debug_abbrev  0x00001cc4       0x81 .\CortexM3\ARM_GCC_493\Debug\Scope.a(Trigger_Control.o)
 .debug_abbrev  0x00001d45       0xaa .\CortexM3\ARM_GCC_493\Debug\Scope.a(Trigger_Status.o)
 .debug_abbrev  0x00001def      0x146 .\CortexM3\ARM_GCC_493\Debug\Scope.a(Trigger_Comp.o)
 .debug_abbrev  0x00001f35       0xe3 .\CortexM3\ARM_GCC_493\Debug\Scope.a(Wave_DAC.o)
 .debug_abbrev  0x00002018       0xa8 .\CortexM3\ARM_GCC_493\Debug\Scope.a(Wave_Buf.o)
 .debug_abbrev  0x000020c0      0x11d .\CortexM3\ARM_GCC_493\Debug\Scope.a(Wave_Clock.o)
 .debug_abbrev  0x000021dd      0x123 .\CortexM3\ARM_GCC_493\Debug\Scope.a(PRS.o)
 .debug_abbrev  0x00002300       0x8b .\CortexM3\ARM_GCC_493\Debug\Scope.a(Wave_DAC_Wave1_DMA_dma.o)
 .debug_abbrev  0x0000238b       0x8b .\CortexM3\ARM_GCC_493\Debug\Scope.a(Wave_DAC_Wave2_DMA_dma.o)
 .debug_abbrev  0x00002416       0xeb .\CortexM3\ARM_GCC_493\Debug\Scope.a(Wave_DAC_VDAC8.o)
 .debug_abbrev  0x00002501       0x81 .\CortexM3\ARM_GCC_493\Debug\Scope.a(Wave_Control.o)
 .debug_abbrev  0x00002582       0x81 .\CortexM3\ARM_GCC_493\Debug\Scope.a(Digital_Out_Control.o)
 .debug_abbrev  0x00002603       0xaa .\CortexM3\ARM_GCC_493\Debug\Scope.a(Digital_Input_Status.o)
 .debug_abbrev  0x000026ad      0x11d .\CortexM3\ARM_GCC_493\Debug\Scope.a(PWM_Clock.o)
 .debug_abbrev  0x000027ca      0x12e .\CortexM3\ARM_GCC_493\Debug\Scope.a(Digital_PWM.o)
 .debug_abbrev  0x000028f8      0x11d .\CortexM3\ARM_GCC_493\Debug\Scope.a(Noise_Clock.o)
 .debug_abbrev  0x00002a15       0xa8 .\CortexM3\ARM_GCC_493\Debug\Scope.a(Trig_Buf.o)
 .debug_abbrev  0x00002abd       0x14 .\CortexM3\ARM_GCC_493\Debug\Scope.a(CyBootAsmGnu.o)
 .debug_abbrev  0x00002ad1      0x13c .\CortexM3\ARM_GCC_493\Debug\Scope.a(CyFlash.o)
 .debug_abbrev  0x00002c0d      0x16c .\CortexM3\ARM_GCC_493\Debug\Scope.a(CySpc.o)
 .debug_abbrev  0x00002d79       0xc5 .\CortexM3\ARM_GCC_493\Debug\Scope.a(USBUART_cls.o)
 .debug_abbrev  0x00002e3e       0xb4 .\CortexM3\ARM_GCC_493\Debug\Scope.a(USBUART_descr.o)

.debug_line     0x00000000     0x46a6
 *(.debug_line)
 .debug_line    0x00000000      0x3ef .\CortexM3\ARM_GCC_493\Debug\main.o
 .debug_line    0x000003ef      0x1db .\CortexM3\ARM_GCC_493\Debug\Cm3Start.o
 .debug_line    0x000005ca       0x51 .\CortexM3\ARM_GCC_493\Debug\cymetadata.o
 .debug_line    0x0000061b      0x241 .\CortexM3\ARM_GCC_493\Debug\Scope.a(cyfitter_cfg.o)
 .debug_line    0x0000085c      0x2b5 .\CortexM3\ARM_GCC_493\Debug\Scope.a(CyDmac.o)
 .debug_line    0x00000b11      0x882 .\CortexM3\ARM_GCC_493\Debug\Scope.a(CyLib.o)
 .debug_line    0x00001393      0x37f .\CortexM3\ARM_GCC_493\Debug\Scope.a(cyPm.o)
 .debug_line    0x00001712      0x1e2 .\CortexM3\ARM_GCC_493\Debug\Scope.a(ADC_2.o)
 .debug_line    0x000018f4       0x55 .\CortexM3\ARM_GCC_493\Debug\Scope.a(ADC_2_INT.o)
 .debug_line    0x00001949      0x1e2 .\CortexM3\ARM_GCC_493\Debug\Scope.a(ADC_1.o)
 .debug_line    0x00001b2b       0x55 .\CortexM3\ARM_GCC_493\Debug\Scope.a(ADC_1_INT.o)
 .debug_line    0x00001b80      0x306 .\CortexM3\ARM_GCC_493\Debug\Scope.a(USBUART.o)
 .debug_line    0x00001e86      0x30c .\CortexM3\ARM_GCC_493\Debug\Scope.a(USBUART_cdc.o)
 .debug_line    0x00002192      0x21a .\CortexM3\ARM_GCC_493\Debug\Scope.a(USBUART_drv.o)
 .debug_line    0x000023ac       0xf2 .\CortexM3\ARM_GCC_493\Debug\Scope.a(USBUART_episr.o)
 .debug_line    0x0000249e       0xe6 .\CortexM3\ARM_GCC_493\Debug\Scope.a(USBUART_pm.o)
 .debug_line    0x00002584      0x456 .\CortexM3\ARM_GCC_493\Debug\Scope.a(USBUART_std.o)
 .debug_line    0x000029da       0x8f .\CortexM3\ARM_GCC_493\Debug\Scope.a(USBUART_vnd.o)
 .debug_line    0x00002a69      0x1a6 .\CortexM3\ARM_GCC_493\Debug\Scope.a(SampleClock.o)
 .debug_line    0x00002c0f       0xf1 .\CortexM3\ARM_GCC_493\Debug\Scope.a(Vtrigger.o)
 .debug_line    0x00002d00       0xa1 .\CortexM3\ARM_GCC_493\Debug\Scope.a(Amux_Trigger.o)
 .debug_line    0x00002da1       0x80 .\CortexM3\ARM_GCC_493\Debug\Scope.a(DMA_Channel_1_dma.o)
 .debug_line    0x00002e21       0x80 .\CortexM3\ARM_GCC_493\Debug\Scope.a(DMA_Channel_2_dma.o)
 .debug_line    0x00002ea1      0x195 .\CortexM3\ARM_GCC_493\Debug\Scope.a(PWM_Sample_Buffer.o)
 .debug_line    0x00003036       0xbe .\CortexM3\ARM_GCC_493\Debug\Scope.a(USBUART_Dp.o)
 .debug_line    0x000030f4       0x78 .\CortexM3\ARM_GCC_493\Debug\Scope.a(Trigger_Control.o)
 .debug_line    0x0000316c       0xb1 .\CortexM3\ARM_GCC_493\Debug\Scope.a(Trigger_Status.o)
 .debug_line    0x0000321d      0x171 .\CortexM3\ARM_GCC_493\Debug\Scope.a(Trigger_Comp.o)
 .debug_line    0x0000338e       0xf0 .\CortexM3\ARM_GCC_493\Debug\Scope.a(Wave_DAC.o)
 .debug_line    0x0000347e       0xb0 .\CortexM3\ARM_GCC_493\Debug\Scope.a(Wave_Buf.o)
 .debug_line    0x0000352e      0x1a5 .\CortexM3\ARM_GCC_493\Debug\Scope.a(Wave_Clock.o)
 .debug_line    0x000036d3      0x10c .\CortexM3\ARM_GCC_493\Debug\Scope.a(PRS.o)
 .debug_line    0x000037df       0x85 .\CortexM3\ARM_GCC_493\Debug\Scope.a(Wave_DAC_Wave1_DMA_dma.o)
 .debug_line    0x00003864       0x85 .\CortexM3\ARM_GCC_493\Debug\Scope.a(Wave_DAC_Wave2_DMA_dma.o)
 .debug_line    0x000038e9       0xf6 .\CortexM3\ARM_GCC_493\Debug\Scope.a(Wave_DAC_VDAC8.o)
 .debug_line    0x000039df       0x75 .\CortexM3\ARM_GCC_493\Debug\Scope.a(Wave_Control.o)
 .debug_line    0x00003a54       0x7c .\CortexM3\ARM_GCC_493\Debug\Scope.a(Digital_Out_Control.o)
 .debug_line    0x00003ad0       0xb7 .\CortexM3\ARM_GCC_493\Debug\Scope.a(Digital_Input_Status.o)
 .debug_line    0x00003b87      0x1a4 .\CortexM3\ARM_GCC_493\Debug\Scope.a(PWM_Clock.o)
 .debug_line    0x00003d2b      0x1af .\CortexM3\ARM_GCC_493\Debug\Scope.a(Digital_PWM.o)
 .debug_line    0x00003eda      0x1a6 .\CortexM3\ARM_GCC_493\Debug\Scope.a(Noise_Clock.o)
 .debug_line    0x00004080       0xb0 .\CortexM3\ARM_GCC_493\Debug\Scope.a(Trig_Buf.o)
 .debug_line    0x00004130       0x66 .\CortexM3\ARM_GCC_493\Debug\Scope.a(CyBootAsmGnu.o)
 .debug_line    0x00004196      0x205 .\CortexM3\ARM_GCC_493\Debug\Scope.a(CyFlash.o)
 .debug_line    0x0000439b      0x215 .\CortexM3\ARM_GCC_493\Debug\Scope.a(CySpc.o)
 .debug_line    0x000045b0       0x95 .\CortexM3\ARM_GCC_493\Debug\Scope.a(USBUART_cls.o)
 .debug_line    0x00004645       0x61 .\CortexM3\ARM_GCC_493\Debug\Scope.a(USBUART_descr.o)

.debug_frame    0x00000000     0x4fac
 *(.debug_frame)
 .debug_frame   0x00000000      0x110 .\CortexM3\ARM_GCC_493\Debug\main.o
 .debug_frame   0x00000110       0xd8 .\CortexM3\ARM_GCC_493\Debug\Cm3Start.o
 .debug_frame   0x000001e8      0x1bc .\CortexM3\ARM_GCC_493\Debug\Scope.a(cyfitter_cfg.o)
 .debug_frame   0x000003a4      0x3d0 .\CortexM3\ARM_GCC_493\Debug\Scope.a(CyDmac.o)
 .debug_frame   0x00000774      0xc0c .\CortexM3\ARM_GCC_493\Debug\Scope.a(CyLib.o)
 .debug_frame   0x00001380      0x234 .\CortexM3\ARM_GCC_493\Debug\Scope.a(cyPm.o)
 .debug_frame   0x000015b4      0x278 .\CortexM3\ARM_GCC_493\Debug\Scope.a(ADC_2.o)
 .debug_frame   0x0000182c       0x34 .\CortexM3\ARM_GCC_493\Debug\Scope.a(ADC_2_INT.o)
 .debug_frame   0x00001860      0x278 .\CortexM3\ARM_GCC_493\Debug\Scope.a(ADC_1.o)
 .debug_frame   0x00001ad8       0x34 .\CortexM3\ARM_GCC_493\Debug\Scope.a(ADC_1_INT.o)
 .debug_frame   0x00001b0c      0x37c .\CortexM3\ARM_GCC_493\Debug\Scope.a(USBUART.o)
 .debug_frame   0x00001e88      0x3ec .\CortexM3\ARM_GCC_493\Debug\Scope.a(USBUART_cdc.o)
 .debug_frame   0x00002274      0x23c .\CortexM3\ARM_GCC_493\Debug\Scope.a(USBUART_drv.o)
 .debug_frame   0x000024b0       0xbc .\CortexM3\ARM_GCC_493\Debug\Scope.a(USBUART_episr.o)
 .debug_frame   0x0000256c       0xbc .\CortexM3\ARM_GCC_493\Debug\Scope.a(USBUART_pm.o)
 .debug_frame   0x00002628      0x224 .\CortexM3\ARM_GCC_493\Debug\Scope.a(USBUART_std.o)
 .debug_frame   0x0000284c       0x38 .\CortexM3\ARM_GCC_493\Debug\Scope.a(USBUART_vnd.o)
 .debug_frame   0x00002884      0x1b4 .\CortexM3\ARM_GCC_493\Debug\Scope.a(SampleClock.o)
 .debug_frame   0x00002a38      0x130 .\CortexM3\ARM_GCC_493\Debug\Scope.a(Vtrigger.o)
 .debug_frame   0x00002b68       0x7c .\CortexM3\ARM_GCC_493\Debug\Scope.a(Amux_Trigger.o)
 .debug_frame   0x00002be4       0x58 .\CortexM3\ARM_GCC_493\Debug\Scope.a(DMA_Channel_1_dma.o)
 .debug_frame   0x00002c3c       0x58 .\CortexM3\ARM_GCC_493\Debug\Scope.a(DMA_Channel_2_dma.o)
 .debug_frame   0x00002c94      0x25c .\CortexM3\ARM_GCC_493\Debug\Scope.a(PWM_Sample_Buffer.o)
 .debug_frame   0x00002ef0       0xf4 .\CortexM3\ARM_GCC_493\Debug\Scope.a(USBUART_Dp.o)
 .debug_frame   0x00002fe4       0x5c .\CortexM3\ARM_GCC_493\Debug\Scope.a(Trigger_Control.o)
 .debug_frame   0x00003040       0xd0 .\CortexM3\ARM_GCC_493\Debug\Scope.a(Trigger_Status.o)
 .debug_frame   0x00003110      0x19c .\CortexM3\ARM_GCC_493\Debug\Scope.a(Trigger_Comp.o)
 .debug_frame   0x000032ac       0xf8 .\CortexM3\ARM_GCC_493\Debug\Scope.a(Wave_DAC.o)