ARM GAS  C:\Users\Greg\AppData\Local\Temp\cc6w7vtq.s 			page 1


   1              		.syntax unified
   2              		.cpu cortex-m3
   3              		.fpu softvfp
   4              		.eabi_attribute 20, 1
   5              		.eabi_attribute 21, 1
   6              		.eabi_attribute 23, 3
   7              		.eabi_attribute 24, 1
   8              		.eabi_attribute 25, 1
   9              		.eabi_attribute 26, 1
  10              		.eabi_attribute 30, 6
  11              		.eabi_attribute 34, 1
  12              		.eabi_attribute 18, 4
  13              		.thumb
  14              		.file	"Wave_DAC.c"
  15              		.text
  16              	.Ltext0:
  17              		.cfi_sections	.debug_frame
  18              		.global	Wave_DAC_initVar
  19              		.bss
  20              		.type	Wave_DAC_initVar, %object
  21              		.size	Wave_DAC_initVar, 1
  22              	Wave_DAC_initVar:
  23 0000 00       		.space	1
  24              		.global	Wave_DAC_wave1
  25              		.section	.rodata
  26              		.align	2
  27              		.type	Wave_DAC_wave1, %object
  28              		.size	Wave_DAC_wave1, 256
  29              	Wave_DAC_wave1:
  30 0000 80       		.byte	-128
  31 0001 80       		.byte	-128
  32 0002 81       		.byte	-127
  33 0003 82       		.byte	-126
  34 0004 83       		.byte	-125
  35 0005 83       		.byte	-125
  36 0006 84       		.byte	-124
  37 0007 85       		.byte	-123
  38 0008 86       		.byte	-122
  39 0009 86       		.byte	-122
  40 000a 87       		.byte	-121
  41 000b 88       		.byte	-120
  42 000c 89       		.byte	-119
  43 000d 89       		.byte	-119
  44 000e 8A       		.byte	-118
  45 000f 8B       		.byte	-117
  46 0010 8B       		.byte	-117
  47 0011 8C       		.byte	-116
  48 0012 8D       		.byte	-115
  49 0013 8E       		.byte	-114
  50 0014 8E       		.byte	-114
  51 0015 8F       		.byte	-113
  52 0016 90       		.byte	-112
  53 0017 90       		.byte	-112
  54 0018 91       		.byte	-111
  55 0019 91       		.byte	-111
  56 001a 92       		.byte	-110
  57 001b 93       		.byte	-109
ARM GAS  C:\Users\Greg\AppData\Local\Temp\cc6w7vtq.s 			page 2


  58 001c 93       		.byte	-109
  59 001d 94       		.byte	-108
  60 001e 94       		.byte	-108
  61 001f 95       		.byte	-107
  62 0020 96       		.byte	-106
  63 0021 96       		.byte	-106
  64 0022 97       		.byte	-105
  65 0023 97       		.byte	-105
  66 0024 98       		.byte	-104
  67 0025 98       		.byte	-104
  68 0026 99       		.byte	-103
  69 0027 99       		.byte	-103
  70 0028 99       		.byte	-103
  71 0029 9A       		.byte	-102
  72 002a 9A       		.byte	-102
  73 002b 9B       		.byte	-101
  74 002c 9B       		.byte	-101
  75 002d 9B       		.byte	-101
  76 002e 9C       		.byte	-100
  77 002f 9C       		.byte	-100
  78 0030 9C       		.byte	-100
  79 0031 9D       		.byte	-99
  80 0032 9D       		.byte	-99
  81 0033 9D       		.byte	-99
  82 0034 9D       		.byte	-99
  83 0035 9E       		.byte	-98
  84 0036 9E       		.byte	-98
  85 0037 9E       		.byte	-98
  86 0038 9E       		.byte	-98
  87 0039 9E       		.byte	-98
  88 003a 9E       		.byte	-98
  89 003b 9F       		.byte	-97
  90 003c 9F       		.byte	-97
  91 003d 9F       		.byte	-97
  92 003e 9F       		.byte	-97
  93 003f 9F       		.byte	-97
  94 0040 9F       		.byte	-97
  95 0041 9F       		.byte	-97
  96 0042 9F       		.byte	-97
  97 0043 9F       		.byte	-97
  98 0044 9F       		.byte	-97
  99 0045 9F       		.byte	-97
 100 0046 9E       		.byte	-98
 101 0047 9E       		.byte	-98
 102 0048 9E       		.byte	-98
 103 0049 9E       		.byte	-98
 104 004a 9E       		.byte	-98
 105 004b 9E       		.byte	-98
 106 004c 9D       		.byte	-99
 107 004d 9D       		.byte	-99
 108 004e 9D       		.byte	-99
 109 004f 9D       		.byte	-99
 110 0050 9C       		.byte	-100
 111 0051 9C       		.byte	-100
 112 0052 9C       		.byte	-100
 113 0053 9B       		.byte	-101
 114 0054 9B       		.byte	-101
ARM GAS  C:\Users\Greg\AppData\Local\Temp\cc6w7vtq.s 			page 3


 115 0055 9B       		.byte	-101
 116 0056 9A       		.byte	-102
 117 0057 9A       		.byte	-102
 118 0058 99       		.byte	-103
 119 0059 99       		.byte	-103
 120 005a 99       		.byte	-103
 121 005b 98       		.byte	-104
 122 005c 98       		.byte	-104
 123 005d 97       		.byte	-105
 124 005e 97       		.byte	-105
 125 005f 96       		.byte	-106
 126 0060 96       		.byte	-106
 127 0061 95       		.byte	-107
 128 0062 94       		.byte	-108
 129 0063 94       		.byte	-108
 130 0064 93       		.byte	-109
 131 0065 93       		.byte	-109
 132 0066 92       		.byte	-110
 133 0067 91       		.byte	-111
 134 0068 91       		.byte	-111
 135 0069 90       		.byte	-112
 136 006a 90       		.byte	-112
 137 006b 8F       		.byte	-113
 138 006c 8E       		.byte	-114
 139 006d 8E       		.byte	-114
 140 006e 8D       		.byte	-115
 141 006f 8C       		.byte	-116
 142 0070 8B       		.byte	-117
 143 0071 8B       		.byte	-117
 144 0072 8A       		.byte	-118
 145 0073 89       		.byte	-119
 146 0074 89       		.byte	-119
 147 0075 88       		.byte	-120
 148 0076 87       		.byte	-121
 149 0077 86       		.byte	-122
 150 0078 86       		.byte	-122
 151 0079 85       		.byte	-123
 152 007a 84       		.byte	-124
 153 007b 83       		.byte	-125
 154 007c 83       		.byte	-125
 155 007d 82       		.byte	-126
 156 007e 81       		.byte	-127
 157 007f 80       		.byte	-128
 158 0080 80       		.byte	-128
 159 0081 7F       		.byte	127
 160 0082 7E       		.byte	126
 161 0083 7D       		.byte	125
 162 0084 7C       		.byte	124
 163 0085 7C       		.byte	124
 164 0086 7B       		.byte	123
 165 0087 7A       		.byte	122
 166 0088 79       		.byte	121
 167 0089 79       		.byte	121
 168 008a 78       		.byte	120
 169 008b 77       		.byte	119
 170 008c 76       		.byte	118
 171 008d 76       		.byte	118
ARM GAS  C:\Users\Greg\AppData\Local\Temp\cc6w7vtq.s 			page 4


 172 008e 75       		.byte	117
 173 008f 74       		.byte	116
 174 0090 74       		.byte	116
 175 0091 73       		.byte	115
 176 0092 72       		.byte	114
 177 0093 71       		.byte	113
 178 0094 71       		.byte	113
 179 0095 70       		.byte	112
 180 0096 6F       		.byte	111
 181 0097 6F       		.byte	111
 182 0098 6E       		.byte	110
 183 0099 6E       		.byte	110
 184 009a 6D       		.byte	109
 185 009b 6C       		.byte	108
 186 009c 6C       		.byte	108
 187 009d 6B       		.byte	107
 188 009e 6B       		.byte	107
 189 009f 6A       		.byte	106
 190 00a0 69       		.byte	105
 191 00a1 69       		.byte	105
 192 00a2 68       		.byte	104
 193 00a3 68       		.byte	104
 194 00a4 67       		.byte	103
 195 00a5 67       		.byte	103
 196 00a6 66       		.byte	102
 197 00a7 66       		.byte	102
 198 00a8 66       		.byte	102
 199 00a9 65       		.byte	101
 200 00aa 65       		.byte	101
 201 00ab 64       		.byte	100
 202 00ac 64       		.byte	100
 203 00ad 64       		.byte	100
 204 00ae 63       		.byte	99
 205 00af 63       		.byte	99
 206 00b0 63       		.byte	99
 207 00b1 62       		.byte	98
 208 00b2 62       		.byte	98
 209 00b3 62       		.byte	98
 210 00b4 62       		.byte	98
 211 00b5 61       		.byte	97
 212 00b6 61       		.byte	97
 213 00b7 61       		.byte	97
 214 00b8 61       		.byte	97
 215 00b9 61       		.byte	97
 216 00ba 61       		.byte	97
 217 00bb 60       		.byte	96
 218 00bc 60       		.byte	96
 219 00bd 60       		.byte	96
 220 00be 60       		.byte	96
 221 00bf 60       		.byte	96
 222 00c0 60       		.byte	96
 223 00c1 60       		.byte	96
 224 00c2 60       		.byte	96
 225 00c3 60       		.byte	96
 226 00c4 60       		.byte	96
 227 00c5 60       		.byte	96
 228 00c6 61       		.byte	97
ARM GAS  C:\Users\Greg\AppData\Local\Temp\cc6w7vtq.s 			page 5


 229 00c7 61       		.byte	97
 230 00c8 61       		.byte	97
 231 00c9 61       		.byte	97
 232 00ca 61       		.byte	97
 233 00cb 61       		.byte	97
 234 00cc 62       		.byte	98
 235 00cd 62       		.byte	98
 236 00ce 62       		.byte	98
 237 00cf 62       		.byte	98
 238 00d0 63       		.byte	99
 239 00d1 63       		.byte	99
 240 00d2 63       		.byte	99
 241 00d3 64       		.byte	100
 242 00d4 64       		.byte	100
 243 00d5 64       		.byte	100
 244 00d6 65       		.byte	101
 245 00d7 65       		.byte	101
 246 00d8 66       		.byte	102
 247 00d9 66       		.byte	102
 248 00da 66       		.byte	102
 249 00db 67       		.byte	103
 250 00dc 67       		.byte	103
 251 00dd 68       		.byte	104
 252 00de 68       		.byte	104
 253 00df 69       		.byte	105
 254 00e0 69       		.byte	105
 255 00e1 6A       		.byte	106
 256 00e2 6B       		.byte	107
 257 00e3 6B       		.byte	107
 258 00e4 6C       		.byte	108
 259 00e5 6C       		.byte	108
 260 00e6 6D       		.byte	109
 261 00e7 6E       		.byte	110
 262 00e8 6E       		.byte	110
 263 00e9 6F       		.byte	111
 264 00ea 6F       		.byte	111
 265 00eb 70       		.byte	112
 266 00ec 71       		.byte	113
 267 00ed 71       		.byte	113
 268 00ee 72       		.byte	114
 269 00ef 73       		.byte	115
 270 00f0 74       		.byte	116
 271 00f1 74       		.byte	116
 272 00f2 75       		.byte	117
 273 00f3 76       		.byte	118
 274 00f4 76       		.byte	118
 275 00f5 77       		.byte	119
 276 00f6 78       		.byte	120
 277 00f7 79       		.byte	121
 278 00f8 79       		.byte	121
 279 00f9 7A       		.byte	122
 280 00fa 7B       		.byte	123
 281 00fb 7C       		.byte	124
 282 00fc 7C       		.byte	124
 283 00fd 7D       		.byte	125
 284 00fe 7E       		.byte	126
 285 00ff 7F       		.byte	127
ARM GAS  C:\Users\Greg\AppData\Local\Temp\cc6w7vtq.s 			page 6


 286              		.global	Wave_DAC_wave2
 287              		.align	2
 288              		.type	Wave_DAC_wave2, %object
 289              		.size	Wave_DAC_wave2, 50
 290              	Wave_DAC_wave2:
 291 0100 20       		.byte	32
 292 0101 23       		.byte	35
 293 0102 25       		.byte	37
 294 0103 28       		.byte	40
 295 0104 2A       		.byte	42
 296 0105 2D       		.byte	45
 297 0106 2F       		.byte	47
 298 0107 32       		.byte	50
 299 0108 34       		.byte	52
 300 0109 37       		.byte	55
 301 010a 3A       		.byte	58
 302 010b 3C       		.byte	60
 303 010c 3F       		.byte	63
 304 010d 3F       		.byte	63
 305 010e 3C       		.byte	60
 306 010f 3A       		.byte	58
 307 0110 37       		.byte	55
 308 0111 34       		.byte	52
 309 0112 32       		.byte	50
 310 0113 2F       		.byte	47
 311 0114 2D       		.byte	45
 312 0115 2A       		.byte	42
 313 0116 28       		.byte	40
 314 0117 25       		.byte	37
 315 0118 23       		.byte	35
 316 0119 20       		.byte	32
 317 011a 1D       		.byte	29
 318 011b 1B       		.byte	27
 319 011c 18       		.byte	24
 320 011d 16       		.byte	22
 321 011e 13       		.byte	19
 322 011f 11       		.byte	17
 323 0120 0E       		.byte	14
 324 0121 0C       		.byte	12
 325 0122 09       		.byte	9
 326 0123 06       		.byte	6
 327 0124 04       		.byte	4
 328 0125 01       		.byte	1
 329 0126 01       		.byte	1
 330 0127 04       		.byte	4
 331 0128 06       		.byte	6
 332 0129 09       		.byte	9
 333 012a 0C       		.byte	12
 334 012b 0E       		.byte	14
 335 012c 11       		.byte	17
 336 012d 13       		.byte	19
 337 012e 16       		.byte	22
 338 012f 18       		.byte	24
 339 0130 1B       		.byte	27
 340 0131 1D       		.byte	29
 341 0132 0000     		.bss
 342              	Wave_DAC_Wave1Chan:
ARM GAS  C:\Users\Greg\AppData\Local\Temp\cc6w7vtq.s 			page 7


 343 0001 00       		.space	1
 344              	Wave_DAC_Wave2Chan:
 345 0002 00       		.space	1
 346              	Wave_DAC_Wave1TD:
 347 0003 00       		.space	1
 348              	Wave_DAC_Wave2TD:
 349 0004 00       		.space	1
 350              		.section	.text.Wave_DAC_Init,"ax",%progbits
 351              		.align	2
 352              		.global	Wave_DAC_Init
 353              		.thumb
 354              		.thumb_func
 355              		.type	Wave_DAC_Init, %function
 356              	Wave_DAC_Init:
 357              	.LFB0:
 358              		.file 1 "Generated_Source\\PSoC5\\Wave_DAC.c"
   1:Generated_Source\PSoC5/Wave_DAC.c **** /*******************************************************************************
   2:Generated_Source\PSoC5/Wave_DAC.c **** * File Name: Wave_DAC.c
   3:Generated_Source\PSoC5/Wave_DAC.c **** * Version 2.10
   4:Generated_Source\PSoC5/Wave_DAC.c **** *
   5:Generated_Source\PSoC5/Wave_DAC.c **** * Description:
   6:Generated_Source\PSoC5/Wave_DAC.c **** *  This file provides the source code for the 8-bit Waveform DAC 
   7:Generated_Source\PSoC5/Wave_DAC.c **** *  (WaveDAC8) Component.
   8:Generated_Source\PSoC5/Wave_DAC.c **** *
   9:Generated_Source\PSoC5/Wave_DAC.c **** ********************************************************************************
  10:Generated_Source\PSoC5/Wave_DAC.c **** * Copyright 2013, Cypress Semiconductor Corporation.  All rights reserved.
  11:Generated_Source\PSoC5/Wave_DAC.c **** * You may use this file only in accordance with the license, terms, conditions,
  12:Generated_Source\PSoC5/Wave_DAC.c **** * disclaimers, and limitations in the end user license agreement accompanying
  13:Generated_Source\PSoC5/Wave_DAC.c **** * the software package with which this file was provided.
  14:Generated_Source\PSoC5/Wave_DAC.c **** *******************************************************************************/
  15:Generated_Source\PSoC5/Wave_DAC.c **** 
  16:Generated_Source\PSoC5/Wave_DAC.c **** #include "Wave_DAC.h"
  17:Generated_Source\PSoC5/Wave_DAC.c **** 
  18:Generated_Source\PSoC5/Wave_DAC.c **** uint8  Wave_DAC_initVar = 0u;
  19:Generated_Source\PSoC5/Wave_DAC.c **** 
  20:Generated_Source\PSoC5/Wave_DAC.c **** const uint8 CYCODE Wave_DAC_wave1[Wave_DAC_WAVE1_LENGTH] = {  128,128,129,130,131,131,132,133,134,1
  21:Generated_Source\PSoC5/Wave_DAC.c **** const uint8 CYCODE Wave_DAC_wave2[Wave_DAC_WAVE2_LENGTH] = {  32,35,37,40,42,45,47,50,52,55,58,60,6
  22:Generated_Source\PSoC5/Wave_DAC.c **** 
  23:Generated_Source\PSoC5/Wave_DAC.c **** static uint8  Wave_DAC_Wave1Chan;
  24:Generated_Source\PSoC5/Wave_DAC.c **** static uint8  Wave_DAC_Wave2Chan;
  25:Generated_Source\PSoC5/Wave_DAC.c **** static uint8  Wave_DAC_Wave1TD;
  26:Generated_Source\PSoC5/Wave_DAC.c **** static uint8  Wave_DAC_Wave2TD;
  27:Generated_Source\PSoC5/Wave_DAC.c **** 
  28:Generated_Source\PSoC5/Wave_DAC.c **** 
  29:Generated_Source\PSoC5/Wave_DAC.c **** /*******************************************************************************
  30:Generated_Source\PSoC5/Wave_DAC.c **** * Function Name: Wave_DAC_Init
  31:Generated_Source\PSoC5/Wave_DAC.c **** ********************************************************************************
  32:Generated_Source\PSoC5/Wave_DAC.c **** *
  33:Generated_Source\PSoC5/Wave_DAC.c **** * Summary:
  34:Generated_Source\PSoC5/Wave_DAC.c **** *  Initializes component with parameters set in the customizer.
  35:Generated_Source\PSoC5/Wave_DAC.c **** *
  36:Generated_Source\PSoC5/Wave_DAC.c **** * Parameters:  
  37:Generated_Source\PSoC5/Wave_DAC.c **** *  None
  38:Generated_Source\PSoC5/Wave_DAC.c **** *
  39:Generated_Source\PSoC5/Wave_DAC.c **** * Return: 
  40:Generated_Source\PSoC5/Wave_DAC.c **** *  None
  41:Generated_Source\PSoC5/Wave_DAC.c **** *
ARM GAS  C:\Users\Greg\AppData\Local\Temp\cc6w7vtq.s 			page 8


  42:Generated_Source\PSoC5/Wave_DAC.c **** *******************************************************************************/
  43:Generated_Source\PSoC5/Wave_DAC.c **** void Wave_DAC_Init(void) 
  44:Generated_Source\PSoC5/Wave_DAC.c **** {
 359              		.loc 1 44 0
 360              		.cfi_startproc
 361              		@ args = 0, pretend = 0, frame = 0
 362              		@ frame_needed = 1, uses_anonymous_args = 0
 363 0000 80B5     		push	{r7, lr}
 364              		.cfi_def_cfa_offset 8
 365              		.cfi_offset 7, -8
 366              		.cfi_offset 14, -4
 367 0002 00AF     		add	r7, sp, #0
 368              		.cfi_def_cfa_register 7
  45:Generated_Source\PSoC5/Wave_DAC.c **** 	Wave_DAC_VDAC8_Init();
 369              		.loc 1 45 0
 370 0004 FFF7FEFF 		bl	Wave_DAC_VDAC8_Init
  46:Generated_Source\PSoC5/Wave_DAC.c **** 	Wave_DAC_VDAC8_SetSpeed(Wave_DAC_HIGHSPEED);
 371              		.loc 1 46 0
 372 0008 0220     		movs	r0, #2
 373 000a FFF7FEFF 		bl	Wave_DAC_VDAC8_SetSpeed
  47:Generated_Source\PSoC5/Wave_DAC.c **** 	Wave_DAC_VDAC8_SetRange(Wave_DAC_DAC_RANGE);
 374              		.loc 1 47 0
 375 000e 0420     		movs	r0, #4
 376 0010 FFF7FEFF 		bl	Wave_DAC_VDAC8_SetRange
  48:Generated_Source\PSoC5/Wave_DAC.c **** 
  49:Generated_Source\PSoC5/Wave_DAC.c **** 	#if(Wave_DAC_DAC_MODE == Wave_DAC_CURRENT_MODE)
  50:Generated_Source\PSoC5/Wave_DAC.c **** 		Wave_DAC_IDAC8_SetPolarity(Wave_DAC_DAC_POL);
  51:Generated_Source\PSoC5/Wave_DAC.c **** 	#endif /* Wave_DAC_DAC_MODE == Wave_DAC_CURRENT_MODE */
  52:Generated_Source\PSoC5/Wave_DAC.c **** 
  53:Generated_Source\PSoC5/Wave_DAC.c **** 	#if(Wave_DAC_OUT_MODE == Wave_DAC_BUFFER_MODE)
  54:Generated_Source\PSoC5/Wave_DAC.c **** 	   Wave_DAC_BuffAmp_Init();
  55:Generated_Source\PSoC5/Wave_DAC.c **** 	#endif /* Wave_DAC_OUT_MODE == Wave_DAC_BUFFER_MODE */
  56:Generated_Source\PSoC5/Wave_DAC.c **** 
  57:Generated_Source\PSoC5/Wave_DAC.c **** 	/* Get the TD Number for the DMA channel 1 and 2   */
  58:Generated_Source\PSoC5/Wave_DAC.c **** 	Wave_DAC_Wave1TD = CyDmaTdAllocate();
 377              		.loc 1 58 0
 378 0014 FFF7FEFF 		bl	CyDmaTdAllocate
 379 0018 0346     		mov	r3, r0
 380 001a 1A46     		mov	r2, r3
 381 001c 084B     		ldr	r3, .L2
 382 001e 1A70     		strb	r2, [r3]
  59:Generated_Source\PSoC5/Wave_DAC.c **** 	Wave_DAC_Wave2TD = CyDmaTdAllocate();
 383              		.loc 1 59 0
 384 0020 FFF7FEFF 		bl	CyDmaTdAllocate
 385 0024 0346     		mov	r3, r0
 386 0026 1A46     		mov	r2, r3
 387 0028 064B     		ldr	r3, .L2+4
 388 002a 1A70     		strb	r2, [r3]
  60:Generated_Source\PSoC5/Wave_DAC.c **** 	
  61:Generated_Source\PSoC5/Wave_DAC.c **** 	/* Initialize waveform pointers  */
  62:Generated_Source\PSoC5/Wave_DAC.c **** 	Wave_DAC_Wave1Setup(Wave_DAC_wave1, Wave_DAC_WAVE1_LENGTH) ;
 389              		.loc 1 62 0
 390 002c 0648     		ldr	r0, .L2+8
 391 002e 4FF48071 		mov	r1, #256
 392 0032 FFF7FEFF 		bl	Wave_DAC_Wave1Setup
  63:Generated_Source\PSoC5/Wave_DAC.c **** 	Wave_DAC_Wave2Setup(Wave_DAC_wave2, Wave_DAC_WAVE2_LENGTH) ;
 393              		.loc 1 63 0
ARM GAS  C:\Users\Greg\AppData\Local\Temp\cc6w7vtq.s 			page 9


 394 0036 0548     		ldr	r0, .L2+12
 395 0038 3221     		movs	r1, #50
 396 003a FFF7FEFF 		bl	Wave_DAC_Wave2Setup
  64:Generated_Source\PSoC5/Wave_DAC.c **** 	
  65:Generated_Source\PSoC5/Wave_DAC.c **** 	/* Initialize the internal clock if one present  */
  66:Generated_Source\PSoC5/Wave_DAC.c **** 	#if defined(Wave_DAC_DacClk_PHASE)
  67:Generated_Source\PSoC5/Wave_DAC.c **** 	   Wave_DAC_DacClk_SetPhase(Wave_DAC_CLK_PHASE_0nS);
  68:Generated_Source\PSoC5/Wave_DAC.c **** 	#endif /* defined(Wave_DAC_DacClk_PHASE) */
  69:Generated_Source\PSoC5/Wave_DAC.c **** }
 397              		.loc 1 69 0
 398 003e 80BD     		pop	{r7, pc}
 399              	.L3:
 400              		.align	2
 401              	.L2:
 402 0040 03000000 		.word	Wave_DAC_Wave1TD
 403 0044 04000000 		.word	Wave_DAC_Wave2TD
 404 0048 00000000 		.word	Wave_DAC_wave1
 405 004c 00000000 		.word	Wave_DAC_wave2
 406              		.cfi_endproc
 407              	.LFE0:
 408              		.size	Wave_DAC_Init, .-Wave_DAC_Init
 409              		.section	.text.Wave_DAC_Enable,"ax",%progbits
 410              		.align	2
 411              		.global	Wave_DAC_Enable
 412              		.thumb
 413              		.thumb_func
 414              		.type	Wave_DAC_Enable, %function
 415              	Wave_DAC_Enable:
 416              	.LFB1:
  70:Generated_Source\PSoC5/Wave_DAC.c **** 
  71:Generated_Source\PSoC5/Wave_DAC.c **** 
  72:Generated_Source\PSoC5/Wave_DAC.c **** /*******************************************************************************
  73:Generated_Source\PSoC5/Wave_DAC.c **** * Function Name: Wave_DAC_Enable
  74:Generated_Source\PSoC5/Wave_DAC.c **** ********************************************************************************
  75:Generated_Source\PSoC5/Wave_DAC.c **** *  
  76:Generated_Source\PSoC5/Wave_DAC.c **** * Summary: 
  77:Generated_Source\PSoC5/Wave_DAC.c **** *  Enables the DAC block and DMA operation.
  78:Generated_Source\PSoC5/Wave_DAC.c **** *
  79:Generated_Source\PSoC5/Wave_DAC.c **** * Parameters:  
  80:Generated_Source\PSoC5/Wave_DAC.c **** *  None
  81:Generated_Source\PSoC5/Wave_DAC.c **** *
  82:Generated_Source\PSoC5/Wave_DAC.c **** * Return: 
  83:Generated_Source\PSoC5/Wave_DAC.c **** *  None
  84:Generated_Source\PSoC5/Wave_DAC.c **** *
  85:Generated_Source\PSoC5/Wave_DAC.c **** *******************************************************************************/
  86:Generated_Source\PSoC5/Wave_DAC.c **** void Wave_DAC_Enable(void) 
  87:Generated_Source\PSoC5/Wave_DAC.c **** {
 417              		.loc 1 87 0
 418              		.cfi_startproc
 419              		@ args = 0, pretend = 0, frame = 0
 420              		@ frame_needed = 1, uses_anonymous_args = 0
 421 0000 80B5     		push	{r7, lr}
 422              		.cfi_def_cfa_offset 8
 423              		.cfi_offset 7, -8
 424              		.cfi_offset 14, -4
 425 0002 00AF     		add	r7, sp, #0
 426              		.cfi_def_cfa_register 7
ARM GAS  C:\Users\Greg\AppData\Local\Temp\cc6w7vtq.s 			page 10


  88:Generated_Source\PSoC5/Wave_DAC.c **** 	Wave_DAC_VDAC8_Enable();
 427              		.loc 1 88 0
 428 0004 FFF7FEFF 		bl	Wave_DAC_VDAC8_Enable
  89:Generated_Source\PSoC5/Wave_DAC.c **** 
  90:Generated_Source\PSoC5/Wave_DAC.c **** 	#if(Wave_DAC_OUT_MODE == Wave_DAC_BUFFER_MODE)
  91:Generated_Source\PSoC5/Wave_DAC.c **** 	   Wave_DAC_BuffAmp_Enable();
  92:Generated_Source\PSoC5/Wave_DAC.c **** 	#endif /* Wave_DAC_OUT_MODE == Wave_DAC_BUFFER_MODE */
  93:Generated_Source\PSoC5/Wave_DAC.c **** 
  94:Generated_Source\PSoC5/Wave_DAC.c **** 	/* 
  95:Generated_Source\PSoC5/Wave_DAC.c **** 	* Enable the channel. It is configured to remember the TD value so that
  96:Generated_Source\PSoC5/Wave_DAC.c **** 	* it can be restored from the place where it has been stopped.
  97:Generated_Source\PSoC5/Wave_DAC.c **** 	*/
  98:Generated_Source\PSoC5/Wave_DAC.c **** 	(void)CyDmaChEnable(Wave_DAC_Wave1Chan, 1u);
 429              		.loc 1 98 0
 430 0008 074B     		ldr	r3, .L5
 431 000a 1B78     		ldrb	r3, [r3]	@ zero_extendqisi2
 432 000c 1846     		mov	r0, r3
 433 000e 0121     		movs	r1, #1
 434 0010 FFF7FEFF 		bl	CyDmaChEnable
  99:Generated_Source\PSoC5/Wave_DAC.c **** 	(void)CyDmaChEnable(Wave_DAC_Wave2Chan, 1u);
 435              		.loc 1 99 0
 436 0014 054B     		ldr	r3, .L5+4
 437 0016 1B78     		ldrb	r3, [r3]	@ zero_extendqisi2
 438 0018 1846     		mov	r0, r3
 439 001a 0121     		movs	r1, #1
 440 001c FFF7FEFF 		bl	CyDmaChEnable
 100:Generated_Source\PSoC5/Wave_DAC.c **** 	
 101:Generated_Source\PSoC5/Wave_DAC.c **** 	/* set the initial value */
 102:Generated_Source\PSoC5/Wave_DAC.c **** 	Wave_DAC_SetValue(0u);
 441              		.loc 1 102 0
 442 0020 0020     		movs	r0, #0
 443 0022 FFF7FEFF 		bl	Wave_DAC_VDAC8_SetValue
 103:Generated_Source\PSoC5/Wave_DAC.c **** 	
 104:Generated_Source\PSoC5/Wave_DAC.c **** 	#if(Wave_DAC_CLOCK_SRC == Wave_DAC_CLOCK_INT)  	
 105:Generated_Source\PSoC5/Wave_DAC.c **** 	   Wave_DAC_DacClk_Start();
 106:Generated_Source\PSoC5/Wave_DAC.c **** 	#endif /* Wave_DAC_CLOCK_SRC == Wave_DAC_CLOCK_INT */
 107:Generated_Source\PSoC5/Wave_DAC.c **** }
 444              		.loc 1 107 0
 445 0026 80BD     		pop	{r7, pc}
 446              	.L6:
 447              		.align	2
 448              	.L5:
 449 0028 01000000 		.word	Wave_DAC_Wave1Chan
 450 002c 02000000 		.word	Wave_DAC_Wave2Chan
 451              		.cfi_endproc
 452              	.LFE1:
 453              		.size	Wave_DAC_Enable, .-Wave_DAC_Enable
 454              		.section	.text.Wave_DAC_Start,"ax",%progbits
 455              		.align	2
 456              		.global	Wave_DAC_Start
 457              		.thumb
 458              		.thumb_func
 459              		.type	Wave_DAC_Start, %function
 460              	Wave_DAC_Start:
 461              	.LFB2:
 108:Generated_Source\PSoC5/Wave_DAC.c **** 
 109:Generated_Source\PSoC5/Wave_DAC.c **** 
ARM GAS  C:\Users\Greg\AppData\Local\Temp\cc6w7vtq.s 			page 11


 110:Generated_Source\PSoC5/Wave_DAC.c **** /*******************************************************************************
 111:Generated_Source\PSoC5/Wave_DAC.c **** * Function Name: Wave_DAC_Start
 112:Generated_Source\PSoC5/Wave_DAC.c **** ********************************************************************************
 113:Generated_Source\PSoC5/Wave_DAC.c **** *
 114:Generated_Source\PSoC5/Wave_DAC.c **** * Summary:
 115:Generated_Source\PSoC5/Wave_DAC.c **** *  The start function initializes the voltage DAC with the default values, 
 116:Generated_Source\PSoC5/Wave_DAC.c **** *  and sets the power to the given level.  A power level of 0, is the same as 
 117:Generated_Source\PSoC5/Wave_DAC.c **** *  executing the stop function.
 118:Generated_Source\PSoC5/Wave_DAC.c **** *
 119:Generated_Source\PSoC5/Wave_DAC.c **** * Parameters:  
 120:Generated_Source\PSoC5/Wave_DAC.c **** *  None
 121:Generated_Source\PSoC5/Wave_DAC.c **** *
 122:Generated_Source\PSoC5/Wave_DAC.c **** * Return: 
 123:Generated_Source\PSoC5/Wave_DAC.c **** *  None
 124:Generated_Source\PSoC5/Wave_DAC.c **** *
 125:Generated_Source\PSoC5/Wave_DAC.c **** * Reentrant:
 126:Generated_Source\PSoC5/Wave_DAC.c **** *  No
 127:Generated_Source\PSoC5/Wave_DAC.c **** *
 128:Generated_Source\PSoC5/Wave_DAC.c **** *******************************************************************************/
 129:Generated_Source\PSoC5/Wave_DAC.c **** void Wave_DAC_Start(void) 
 130:Generated_Source\PSoC5/Wave_DAC.c **** {
 462              		.loc 1 130 0
 463              		.cfi_startproc
 464              		@ args = 0, pretend = 0, frame = 0
 465              		@ frame_needed = 1, uses_anonymous_args = 0
 466 0000 80B5     		push	{r7, lr}
 467              		.cfi_def_cfa_offset 8
 468              		.cfi_offset 7, -8
 469              		.cfi_offset 14, -4
 470 0002 00AF     		add	r7, sp, #0
 471              		.cfi_def_cfa_register 7
 131:Generated_Source\PSoC5/Wave_DAC.c **** 	/* If not Initialized then initialize all required hardware and software */
 132:Generated_Source\PSoC5/Wave_DAC.c **** 	if(Wave_DAC_initVar == 0u)
 472              		.loc 1 132 0
 473 0004 054B     		ldr	r3, .L9
 474 0006 1B78     		ldrb	r3, [r3]	@ zero_extendqisi2
 475 0008 002B     		cmp	r3, #0
 476 000a 04D1     		bne	.L8
 133:Generated_Source\PSoC5/Wave_DAC.c **** 	{
 134:Generated_Source\PSoC5/Wave_DAC.c **** 		Wave_DAC_Init();
 477              		.loc 1 134 0
 478 000c FFF7FEFF 		bl	Wave_DAC_Init
 135:Generated_Source\PSoC5/Wave_DAC.c **** 		Wave_DAC_initVar = 1u;
 479              		.loc 1 135 0
 480 0010 024B     		ldr	r3, .L9
 481 0012 0122     		movs	r2, #1
 482 0014 1A70     		strb	r2, [r3]
 483              	.L8:
 136:Generated_Source\PSoC5/Wave_DAC.c **** 	}
 137:Generated_Source\PSoC5/Wave_DAC.c **** 	
 138:Generated_Source\PSoC5/Wave_DAC.c **** 	Wave_DAC_Enable();
 484              		.loc 1 138 0
 485 0016 FFF7FEFF 		bl	Wave_DAC_Enable
 139:Generated_Source\PSoC5/Wave_DAC.c **** }
 486              		.loc 1 139 0
 487 001a 80BD     		pop	{r7, pc}
 488              	.L10:
ARM GAS  C:\Users\Greg\AppData\Local\Temp\cc6w7vtq.s 			page 12


 489              		.align	2
 490              	.L9:
 491 001c 00000000 		.word	Wave_DAC_initVar
 492              		.cfi_endproc
 493              	.LFE2:
 494              		.size	Wave_DAC_Start, .-Wave_DAC_Start
 495              		.section	.text.Wave_DAC_StartEx,"ax",%progbits
 496              		.align	2
 497              		.global	Wave_DAC_StartEx
 498              		.thumb
 499              		.thumb_func
 500              		.type	Wave_DAC_StartEx, %function
 501              	Wave_DAC_StartEx:
 502              	.LFB3:
 140:Generated_Source\PSoC5/Wave_DAC.c **** 
 141:Generated_Source\PSoC5/Wave_DAC.c **** 
 142:Generated_Source\PSoC5/Wave_DAC.c **** /*******************************************************************************
 143:Generated_Source\PSoC5/Wave_DAC.c **** * Function Name: Wave_DAC_StartEx
 144:Generated_Source\PSoC5/Wave_DAC.c **** ********************************************************************************
 145:Generated_Source\PSoC5/Wave_DAC.c **** *
 146:Generated_Source\PSoC5/Wave_DAC.c **** * Summary:
 147:Generated_Source\PSoC5/Wave_DAC.c **** *  The StartEx function sets pointers and sizes for both waveforms
 148:Generated_Source\PSoC5/Wave_DAC.c **** *  and then starts the component.
 149:Generated_Source\PSoC5/Wave_DAC.c **** *
 150:Generated_Source\PSoC5/Wave_DAC.c **** * Parameters:  
 151:Generated_Source\PSoC5/Wave_DAC.c **** *   uint8 * wavePtr1:     Pointer to the waveform 1 array.
 152:Generated_Source\PSoC5/Wave_DAC.c **** *   uint16  sampleSize1:  The amount of samples in the waveform 1.
 153:Generated_Source\PSoC5/Wave_DAC.c **** *   uint8 * wavePtr2:     Pointer to the waveform 2 array.
 154:Generated_Source\PSoC5/Wave_DAC.c **** *   uint16  sampleSize2:  The amount of samples in the waveform 2.
 155:Generated_Source\PSoC5/Wave_DAC.c **** *
 156:Generated_Source\PSoC5/Wave_DAC.c **** * Return: 
 157:Generated_Source\PSoC5/Wave_DAC.c **** *  None
 158:Generated_Source\PSoC5/Wave_DAC.c **** *
 159:Generated_Source\PSoC5/Wave_DAC.c **** * Reentrant:
 160:Generated_Source\PSoC5/Wave_DAC.c **** *  No
 161:Generated_Source\PSoC5/Wave_DAC.c **** *
 162:Generated_Source\PSoC5/Wave_DAC.c **** *******************************************************************************/
 163:Generated_Source\PSoC5/Wave_DAC.c **** void Wave_DAC_StartEx(const uint8 * wavePtr1, uint16 sampleSize1, const uint8 * wavePtr2, uint16 sa
 164:Generated_Source\PSoC5/Wave_DAC.c **** 
 165:Generated_Source\PSoC5/Wave_DAC.c **** {
 503              		.loc 1 165 0
 504              		.cfi_startproc
 505              		@ args = 0, pretend = 0, frame = 16
 506              		@ frame_needed = 1, uses_anonymous_args = 0
 507 0000 80B5     		push	{r7, lr}
 508              		.cfi_def_cfa_offset 8
 509              		.cfi_offset 7, -8
 510              		.cfi_offset 14, -4
 511 0002 84B0     		sub	sp, sp, #16
 512              		.cfi_def_cfa_offset 24
 513 0004 00AF     		add	r7, sp, #0
 514              		.cfi_def_cfa_register 7
 515 0006 F860     		str	r0, [r7, #12]
 516 0008 7A60     		str	r2, [r7, #4]
 517 000a 1A46     		mov	r2, r3
 518 000c 0B46     		mov	r3, r1	@ movhi
 519 000e 7B81     		strh	r3, [r7, #10]	@ movhi
ARM GAS  C:\Users\Greg\AppData\Local\Temp\cc6w7vtq.s 			page 13


 520 0010 1346     		mov	r3, r2	@ movhi
 521 0012 3B81     		strh	r3, [r7, #8]	@ movhi
 166:Generated_Source\PSoC5/Wave_DAC.c **** 	Wave_DAC_Wave1Setup(wavePtr1, sampleSize1);
 522              		.loc 1 166 0
 523 0014 7B89     		ldrh	r3, [r7, #10]
 524 0016 F868     		ldr	r0, [r7, #12]
 525 0018 1946     		mov	r1, r3
 526 001a FFF7FEFF 		bl	Wave_DAC_Wave1Setup
 167:Generated_Source\PSoC5/Wave_DAC.c **** 	Wave_DAC_Wave2Setup(wavePtr2, sampleSize2);
 527              		.loc 1 167 0
 528 001e 3B89     		ldrh	r3, [r7, #8]
 529 0020 7868     		ldr	r0, [r7, #4]
 530 0022 1946     		mov	r1, r3
 531 0024 FFF7FEFF 		bl	Wave_DAC_Wave2Setup
 168:Generated_Source\PSoC5/Wave_DAC.c **** 	Wave_DAC_Start();
 532              		.loc 1 168 0
 533 0028 FFF7FEFF 		bl	Wave_DAC_Start
 169:Generated_Source\PSoC5/Wave_DAC.c **** }
 534              		.loc 1 169 0
 535 002c 1037     		adds	r7, r7, #16
 536              		.cfi_def_cfa_offset 8
 537 002e BD46     		mov	sp, r7
 538              		.cfi_def_cfa_register 13
 539              		@ sp needed
 540 0030 80BD     		pop	{r7, pc}
 541              		.cfi_endproc
 542              	.LFE3:
 543              		.size	Wave_DAC_StartEx, .-Wave_DAC_StartEx
 544 0032 00BF     		.section	.text.Wave_DAC_Stop,"ax",%progbits
 545              		.align	2
 546              		.global	Wave_DAC_Stop
 547              		.thumb
 548              		.thumb_func
 549              		.type	Wave_DAC_Stop, %function
 550              	Wave_DAC_Stop:
 551              	.LFB4:
 170:Generated_Source\PSoC5/Wave_DAC.c **** 
 171:Generated_Source\PSoC5/Wave_DAC.c **** 
 172:Generated_Source\PSoC5/Wave_DAC.c **** /*******************************************************************************
 173:Generated_Source\PSoC5/Wave_DAC.c **** * Function Name: Wave_DAC_Stop
 174:Generated_Source\PSoC5/Wave_DAC.c **** ********************************************************************************
 175:Generated_Source\PSoC5/Wave_DAC.c **** *
 176:Generated_Source\PSoC5/Wave_DAC.c **** * Summary:
 177:Generated_Source\PSoC5/Wave_DAC.c **** *  Stops the clock (if internal), disables the DMA channels
 178:Generated_Source\PSoC5/Wave_DAC.c **** *  and powers down the DAC.
 179:Generated_Source\PSoC5/Wave_DAC.c **** *
 180:Generated_Source\PSoC5/Wave_DAC.c **** * Parameters:  
 181:Generated_Source\PSoC5/Wave_DAC.c **** *  None  
 182:Generated_Source\PSoC5/Wave_DAC.c **** *
 183:Generated_Source\PSoC5/Wave_DAC.c **** * Return: 
 184:Generated_Source\PSoC5/Wave_DAC.c **** *  None
 185:Generated_Source\PSoC5/Wave_DAC.c **** *
 186:Generated_Source\PSoC5/Wave_DAC.c **** *******************************************************************************/
 187:Generated_Source\PSoC5/Wave_DAC.c **** void Wave_DAC_Stop(void) 
 188:Generated_Source\PSoC5/Wave_DAC.c **** {
 552              		.loc 1 188 0
 553              		.cfi_startproc
ARM GAS  C:\Users\Greg\AppData\Local\Temp\cc6w7vtq.s 			page 14


 554              		@ args = 0, pretend = 0, frame = 0
 555              		@ frame_needed = 1, uses_anonymous_args = 0
 556 0000 80B5     		push	{r7, lr}
 557              		.cfi_def_cfa_offset 8
 558              		.cfi_offset 7, -8
 559              		.cfi_offset 14, -4
 560 0002 00AF     		add	r7, sp, #0
 561              		.cfi_def_cfa_register 7
 189:Generated_Source\PSoC5/Wave_DAC.c **** 	/* Turn off internal clock, if one present */
 190:Generated_Source\PSoC5/Wave_DAC.c **** 	#if(Wave_DAC_CLOCK_SRC == Wave_DAC_CLOCK_INT)  	
 191:Generated_Source\PSoC5/Wave_DAC.c **** 	   Wave_DAC_DacClk_Stop();
 192:Generated_Source\PSoC5/Wave_DAC.c **** 	#endif /* Wave_DAC_CLOCK_SRC == Wave_DAC_CLOCK_INT */
 193:Generated_Source\PSoC5/Wave_DAC.c **** 	
 194:Generated_Source\PSoC5/Wave_DAC.c **** 	/* Disble DMA channels */
 195:Generated_Source\PSoC5/Wave_DAC.c **** 	(void)CyDmaChDisable(Wave_DAC_Wave1Chan);
 562              		.loc 1 195 0
 563 0004 064B     		ldr	r3, .L13
 564 0006 1B78     		ldrb	r3, [r3]	@ zero_extendqisi2
 565 0008 1846     		mov	r0, r3
 566 000a FFF7FEFF 		bl	CyDmaChDisable
 196:Generated_Source\PSoC5/Wave_DAC.c **** 	(void)CyDmaChDisable(Wave_DAC_Wave2Chan);
 567              		.loc 1 196 0
 568 000e 054B     		ldr	r3, .L13+4
 569 0010 1B78     		ldrb	r3, [r3]	@ zero_extendqisi2
 570 0012 1846     		mov	r0, r3
 571 0014 FFF7FEFF 		bl	CyDmaChDisable
 197:Generated_Source\PSoC5/Wave_DAC.c **** 
 198:Generated_Source\PSoC5/Wave_DAC.c **** 	/* Disable power to DAC */
 199:Generated_Source\PSoC5/Wave_DAC.c **** 	Wave_DAC_VDAC8_Stop();
 572              		.loc 1 199 0
 573 0018 FFF7FEFF 		bl	Wave_DAC_VDAC8_Stop
 200:Generated_Source\PSoC5/Wave_DAC.c **** }
 574              		.loc 1 200 0
 575 001c 80BD     		pop	{r7, pc}
 576              	.L14:
 577 001e 00BF     		.align	2
 578              	.L13:
 579 0020 01000000 		.word	Wave_DAC_Wave1Chan
 580 0024 02000000 		.word	Wave_DAC_Wave2Chan
 581              		.cfi_endproc
 582              	.LFE4:
 583              		.size	Wave_DAC_Stop, .-Wave_DAC_Stop
 584              		.section	.text.Wave_DAC_Wave1Setup,"ax",%progbits
 585              		.align	2
 586              		.global	Wave_DAC_Wave1Setup
 587              		.thumb
 588              		.thumb_func
 589              		.type	Wave_DAC_Wave1Setup, %function
 590              	Wave_DAC_Wave1Setup:
 591              	.LFB5:
 201:Generated_Source\PSoC5/Wave_DAC.c **** 
 202:Generated_Source\PSoC5/Wave_DAC.c **** 
 203:Generated_Source\PSoC5/Wave_DAC.c **** /*******************************************************************************
 204:Generated_Source\PSoC5/Wave_DAC.c **** * Function Name: Wave_DAC_Wave1Setup
 205:Generated_Source\PSoC5/Wave_DAC.c **** ********************************************************************************
 206:Generated_Source\PSoC5/Wave_DAC.c **** *
 207:Generated_Source\PSoC5/Wave_DAC.c **** * Summary:
ARM GAS  C:\Users\Greg\AppData\Local\Temp\cc6w7vtq.s 			page 15


 208:Generated_Source\PSoC5/Wave_DAC.c **** *  Sets pointer and size for waveform 1.                                    
 209:Generated_Source\PSoC5/Wave_DAC.c **** *
 210:Generated_Source\PSoC5/Wave_DAC.c **** * Parameters:  
 211:Generated_Source\PSoC5/Wave_DAC.c **** *  uint8 * WavePtr:     Pointer to the waveform array.
 212:Generated_Source\PSoC5/Wave_DAC.c **** *  uint16  SampleSize:  The amount of samples in the waveform.
 213:Generated_Source\PSoC5/Wave_DAC.c **** *
 214:Generated_Source\PSoC5/Wave_DAC.c **** * Return: 
 215:Generated_Source\PSoC5/Wave_DAC.c **** *  None 
 216:Generated_Source\PSoC5/Wave_DAC.c **** *
 217:Generated_Source\PSoC5/Wave_DAC.c **** *******************************************************************************/
 218:Generated_Source\PSoC5/Wave_DAC.c **** void Wave_DAC_Wave1Setup(const uint8 * wavePtr, uint16 sampleSize)
 219:Generated_Source\PSoC5/Wave_DAC.c **** 
 220:Generated_Source\PSoC5/Wave_DAC.c **** {
 592              		.loc 1 220 0
 593              		.cfi_startproc
 594              		@ args = 0, pretend = 0, frame = 8
 595              		@ frame_needed = 1, uses_anonymous_args = 0
 596 0000 80B5     		push	{r7, lr}
 597              		.cfi_def_cfa_offset 8
 598              		.cfi_offset 7, -8
 599              		.cfi_offset 14, -4
 600 0002 82B0     		sub	sp, sp, #8
 601              		.cfi_def_cfa_offset 16
 602 0004 00AF     		add	r7, sp, #0
 603              		.cfi_def_cfa_register 7
 604 0006 7860     		str	r0, [r7, #4]
 605 0008 0B46     		mov	r3, r1
 606 000a 7B80     		strh	r3, [r7, #2]	@ movhi
 221:Generated_Source\PSoC5/Wave_DAC.c **** 	#if (CY_PSOC3)
 222:Generated_Source\PSoC5/Wave_DAC.c **** 		uint16 memoryType; /* determining the source memory type */
 223:Generated_Source\PSoC5/Wave_DAC.c **** 		memoryType = (Wave_DAC_HI16FLASHPTR == HI16(wavePtr)) ? HI16(CYDEV_FLS_BASE) : HI16(CYDEV_SRAM_BA
 224:Generated_Source\PSoC5/Wave_DAC.c **** 		
 225:Generated_Source\PSoC5/Wave_DAC.c **** 		Wave_DAC_Wave1Chan = Wave_DAC_Wave1_DMA_DmaInitialize(
 226:Generated_Source\PSoC5/Wave_DAC.c **** 		Wave_DAC_Wave1_DMA_BYTES_PER_BURST, Wave_DAC_Wave1_DMA_REQUEST_PER_BURST,
 227:Generated_Source\PSoC5/Wave_DAC.c **** 		memoryType, HI16(CYDEV_PERIPH_BASE));
 228:Generated_Source\PSoC5/Wave_DAC.c **** 	#else /* PSoC 5 */
 229:Generated_Source\PSoC5/Wave_DAC.c **** 		Wave_DAC_Wave1Chan = Wave_DAC_Wave1_DMA_DmaInitialize(
 230:Generated_Source\PSoC5/Wave_DAC.c **** 		Wave_DAC_Wave1_DMA_BYTES_PER_BURST, Wave_DAC_Wave1_DMA_REQUEST_PER_BURST,
 231:Generated_Source\PSoC5/Wave_DAC.c **** 		HI16(wavePtr), HI16(Wave_DAC_DAC8__D));
 607              		.loc 1 231 0
 608 000c 7B68     		ldr	r3, [r7, #4]
 609 000e 1B0C     		lsrs	r3, r3, #16
 229:Generated_Source\PSoC5/Wave_DAC.c **** 		Wave_DAC_Wave1_DMA_BYTES_PER_BURST, Wave_DAC_Wave1_DMA_REQUEST_PER_BURST,
 610              		.loc 1 229 0
 611 0010 9BB2     		uxth	r3, r3
 612 0012 0120     		movs	r0, #1
 613 0014 0121     		movs	r1, #1
 614 0016 1A46     		mov	r2, r3
 615 0018 4FF48043 		mov	r3, #16384
 616 001c FFF7FEFF 		bl	Wave_DAC_Wave1_DMA_DmaInitialize
 617 0020 0346     		mov	r3, r0
 618 0022 1A46     		mov	r2, r3
 619 0024 104B     		ldr	r3, .L16
 620 0026 1A70     		strb	r2, [r3]
 232:Generated_Source\PSoC5/Wave_DAC.c **** 	#endif /* CY_PSOC3 */
 233:Generated_Source\PSoC5/Wave_DAC.c **** 	
 234:Generated_Source\PSoC5/Wave_DAC.c **** 	/*
ARM GAS  C:\Users\Greg\AppData\Local\Temp\cc6w7vtq.s 			page 16


 235:Generated_Source\PSoC5/Wave_DAC.c **** 	* TD is looping on itself. 
 236:Generated_Source\PSoC5/Wave_DAC.c ****     * Increment the source address, but not the destination address. 
 237:Generated_Source\PSoC5/Wave_DAC.c **** 	*/
 238:Generated_Source\PSoC5/Wave_DAC.c **** 	(void)CyDmaTdSetConfiguration(Wave_DAC_Wave1TD, sampleSize, Wave_DAC_Wave1TD, 
 621              		.loc 1 238 0
 622 0028 104B     		ldr	r3, .L16+4
 623 002a 1978     		ldrb	r1, [r3]	@ zero_extendqisi2
 624 002c 0F4B     		ldr	r3, .L16+4
 625 002e 1B78     		ldrb	r3, [r3]	@ zero_extendqisi2
 626 0030 7A88     		ldrh	r2, [r7, #2]
 627 0032 0846     		mov	r0, r1
 628 0034 1146     		mov	r1, r2
 629 0036 1A46     		mov	r2, r3
 630 0038 0123     		movs	r3, #1
 631 003a FFF7FEFF 		bl	CyDmaTdSetConfiguration
 239:Generated_Source\PSoC5/Wave_DAC.c ****                                     (uint8)CY_DMA_TD_INC_SRC_ADR | (uint8)Wave_DAC_Wave1_DMA__TD_TE
 240:Generated_Source\PSoC5/Wave_DAC.c **** 	
 241:Generated_Source\PSoC5/Wave_DAC.c **** 	/* Set the TD source and destination address */
 242:Generated_Source\PSoC5/Wave_DAC.c **** 	(void)CyDmaTdSetAddress(Wave_DAC_Wave1TD, LO16((uint32)wavePtr), LO16(Wave_DAC_DAC8__D));
 632              		.loc 1 242 0
 633 003e 0B4B     		ldr	r3, .L16+4
 634 0040 1A78     		ldrb	r2, [r3]	@ zero_extendqisi2
 635 0042 7B68     		ldr	r3, [r7, #4]
 636 0044 9BB2     		uxth	r3, r3
 637 0046 1046     		mov	r0, r2
 638 0048 1946     		mov	r1, r3
 639 004a 45F68132 		movw	r2, #23425
 640 004e FFF7FEFF 		bl	CyDmaTdSetAddress
 243:Generated_Source\PSoC5/Wave_DAC.c **** 	
 244:Generated_Source\PSoC5/Wave_DAC.c **** 	/* Associate the TD with the channel */
 245:Generated_Source\PSoC5/Wave_DAC.c **** 	(void)CyDmaChSetInitialTd(Wave_DAC_Wave1Chan, Wave_DAC_Wave1TD);
 641              		.loc 1 245 0
 642 0052 054B     		ldr	r3, .L16
 643 0054 1A78     		ldrb	r2, [r3]	@ zero_extendqisi2
 644 0056 054B     		ldr	r3, .L16+4
 645 0058 1B78     		ldrb	r3, [r3]	@ zero_extendqisi2
 646 005a 1046     		mov	r0, r2
 647 005c 1946     		mov	r1, r3
 648 005e FFF7FEFF 		bl	CyDmaChSetInitialTd
 246:Generated_Source\PSoC5/Wave_DAC.c **** }
 649              		.loc 1 246 0
 650 0062 0837     		adds	r7, r7, #8
 651              		.cfi_def_cfa_offset 8
 652 0064 BD46     		mov	sp, r7
 653              		.cfi_def_cfa_register 13
 654              		@ sp needed
 655 0066 80BD     		pop	{r7, pc}
 656              	.L17:
 657              		.align	2
 658              	.L16:
 659 0068 01000000 		.word	Wave_DAC_Wave1Chan
 660 006c 03000000 		.word	Wave_DAC_Wave1TD
 661              		.cfi_endproc
 662              	.LFE5:
 663              		.size	Wave_DAC_Wave1Setup, .-Wave_DAC_Wave1Setup
 664              		.section	.text.Wave_DAC_Wave2Setup,"ax",%progbits
 665              		.align	2
ARM GAS  C:\Users\Greg\AppData\Local\Temp\cc6w7vtq.s 			page 17


 666              		.global	Wave_DAC_Wave2Setup
 667              		.thumb
 668              		.thumb_func
 669              		.type	Wave_DAC_Wave2Setup, %function
 670              	Wave_DAC_Wave2Setup:
 671              	.LFB6:
 247:Generated_Source\PSoC5/Wave_DAC.c **** 
 248:Generated_Source\PSoC5/Wave_DAC.c **** 
 249:Generated_Source\PSoC5/Wave_DAC.c **** /*******************************************************************************
 250:Generated_Source\PSoC5/Wave_DAC.c **** * Function Name: Wave_DAC_Wave2Setup
 251:Generated_Source\PSoC5/Wave_DAC.c **** ********************************************************************************
 252:Generated_Source\PSoC5/Wave_DAC.c **** *
 253:Generated_Source\PSoC5/Wave_DAC.c **** * Summary:
 254:Generated_Source\PSoC5/Wave_DAC.c **** *  Sets pointer and size for waveform 2.                                    
 255:Generated_Source\PSoC5/Wave_DAC.c **** *
 256:Generated_Source\PSoC5/Wave_DAC.c **** * Parameters:  
 257:Generated_Source\PSoC5/Wave_DAC.c **** *  uint8 * WavePtr:     Pointer to the waveform array.
 258:Generated_Source\PSoC5/Wave_DAC.c **** *  uint16  SampleSize:  The amount of samples in the waveform.
 259:Generated_Source\PSoC5/Wave_DAC.c **** *
 260:Generated_Source\PSoC5/Wave_DAC.c **** * Return: 
 261:Generated_Source\PSoC5/Wave_DAC.c **** *  None
 262:Generated_Source\PSoC5/Wave_DAC.c **** *
 263:Generated_Source\PSoC5/Wave_DAC.c **** *******************************************************************************/
 264:Generated_Source\PSoC5/Wave_DAC.c **** void Wave_DAC_Wave2Setup(const uint8 * wavePtr, uint16 sampleSize)
 265:Generated_Source\PSoC5/Wave_DAC.c ****  
 266:Generated_Source\PSoC5/Wave_DAC.c **** {
 672              		.loc 1 266 0
 673              		.cfi_startproc
 674              		@ args = 0, pretend = 0, frame = 8
 675              		@ frame_needed = 1, uses_anonymous_args = 0
 676 0000 80B5     		push	{r7, lr}
 677              		.cfi_def_cfa_offset 8
 678              		.cfi_offset 7, -8
 679              		.cfi_offset 14, -4
 680 0002 82B0     		sub	sp, sp, #8
 681              		.cfi_def_cfa_offset 16
 682 0004 00AF     		add	r7, sp, #0
 683              		.cfi_def_cfa_register 7
 684 0006 7860     		str	r0, [r7, #4]
 685 0008 0B46     		mov	r3, r1
 686 000a 7B80     		strh	r3, [r7, #2]	@ movhi
 267:Generated_Source\PSoC5/Wave_DAC.c **** 	#if (CY_PSOC3)
 268:Generated_Source\PSoC5/Wave_DAC.c **** 		uint16 memoryType; /* determining the source memory type */
 269:Generated_Source\PSoC5/Wave_DAC.c **** 		memoryType = (Wave_DAC_HI16FLASHPTR == HI16(wavePtr)) ? HI16(CYDEV_FLS_BASE) : HI16(CYDEV_SRAM_BA
 270:Generated_Source\PSoC5/Wave_DAC.c **** 			
 271:Generated_Source\PSoC5/Wave_DAC.c **** 		Wave_DAC_Wave2Chan = Wave_DAC_Wave2_DMA_DmaInitialize(
 272:Generated_Source\PSoC5/Wave_DAC.c **** 		Wave_DAC_Wave2_DMA_BYTES_PER_BURST, Wave_DAC_Wave2_DMA_REQUEST_PER_BURST,
 273:Generated_Source\PSoC5/Wave_DAC.c **** 		memoryType, HI16(CYDEV_PERIPH_BASE));
 274:Generated_Source\PSoC5/Wave_DAC.c **** 	#else /* PSoC 5 */
 275:Generated_Source\PSoC5/Wave_DAC.c **** 		Wave_DAC_Wave2Chan = Wave_DAC_Wave2_DMA_DmaInitialize(
 276:Generated_Source\PSoC5/Wave_DAC.c **** 		Wave_DAC_Wave2_DMA_BYTES_PER_BURST, Wave_DAC_Wave2_DMA_REQUEST_PER_BURST,
 277:Generated_Source\PSoC5/Wave_DAC.c **** 		HI16(wavePtr), HI16(Wave_DAC_DAC8__D));
 687              		.loc 1 277 0
 688 000c 7B68     		ldr	r3, [r7, #4]
 689 000e 1B0C     		lsrs	r3, r3, #16
 275:Generated_Source\PSoC5/Wave_DAC.c **** 		Wave_DAC_Wave2_DMA_BYTES_PER_BURST, Wave_DAC_Wave2_DMA_REQUEST_PER_BURST,
 690              		.loc 1 275 0
ARM GAS  C:\Users\Greg\AppData\Local\Temp\cc6w7vtq.s 			page 18


 691 0010 9BB2     		uxth	r3, r3
 692 0012 0120     		movs	r0, #1
 693 0014 0121     		movs	r1, #1
 694 0016 1A46     		mov	r2, r3
 695 0018 4FF48043 		mov	r3, #16384
 696 001c FFF7FEFF 		bl	Wave_DAC_Wave2_DMA_DmaInitialize
 697 0020 0346     		mov	r3, r0
 698 0022 1A46     		mov	r2, r3
 699 0024 104B     		ldr	r3, .L19
 700 0026 1A70     		strb	r2, [r3]
 278:Generated_Source\PSoC5/Wave_DAC.c **** 	#endif /* CY_PSOC3 */
 279:Generated_Source\PSoC5/Wave_DAC.c **** 	
 280:Generated_Source\PSoC5/Wave_DAC.c **** 	/*
 281:Generated_Source\PSoC5/Wave_DAC.c **** 	* TD is looping on itself. 
 282:Generated_Source\PSoC5/Wave_DAC.c **** 	* Increment the source address, but not the destination address. 
 283:Generated_Source\PSoC5/Wave_DAC.c **** 	*/
 284:Generated_Source\PSoC5/Wave_DAC.c **** 	(void)CyDmaTdSetConfiguration(Wave_DAC_Wave2TD, sampleSize, Wave_DAC_Wave2TD, 
 701              		.loc 1 284 0
 702 0028 104B     		ldr	r3, .L19+4
 703 002a 1978     		ldrb	r1, [r3]	@ zero_extendqisi2
 704 002c 0F4B     		ldr	r3, .L19+4
 705 002e 1B78     		ldrb	r3, [r3]	@ zero_extendqisi2
 706 0030 7A88     		ldrh	r2, [r7, #2]
 707 0032 0846     		mov	r0, r1
 708 0034 1146     		mov	r1, r2
 709 0036 1A46     		mov	r2, r3
 710 0038 0123     		movs	r3, #1
 711 003a FFF7FEFF 		bl	CyDmaTdSetConfiguration
 285:Generated_Source\PSoC5/Wave_DAC.c ****                                     (uint8)CY_DMA_TD_INC_SRC_ADR | (uint8)Wave_DAC_Wave2_DMA__TD_TE
 286:Generated_Source\PSoC5/Wave_DAC.c **** 	
 287:Generated_Source\PSoC5/Wave_DAC.c **** 	/* Set the TD source and destination address */
 288:Generated_Source\PSoC5/Wave_DAC.c **** 	(void)CyDmaTdSetAddress(Wave_DAC_Wave2TD, LO16((uint32)wavePtr), LO16(Wave_DAC_DAC8__D));
 712              		.loc 1 288 0
 713 003e 0B4B     		ldr	r3, .L19+4
 714 0040 1A78     		ldrb	r2, [r3]	@ zero_extendqisi2
 715 0042 7B68     		ldr	r3, [r7, #4]
 716 0044 9BB2     		uxth	r3, r3
 717 0046 1046     		mov	r0, r2
 718 0048 1946     		mov	r1, r3
 719 004a 45F68132 		movw	r2, #23425
 720 004e FFF7FEFF 		bl	CyDmaTdSetAddress
 289:Generated_Source\PSoC5/Wave_DAC.c **** 	
 290:Generated_Source\PSoC5/Wave_DAC.c **** 	/* Associate the TD with the channel */
 291:Generated_Source\PSoC5/Wave_DAC.c **** 	(void)CyDmaChSetInitialTd(Wave_DAC_Wave2Chan, Wave_DAC_Wave2TD);
 721              		.loc 1 291 0
 722 0052 054B     		ldr	r3, .L19
 723 0054 1A78     		ldrb	r2, [r3]	@ zero_extendqisi2
 724 0056 054B     		ldr	r3, .L19+4
 725 0058 1B78     		ldrb	r3, [r3]	@ zero_extendqisi2
 726 005a 1046     		mov	r0, r2
 727 005c 1946     		mov	r1, r3
 728 005e FFF7FEFF 		bl	CyDmaChSetInitialTd
 292:Generated_Source\PSoC5/Wave_DAC.c **** }
 729              		.loc 1 292 0
 730 0062 0837     		adds	r7, r7, #8
 731              		.cfi_def_cfa_offset 8
 732 0064 BD46     		mov	sp, r7
ARM GAS  C:\Users\Greg\AppData\Local\Temp\cc6w7vtq.s 			page 19


 733              		.cfi_def_cfa_register 13
 734              		@ sp needed
 735 0066 80BD     		pop	{r7, pc}
 736              	.L20:
 737              		.align	2
 738              	.L19:
 739 0068 02000000 		.word	Wave_DAC_Wave2Chan
 740 006c 04000000 		.word	Wave_DAC_Wave2TD
 741              		.cfi_endproc
 742              	.LFE6:
 743              		.size	Wave_DAC_Wave2Setup, .-Wave_DAC_Wave2Setup
 744              		.text
 745              	.Letext0:
 746              		.file 2 "Generated_Source\\PSoC5\\cytypes.h"
 747              		.section	.debug_info,"",%progbits
 748              	.Ldebug_info0:
 749 0000 4D020000 		.4byte	0x24d
 750 0004 0400     		.2byte	0x4
 751 0006 00000000 		.4byte	.Ldebug_abbrev0
 752 000a 04       		.byte	0x4
 753 000b 01       		.uleb128 0x1
 754 000c 13010000 		.4byte	.LASF36
 755 0010 01       		.byte	0x1
 756 0011 97020000 		.4byte	.LASF37
 757 0015 09020000 		.4byte	.LASF38
 758 0019 00000000 		.4byte	.Ldebug_ranges0+0
 759 001d 00000000 		.4byte	0
 760 0021 00000000 		.4byte	.Ldebug_line0
 761 0025 02       		.uleb128 0x2
 762 0026 01       		.byte	0x1
 763 0027 06       		.byte	0x6
 764 0028 D3020000 		.4byte	.LASF0
 765 002c 02       		.uleb128 0x2
 766 002d 01       		.byte	0x1
 767 002e 08       		.byte	0x8
 768 002f 05010000 		.4byte	.LASF1
 769 0033 02       		.uleb128 0x2
 770 0034 02       		.byte	0x2
 771 0035 05       		.byte	0x5
 772 0036 8D020000 		.4byte	.LASF2
 773 003a 02       		.uleb128 0x2
 774 003b 02       		.byte	0x2
 775 003c 07       		.byte	0x7
 776 003d 47000000 		.4byte	.LASF3
 777 0041 02       		.uleb128 0x2
 778 0042 04       		.byte	0x4
 779 0043 05       		.byte	0x5
 780 0044 CA020000 		.4byte	.LASF4
 781 0048 02       		.uleb128 0x2
 782 0049 04       		.byte	0x4
 783 004a 07       		.byte	0x7
 784 004b BF000000 		.4byte	.LASF5
 785 004f 02       		.uleb128 0x2
 786 0050 08       		.byte	0x8
 787 0051 05       		.byte	0x5
 788 0052 66020000 		.4byte	.LASF6
 789 0056 02       		.uleb128 0x2
ARM GAS  C:\Users\Greg\AppData\Local\Temp\cc6w7vtq.s 			page 20


 790 0057 08       		.byte	0x8
 791 0058 07       		.byte	0x7
 792 0059 F2010000 		.4byte	.LASF7
 793 005d 03       		.uleb128 0x3
 794 005e 04       		.byte	0x4
 795 005f 05       		.byte	0x5
 796 0060 696E7400 		.ascii	"int\000"
 797 0064 02       		.uleb128 0x2
 798 0065 04       		.byte	0x4
 799 0066 07       		.byte	0x7
 800 0067 E5010000 		.4byte	.LASF8
 801 006b 04       		.uleb128 0x4
 802 006c D9000000 		.4byte	.LASF9
 803 0070 02       		.byte	0x2
 804 0071 9201     		.2byte	0x192
 805 0073 2C000000 		.4byte	0x2c
 806 0077 04       		.uleb128 0x4
 807 0078 B9010000 		.4byte	.LASF10
 808 007c 02       		.byte	0x2
 809 007d 9301     		.2byte	0x193
 810 007f 3A000000 		.4byte	0x3a
 811 0083 04       		.uleb128 0x4
 812 0084 C0010000 		.4byte	.LASF11
 813 0088 02       		.byte	0x2
 814 0089 9401     		.2byte	0x194
 815 008b 48000000 		.4byte	0x48
 816 008f 02       		.uleb128 0x2
 817 0090 04       		.byte	0x4
 818 0091 04       		.byte	0x4
 819 0092 8B000000 		.4byte	.LASF12
 820 0096 02       		.uleb128 0x2
 821 0097 08       		.byte	0x8
 822 0098 04       		.byte	0x4
 823 0099 A1010000 		.4byte	.LASF13
 824 009d 02       		.uleb128 0x2
 825 009e 01       		.byte	0x1
 826 009f 08       		.byte	0x8
 827 00a0 74020000 		.4byte	.LASF14
 828 00a4 02       		.uleb128 0x2
 829 00a5 04       		.byte	0x4
 830 00a6 07       		.byte	0x7
 831 00a7 5D020000 		.4byte	.LASF15
 832 00ab 05       		.uleb128 0x5
 833 00ac 7D000000 		.4byte	.LASF16
 834 00b0 01       		.byte	0x1
 835 00b1 2B       		.byte	0x2b
 836 00b2 00000000 		.4byte	.LFB0
 837 00b6 50000000 		.4byte	.LFE0-.LFB0
 838 00ba 01       		.uleb128 0x1
 839 00bb 9C       		.byte	0x9c
 840 00bc 05       		.uleb128 0x5
 841 00bd AF000000 		.4byte	.LASF17
 842 00c1 01       		.byte	0x1
 843 00c2 56       		.byte	0x56
 844 00c3 00000000 		.4byte	.LFB1
 845 00c7 30000000 		.4byte	.LFE1-.LFB1
 846 00cb 01       		.uleb128 0x1
ARM GAS  C:\Users\Greg\AppData\Local\Temp\cc6w7vtq.s 			page 21


 847 00cc 9C       		.byte	0x9c
 848 00cd 05       		.uleb128 0x5
 849 00ce 27000000 		.4byte	.LASF18
 850 00d2 01       		.byte	0x1
 851 00d3 81       		.byte	0x81
 852 00d4 00000000 		.4byte	.LFB2
 853 00d8 20000000 		.4byte	.LFE2-.LFB2
 854 00dc 01       		.uleb128 0x1
 855 00dd 9C       		.byte	0x9c
 856 00de 06       		.uleb128 0x6
 857 00df 5A000000 		.4byte	.LASF24
 858 00e3 01       		.byte	0x1
 859 00e4 A3       		.byte	0xa3
 860 00e5 00000000 		.4byte	.LFB3
 861 00e9 32000000 		.4byte	.LFE3-.LFB3
 862 00ed 01       		.uleb128 0x1
 863 00ee 9C       		.byte	0x9c
 864 00ef 2C010000 		.4byte	0x12c
 865 00f3 07       		.uleb128 0x7
 866 00f4 6B000000 		.4byte	.LASF19
 867 00f8 01       		.byte	0x1
 868 00f9 A3       		.byte	0xa3
 869 00fa 2C010000 		.4byte	0x12c
 870 00fe 02       		.uleb128 0x2
 871 00ff 91       		.byte	0x91
 872 0100 74       		.sleb128 -12
 873 0101 07       		.uleb128 0x7
 874 0102 ED000000 		.4byte	.LASF20
 875 0106 01       		.byte	0x1
 876 0107 A3       		.byte	0xa3
 877 0108 77000000 		.4byte	0x77
 878 010c 02       		.uleb128 0x2
 879 010d 91       		.byte	0x91
 880 010e 72       		.sleb128 -14
 881 010f 07       		.uleb128 0x7
 882 0110 74000000 		.4byte	.LASF21
 883 0114 01       		.byte	0x1
 884 0115 A3       		.byte	0xa3
 885 0116 2C010000 		.4byte	0x12c
 886 011a 02       		.uleb128 0x2
 887 011b 91       		.byte	0x91
 888 011c 6C       		.sleb128 -20
 889 011d 07       		.uleb128 0x7
 890 011e F9000000 		.4byte	.LASF22
 891 0122 01       		.byte	0x1
 892 0123 A3       		.byte	0xa3
 893 0124 77000000 		.4byte	0x77
 894 0128 02       		.uleb128 0x2
 895 0129 91       		.byte	0x91
 896 012a 70       		.sleb128 -16
 897 012b 00       		.byte	0
 898 012c 08       		.uleb128 0x8
 899 012d 04       		.byte	0x4
 900 012e 32010000 		.4byte	0x132
 901 0132 09       		.uleb128 0x9
 902 0133 6B000000 		.4byte	0x6b
 903 0137 05       		.uleb128 0x5
ARM GAS  C:\Users\Greg\AppData\Local\Temp\cc6w7vtq.s 			page 22


 904 0138 DF000000 		.4byte	.LASF23
 905 013c 01       		.byte	0x1
 906 013d BB       		.byte	0xbb
 907 013e 00000000 		.4byte	.LFB4
 908 0142 28000000 		.4byte	.LFE4-.LFB4
 909 0146 01       		.uleb128 0x1
 910 0147 9C       		.byte	0x9c
 911 0148 06       		.uleb128 0x6
 912 0149 00000000 		.4byte	.LASF25
 913 014d 01       		.byte	0x1
 914 014e DA       		.byte	0xda
 915 014f 00000000 		.4byte	.LFB5
 916 0153 70000000 		.4byte	.LFE5-.LFB5
 917 0157 01       		.uleb128 0x1
 918 0158 9C       		.byte	0x9c
 919 0159 7A010000 		.4byte	0x17a
 920 015d 07       		.uleb128 0x7
 921 015e D1000000 		.4byte	.LASF26
 922 0162 01       		.byte	0x1
 923 0163 DA       		.byte	0xda
 924 0164 2C010000 		.4byte	0x12c
 925 0168 02       		.uleb128 0x2
 926 0169 91       		.byte	0x91
 927 016a 74       		.sleb128 -12
 928 016b 07       		.uleb128 0x7
 929 016c 91000000 		.4byte	.LASF27
 930 0170 01       		.byte	0x1
 931 0171 DA       		.byte	0xda
 932 0172 77000000 		.4byte	0x77
 933 0176 02       		.uleb128 0x2
 934 0177 91       		.byte	0x91
 935 0178 72       		.sleb128 -14
 936 0179 00       		.byte	0
 937 017a 0A       		.uleb128 0xa
 938 017b 79020000 		.4byte	.LASF28
 939 017f 01       		.byte	0x1
 940 0180 0801     		.2byte	0x108
 941 0182 00000000 		.4byte	.LFB6
 942 0186 70000000 		.4byte	.LFE6-.LFB6
 943 018a 01       		.uleb128 0x1
 944 018b 9C       		.byte	0x9c
 945 018c AF010000 		.4byte	0x1af
 946 0190 0B       		.uleb128 0xb
 947 0191 D1000000 		.4byte	.LASF26
 948 0195 01       		.byte	0x1
 949 0196 0801     		.2byte	0x108
 950 0198 2C010000 		.4byte	0x12c
 951 019c 02       		.uleb128 0x2
 952 019d 91       		.byte	0x91
 953 019e 74       		.sleb128 -12
 954 019f 0B       		.uleb128 0xb
 955 01a0 91000000 		.4byte	.LASF27
 956 01a4 01       		.byte	0x1
 957 01a5 0801     		.2byte	0x108
 958 01a7 77000000 		.4byte	0x77
 959 01ab 02       		.uleb128 0x2
 960 01ac 91       		.byte	0x91
ARM GAS  C:\Users\Greg\AppData\Local\Temp\cc6w7vtq.s 			page 23


 961 01ad 72       		.sleb128 -14
 962 01ae 00       		.byte	0
 963 01af 0C       		.uleb128 0xc
 964 01b0 14000000 		.4byte	.LASF29
 965 01b4 01       		.byte	0x1
 966 01b5 17       		.byte	0x17
 967 01b6 6B000000 		.4byte	0x6b
 968 01ba 05       		.uleb128 0x5
 969 01bb 03       		.byte	0x3
 970 01bc 01000000 		.4byte	Wave_DAC_Wave1Chan
 971 01c0 0C       		.uleb128 0xc
 972 01c1 9C000000 		.4byte	.LASF30
 973 01c5 01       		.byte	0x1
 974 01c6 18       		.byte	0x18
 975 01c7 6B000000 		.4byte	0x6b
 976 01cb 05       		.uleb128 0x5
 977 01cc 03       		.byte	0x3
 978 01cd 02000000 		.4byte	Wave_DAC_Wave2Chan
 979 01d1 0C       		.uleb128 0xc
 980 01d2 36000000 		.4byte	.LASF31
 981 01d6 01       		.byte	0x1
 982 01d7 19       		.byte	0x19
 983 01d8 6B000000 		.4byte	0x6b
 984 01dc 05       		.uleb128 0x5
 985 01dd 03       		.byte	0x3
 986 01de 03000000 		.4byte	Wave_DAC_Wave1TD
 987 01e2 0C       		.uleb128 0xc
 988 01e3 A8010000 		.4byte	.LASF32
 989 01e7 01       		.byte	0x1
 990 01e8 1A       		.byte	0x1a
 991 01e9 6B000000 		.4byte	0x6b
 992 01ed 05       		.uleb128 0x5
 993 01ee 03       		.byte	0x3
 994 01ef 04000000 		.4byte	Wave_DAC_Wave2TD
 995 01f3 0D       		.uleb128 0xd
 996 01f4 B9020000 		.4byte	.LASF33
 997 01f8 01       		.byte	0x1
 998 01f9 12       		.byte	0x12
 999 01fa 6B000000 		.4byte	0x6b
 1000 01fe 05       		.uleb128 0x5
 1001 01ff 03       		.byte	0x3
 1002 0200 00000000 		.4byte	Wave_DAC_initVar
 1003 0204 0E       		.uleb128 0xe
 1004 0205 6B000000 		.4byte	0x6b
 1005 0209 14020000 		.4byte	0x214
 1006 020d 0F       		.uleb128 0xf
 1007 020e A4000000 		.4byte	0xa4
 1008 0212 FF       		.byte	0xff
 1009 0213 00       		.byte	0
 1010 0214 0D       		.uleb128 0xd
 1011 0215 C7010000 		.4byte	.LASF34
 1012 0219 01       		.byte	0x1
 1013 021a 14       		.byte	0x14
 1014 021b 25020000 		.4byte	0x225
 1015 021f 05       		.uleb128 0x5
 1016 0220 03       		.byte	0x3
 1017 0221 00000000 		.4byte	Wave_DAC_wave1
ARM GAS  C:\Users\Greg\AppData\Local\Temp\cc6w7vtq.s 			page 24


 1018 0225 09       		.uleb128 0x9
 1019 0226 04020000 		.4byte	0x204
 1020 022a 0E       		.uleb128 0xe
 1021 022b 6B000000 		.4byte	0x6b
 1022 022f 3A020000 		.4byte	0x23a
 1023 0233 0F       		.uleb128 0xf
 1024 0234 A4000000 		.4byte	0xa4
 1025 0238 31       		.byte	0x31
 1026 0239 00       		.byte	0
 1027 023a 0D       		.uleb128 0xd
 1028 023b D6010000 		.4byte	.LASF35
 1029 023f 01       		.byte	0x1
 1030 0240 15       		.byte	0x15
 1031 0241 4B020000 		.4byte	0x24b
 1032 0245 05       		.uleb128 0x5
 1033 0246 03       		.byte	0x3
 1034 0247 00000000 		.4byte	Wave_DAC_wave2
 1035 024b 09       		.uleb128 0x9
 1036 024c 2A020000 		.4byte	0x22a
 1037 0250 00       		.byte	0
 1038              		.section	.debug_abbrev,"",%progbits
 1039              	.Ldebug_abbrev0:
 1040 0000 01       		.uleb128 0x1
 1041 0001 11       		.uleb128 0x11
 1042 0002 01       		.byte	0x1
 1043 0003 25       		.uleb128 0x25
 1044 0004 0E       		.uleb128 0xe
 1045 0005 13       		.uleb128 0x13
 1046 0006 0B       		.uleb128 0xb
 1047 0007 03       		.uleb128 0x3
 1048 0008 0E       		.uleb128 0xe
 1049 0009 1B       		.uleb128 0x1b
 1050 000a 0E       		.uleb128 0xe
 1051 000b 55       		.uleb128 0x55
 1052 000c 17       		.uleb128 0x17
 1053 000d 11       		.uleb128 0x11
 1054 000e 01       		.uleb128 0x1
 1055 000f 10       		.uleb128 0x10
 1056 0010 17       		.uleb128 0x17
 1057 0011 00       		.byte	0
 1058 0012 00       		.byte	0
 1059 0013 02       		.uleb128 0x2
 1060 0014 24       		.uleb128 0x24
 1061 0015 00       		.byte	0
 1062 0016 0B       		.uleb128 0xb
 1063 0017 0B       		.uleb128 0xb
 1064 0018 3E       		.uleb128 0x3e
 1065 0019 0B       		.uleb128 0xb
 1066 001a 03       		.uleb128 0x3
 1067 001b 0E       		.uleb128 0xe
 1068 001c 00       		.byte	0
 1069 001d 00       		.byte	0
 1070 001e 03       		.uleb128 0x3
 1071 001f 24       		.uleb128 0x24
 1072 0020 00       		.byte	0
 1073 0021 0B       		.uleb128 0xb
 1074 0022 0B       		.uleb128 0xb
ARM GAS  C:\Users\Greg\AppData\Local\Temp\cc6w7vtq.s 			page 25


 1075 0023 3E       		.uleb128 0x3e
 1076 0024 0B       		.uleb128 0xb
 1077 0025 03       		.uleb128 0x3
 1078 0026 08       		.uleb128 0x8
 1079 0027 00       		.byte	0
 1080 0028 00       		.byte	0
 1081 0029 04       		.uleb128 0x4
 1082 002a 16       		.uleb128 0x16
 1083 002b 00       		.byte	0
 1084 002c 03       		.uleb128 0x3
 1085 002d 0E       		.uleb128 0xe
 1086 002e 3A       		.uleb128 0x3a
 1087 002f 0B       		.uleb128 0xb
 1088 0030 3B       		.uleb128 0x3b
 1089 0031 05       		.uleb128 0x5
 1090 0032 49       		.uleb128 0x49
 1091 0033 13       		.uleb128 0x13
 1092 0034 00       		.byte	0
 1093 0035 00       		.byte	0
 1094 0036 05       		.uleb128 0x5
 1095 0037 2E       		.uleb128 0x2e
 1096 0038 00       		.byte	0
 1097 0039 3F       		.uleb128 0x3f
 1098 003a 19       		.uleb128 0x19
 1099 003b 03       		.uleb128 0x3
 1100 003c 0E       		.uleb128 0xe
 1101 003d 3A       		.uleb128 0x3a
 1102 003e 0B       		.uleb128 0xb
 1103 003f 3B       		.uleb128 0x3b
 1104 0040 0B       		.uleb128 0xb
 1105 0041 27       		.uleb128 0x27
 1106 0042 19       		.uleb128 0x19
 1107 0043 11       		.uleb128 0x11
 1108 0044 01       		.uleb128 0x1
 1109 0045 12       		.uleb128 0x12
 1110 0046 06       		.uleb128 0x6
 1111 0047 40       		.uleb128 0x40
 1112 0048 18       		.uleb128 0x18
 1113 0049 9642     		.uleb128 0x2116
 1114 004b 19       		.uleb128 0x19
 1115 004c 00       		.byte	0
 1116 004d 00       		.byte	0
 1117 004e 06       		.uleb128 0x6
 1118 004f 2E       		.uleb128 0x2e
 1119 0050 01       		.byte	0x1
 1120 0051 3F       		.uleb128 0x3f
 1121 0052 19       		.uleb128 0x19
 1122 0053 03       		.uleb128 0x3
 1123 0054 0E       		.uleb128 0xe
 1124 0055 3A       		.uleb128 0x3a
 1125 0056 0B       		.uleb128 0xb
 1126 0057 3B       		.uleb128 0x3b
 1127 0058 0B       		.uleb128 0xb
 1128 0059 27       		.uleb128 0x27
 1129 005a 19       		.uleb128 0x19
 1130 005b 11       		.uleb128 0x11
 1131 005c 01       		.uleb128 0x1
ARM GAS  C:\Users\Greg\AppData\Local\Temp\cc6w7vtq.s 			page 26


 1132 005d 12       		.uleb128 0x12
 1133 005e 06       		.uleb128 0x6
 1134 005f 40       		.uleb128 0x40
 1135 0060 18       		.uleb128 0x18
 1136 0061 9642     		.uleb128 0x2116
 1137 0063 19       		.uleb128 0x19
 1138 0064 01       		.uleb128 0x1
 1139 0065 13       		.uleb128 0x13
 1140 0066 00       		.byte	0
 1141 0067 00       		.byte	0
 1142 0068 07       		.uleb128 0x7
 1143 0069 05       		.uleb128 0x5
 1144 006a 00       		.byte	0
 1145 006b 03       		.uleb128 0x3
 1146 006c 0E       		.uleb128 0xe
 1147 006d 3A       		.uleb128 0x3a
 1148 006e 0B       		.uleb128 0xb
 1149 006f 3B       		.uleb128 0x3b
 1150 0070 0B       		.uleb128 0xb
 1151 0071 49       		.uleb128 0x49
 1152 0072 13       		.uleb128 0x13
 1153 0073 02       		.uleb128 0x2
 1154 0074 18       		.uleb128 0x18
 1155 0075 00       		.byte	0
 1156 0076 00       		.byte	0
 1157 0077 08       		.uleb128 0x8
 1158 0078 0F       		.uleb128 0xf
 1159 0079 00       		.byte	0
 1160 007a 0B       		.uleb128 0xb
 1161 007b 0B       		.uleb128 0xb
 1162 007c 49       		.uleb128 0x49
 1163 007d 13       		.uleb128 0x13
 1164 007e 00       		.byte	0
 1165 007f 00       		.byte	0
 1166 0080 09       		.uleb128 0x9
 1167 0081 26       		.uleb128 0x26
 1168 0082 00       		.byte	0
 1169 0083 49       		.uleb128 0x49
 1170 0084 13       		.uleb128 0x13
 1171 0085 00       		.byte	0
 1172 0086 00       		.byte	0
 1173 0087 0A       		.uleb128 0xa
 1174 0088 2E       		.uleb128 0x2e
 1175 0089 01       		.byte	0x1
 1176 008a 3F       		.uleb128 0x3f
 1177 008b 19       		.uleb128 0x19
 1178 008c 03       		.uleb128 0x3
 1179 008d 0E       		.uleb128 0xe
 1180 008e 3A       		.uleb128 0x3a
 1181 008f 0B       		.uleb128 0xb
 1182 0090 3B       		.uleb128 0x3b
 1183 0091 05       		.uleb128 0x5
 1184 0092 27       		.uleb128 0x27
 1185 0093 19       		.uleb128 0x19
 1186 0094 11       		.uleb128 0x11
 1187 0095 01       		.uleb128 0x1
 1188 0096 12       		.uleb128 0x12
ARM GAS  C:\Users\Greg\AppData\Local\Temp\cc6w7vtq.s 			page 27


 1189 0097 06       		.uleb128 0x6
 1190 0098 40       		.uleb128 0x40
 1191 0099 18       		.uleb128 0x18
 1192 009a 9642     		.uleb128 0x2116
 1193 009c 19       		.uleb128 0x19
 1194 009d 01       		.uleb128 0x1
 1195 009e 13       		.uleb128 0x13
 1196 009f 00       		.byte	0
 1197 00a0 00       		.byte	0
 1198 00a1 0B       		.uleb128 0xb
 1199 00a2 05       		.uleb128 0x5
 1200 00a3 00       		.byte	0
 1201 00a4 03       		.uleb128 0x3
 1202 00a5 0E       		.uleb128 0xe
 1203 00a6 3A       		.uleb128 0x3a
 1204 00a7 0B       		.uleb128 0xb
 1205 00a8 3B       		.uleb128 0x3b
 1206 00a9 05       		.uleb128 0x5
 1207 00aa 49       		.uleb128 0x49
 1208 00ab 13       		.uleb128 0x13
 1209 00ac 02       		.uleb128 0x2
 1210 00ad 18       		.uleb128 0x18
 1211 00ae 00       		.byte	0
 1212 00af 00       		.byte	0
 1213 00b0 0C       		.uleb128 0xc
 1214 00b1 34       		.uleb128 0x34
 1215 00b2 00       		.byte	0
 1216 00b3 03       		.uleb128 0x3
 1217 00b4 0E       		.uleb128 0xe
 1218 00b5 3A       		.uleb128 0x3a
 1219 00b6 0B       		.uleb128 0xb
 1220 00b7 3B       		.uleb128 0x3b
 1221 00b8 0B       		.uleb128 0xb
 1222 00b9 49       		.uleb128 0x49
 1223 00ba 13       		.uleb128 0x13
 1224 00bb 02       		.uleb128 0x2
 1225 00bc 18       		.uleb128 0x18
 1226 00bd 00       		.byte	0
 1227 00be 00       		.byte	0
 1228 00bf 0D       		.uleb128 0xd
 1229 00c0 34       		.uleb128 0x34
 1230 00c1 00       		.byte	0
 1231 00c2 03       		.uleb128 0x3
 1232 00c3 0E       		.uleb128 0xe
 1233 00c4 3A       		.uleb128 0x3a
 1234 00c5 0B       		.uleb128 0xb
 1235 00c6 3B       		.uleb128 0x3b
 1236 00c7 0B       		.uleb128 0xb
 1237 00c8 49       		.uleb128 0x49
 1238 00c9 13       		.uleb128 0x13
 1239 00ca 3F       		.uleb128 0x3f
 1240 00cb 19       		.uleb128 0x19
 1241 00cc 02       		.uleb128 0x2
 1242 00cd 18       		.uleb128 0x18
 1243 00ce 00       		.byte	0
 1244 00cf 00       		.byte	0
 1245 00d0 0E       		.uleb128 0xe
ARM GAS  C:\Users\Greg\AppData\Local\Temp\cc6w7vtq.s 			page 28


 1246 00d1 01       		.uleb128 0x1
 1247 00d2 01       		.byte	0x1
 1248 00d3 49       		.uleb128 0x49
 1249 00d4 13       		.uleb128 0x13
 1250 00d5 01       		.uleb128 0x1
 1251 00d6 13       		.uleb128 0x13
 1252 00d7 00       		.byte	0
 1253 00d8 00       		.byte	0
 1254 00d9 0F       		.uleb128 0xf
 1255 00da 21       		.uleb128 0x21
 1256 00db 00       		.byte	0
 1257 00dc 49       		.uleb128 0x49
 1258 00dd 13       		.uleb128 0x13
 1259 00de 2F       		.uleb128 0x2f
 1260 00df 0B       		.uleb128 0xb
 1261 00e0 00       		.byte	0
 1262 00e1 00       		.byte	0
 1263 00e2 00       		.byte	0
 1264              		.section	.debug_aranges,"",%progbits
 1265 0000 4C000000 		.4byte	0x4c
 1266 0004 0200     		.2byte	0x2
 1267 0006 00000000 		.4byte	.Ldebug_info0
 1268 000a 04       		.byte	0x4
 1269 000b 00       		.byte	0
 1270 000c 0000     		.2byte	0
 1271 000e 0000     		.2byte	0
 1272 0010 00000000 		.4byte	.LFB0
 1273 0014 50000000 		.4byte	.LFE0-.LFB0
 1274 0018 00000000 		.4byte	.LFB1
 1275 001c 30000000 		.4byte	.LFE1-.LFB1
 1276 0020 00000000 		.4byte	.LFB2
 1277 0024 20000000 		.4byte	.LFE2-.LFB2
 1278 0028 00000000 		.4byte	.LFB3
 1279 002c 32000000 		.4byte	.LFE3-.LFB3
 1280 0030 00000000 		.4byte	.LFB4
 1281 0034 28000000 		.4byte	.LFE4-.LFB4
 1282 0038 00000000 		.4byte	.LFB5
 1283 003c 70000000 		.4byte	.LFE5-.LFB5
 1284 0040 00000000 		.4byte	.LFB6
 1285 0044 70000000 		.4byte	.LFE6-.LFB6
 1286 0048 00000000 		.4byte	0
 1287 004c 00000000 		.4byte	0
 1288              		.section	.debug_ranges,"",%progbits
 1289              	.Ldebug_ranges0:
 1290 0000 00000000 		.4byte	.LFB0
 1291 0004 50000000 		.4byte	.LFE0
 1292 0008 00000000 		.4byte	.LFB1
 1293 000c 30000000 		.4byte	.LFE1
 1294 0010 00000000 		.4byte	.LFB2
 1295 0014 20000000 		.4byte	.LFE2
 1296 0018 00000000 		.4byte	.LFB3
 1297 001c 32000000 		.4byte	.LFE3
 1298 0020 00000000 		.4byte	.LFB4
 1299 0024 28000000 		.4byte	.LFE4
 1300 0028 00000000 		.4byte	.LFB5
 1301 002c 70000000 		.4byte	.LFE5
 1302 0030 00000000 		.4byte	.LFB6
ARM GAS  C:\Users\Greg\AppData\Local\Temp\cc6w7vtq.s 			page 29


 1303 0034 70000000 		.4byte	.LFE6
 1304 0038 00000000 		.4byte	0
 1305 003c 00000000 		.4byte	0
 1306              		.section	.debug_line,"",%progbits
 1307              	.Ldebug_line0:
 1308 0000 EC000000 		.section	.debug_str,"MS",%progbits,1
 1308      02004500 
 1308      00000201 
 1308      FB0E0D00 
 1308      01010101 
 1309              	.LASF25:
 1310 0000 57617665 		.ascii	"Wave_DAC_Wave1Setup\000"
 1310      5F444143 
 1310      5F576176 
 1310      65315365 
 1310      74757000 
 1311              	.LASF29:
 1312 0014 57617665 		.ascii	"Wave_DAC_Wave1Chan\000"
 1312      5F444143 
 1312      5F576176 
 1312      65314368 
 1312      616E00
 1313              	.LASF18:
 1314 0027 57617665 		.ascii	"Wave_DAC_Start\000"
 1314      5F444143 
 1314      5F537461 
 1314      727400
 1315              	.LASF31:
 1316 0036 57617665 		.ascii	"Wave_DAC_Wave1TD\000"
 1316      5F444143 
 1316      5F576176 
 1316      65315444 
 1316      00
 1317              	.LASF3:
 1318 0047 73686F72 		.ascii	"short unsigned int\000"
 1318      7420756E 
 1318      7369676E 
 1318      65642069 
 1318      6E7400
 1319              	.LASF24:
 1320 005a 57617665 		.ascii	"Wave_DAC_StartEx\000"
 1320      5F444143 
 1320      5F537461 
 1320      72744578 
 1320      00
 1321              	.LASF19:
 1322 006b 77617665 		.ascii	"wavePtr1\000"
 1322      50747231 
 1322      00
 1323              	.LASF21:
 1324 0074 77617665 		.ascii	"wavePtr2\000"
 1324      50747232 
 1324      00
 1325              	.LASF16:
 1326 007d 57617665 		.ascii	"Wave_DAC_Init\000"
 1326      5F444143 
 1326      5F496E69 
ARM GAS  C:\Users\Greg\AppData\Local\Temp\cc6w7vtq.s 			page 30


 1326      7400
 1327              	.LASF12:
 1328 008b 666C6F61 		.ascii	"float\000"
 1328      7400
 1329              	.LASF27:
 1330 0091 73616D70 		.ascii	"sampleSize\000"
 1330      6C655369 
 1330      7A6500
 1331              	.LASF30:
 1332 009c 57617665 		.ascii	"Wave_DAC_Wave2Chan\000"
 1332      5F444143 
 1332      5F576176 
 1332      65324368 
 1332      616E00
 1333              	.LASF17:
 1334 00af 57617665 		.ascii	"Wave_DAC_Enable\000"
 1334      5F444143 
 1334      5F456E61 
 1334      626C6500 
 1335              	.LASF5:
 1336 00bf 6C6F6E67 		.ascii	"long unsigned int\000"
 1336      20756E73 
 1336      69676E65 
 1336      6420696E 
 1336      7400
 1337              	.LASF26:
 1338 00d1 77617665 		.ascii	"wavePtr\000"
 1338      50747200 
 1339              	.LASF9:
 1340 00d9 75696E74 		.ascii	"uint8\000"
 1340      3800
 1341              	.LASF23:
 1342 00df 57617665 		.ascii	"Wave_DAC_Stop\000"
 1342      5F444143 
 1342      5F53746F 
 1342      7000
 1343              	.LASF20:
 1344 00ed 73616D70 		.ascii	"sampleSize1\000"
 1344      6C655369 
 1344      7A653100 
 1345              	.LASF22:
 1346 00f9 73616D70 		.ascii	"sampleSize2\000"
 1346      6C655369 
 1346      7A653200 
 1347              	.LASF1:
 1348 0105 756E7369 		.ascii	"unsigned char\000"
 1348      676E6564 
 1348      20636861 
 1348      7200
 1349              	.LASF36:
 1350 0113 474E5520 		.ascii	"GNU C 4.9.3 20150303 (release) [ARM/embedded-4_9-br"
 1350      4320342E 
 1350      392E3320 
 1350      32303135 
 1350      30333033 
 1351 0146 616E6368 		.ascii	"anch revision 221220] -mcpu=cortex-m3 -mthumb -g -O"
 1351      20726576 
ARM GAS  C:\Users\Greg\AppData\Local\Temp\cc6w7vtq.s 			page 31


 1351      6973696F 
 1351      6E203232 
 1351      31323230 
 1352 0179 30202D66 		.ascii	"0 -ffunction-sections -ffat-lto-objects\000"
 1352      66756E63 
 1352      74696F6E 
 1352      2D736563 
 1352      74696F6E 
 1353              	.LASF13:
 1354 01a1 646F7562 		.ascii	"double\000"
 1354      6C6500
 1355              	.LASF32:
 1356 01a8 57617665 		.ascii	"Wave_DAC_Wave2TD\000"
 1356      5F444143 
 1356      5F576176 
 1356      65325444 
 1356      00
 1357              	.LASF10:
 1358 01b9 75696E74 		.ascii	"uint16\000"
 1358      313600
 1359              	.LASF11:
 1360 01c0 75696E74 		.ascii	"uint32\000"
 1360      333200
 1361              	.LASF34:
 1362 01c7 57617665 		.ascii	"Wave_DAC_wave1\000"
 1362      5F444143 
 1362      5F776176 
 1362      653100
 1363              	.LASF35:
 1364 01d6 57617665 		.ascii	"Wave_DAC_wave2\000"
 1364      5F444143 
 1364      5F776176 
 1364      653200
 1365              	.LASF8:
 1366 01e5 756E7369 		.ascii	"unsigned int\000"
 1366      676E6564 
 1366      20696E74 
 1366      00
 1367              	.LASF7:
 1368 01f2 6C6F6E67 		.ascii	"long long unsigned int\000"
 1368      206C6F6E 
 1368      6720756E 
 1368      7369676E 
 1368      65642069 
 1369              	.LASF38:
 1370 0209 433A5C53 		.ascii	"C:\\SVN\\apps\\trunk\\Cypress Academy\\PSoC-121-Ana"
 1370      564E5C61 
 1370      7070735C 
 1370      7472756E 
 1370      6B5C4379 
 1371 0237 6C6F675C 		.ascii	"log\\Scope\\KEES_Scope\\PSoC\\Scope.cydsn\000"
 1371      53636F70 
 1371      655C4B45 
 1371      45535F53 
 1371      636F7065 
 1372              	.LASF15:
 1373 025d 73697A65 		.ascii	"sizetype\000"
ARM GAS  C:\Users\Greg\AppData\Local\Temp\cc6w7vtq.s 			page 32


 1373      74797065 
 1373      00
 1374              	.LASF6:
 1375 0266 6C6F6E67 		.ascii	"long long int\000"
 1375      206C6F6E 
 1375      6720696E 
 1375      7400
 1376              	.LASF14:
 1377 0274 63686172 		.ascii	"char\000"
 1377      00
 1378              	.LASF28:
 1379 0279 57617665 		.ascii	"Wave_DAC_Wave2Setup\000"
 1379      5F444143 
 1379      5F576176 
 1379      65325365 
 1379      74757000 
 1380              	.LASF2:
 1381 028d 73686F72 		.ascii	"short int\000"
 1381      7420696E 
 1381      7400
 1382              	.LASF37:
 1383 0297 47656E65 		.ascii	"Generated_Source\\PSoC5\\Wave_DAC.c\000"
 1383      72617465 
 1383      645F536F 
 1383      75726365 
 1383      5C50536F 
 1384              	.LASF33:
 1385 02b9 57617665 		.ascii	"Wave_DAC_initVar\000"
 1385      5F444143 
 1385      5F696E69 
 1385      74566172 
 1385      00
 1386              	.LASF4:
 1387 02ca 6C6F6E67 		.ascii	"long int\000"
 1387      20696E74 
 1387      00
 1388              	.LASF0:
 1389 02d3 7369676E 		.ascii	"signed char\000"
 1389      65642063 
 1389      68617200 
 1390              		.ident	"GCC: (GNU Tools for ARM Embedded Processors) 4.9.3 20150303 (release) [ARM/embedded-4_9-br
